Archive member included to satisfy reference by file (symbol)

F:/Users/roger.nicolas/workspace/stm32cubeide/NUCLEO-L476RG_DFSDM_PDM-Mic/Drivers/CMSIS/Lib/GCC\libarm_cortexM4lf_math.a(arm_max_f32.o)
                              Core/Src/main.o (arm_max_f32)
F:/Users/roger.nicolas/workspace/stm32cubeide/NUCLEO-L476RG_DFSDM_PDM-Mic/Drivers/CMSIS/Lib/GCC\libarm_cortexM4lf_math.a(arm_rfft_fast_init_f32.o)
                              Core/Src/main.o (arm_rfft_fast_init_f32)
F:/Users/roger.nicolas/workspace/stm32cubeide/NUCLEO-L476RG_DFSDM_PDM-Mic/Drivers/CMSIS/Lib/GCC\libarm_cortexM4lf_math.a(arm_rfft_fast_f32.o)
                              Core/Src/main.o (arm_rfft_fast_f32)
F:/Users/roger.nicolas/workspace/stm32cubeide/NUCLEO-L476RG_DFSDM_PDM-Mic/Drivers/CMSIS/Lib/GCC\libarm_cortexM4lf_math.a(arm_cfft_f32.o)
                              F:/Users/roger.nicolas/workspace/stm32cubeide/NUCLEO-L476RG_DFSDM_PDM-Mic/Drivers/CMSIS/Lib/GCC\libarm_cortexM4lf_math.a(arm_rfft_fast_f32.o) (arm_cfft_f32)
F:/Users/roger.nicolas/workspace/stm32cubeide/NUCLEO-L476RG_DFSDM_PDM-Mic/Drivers/CMSIS/Lib/GCC\libarm_cortexM4lf_math.a(arm_bitreversal2.o)
                              F:/Users/roger.nicolas/workspace/stm32cubeide/NUCLEO-L476RG_DFSDM_PDM-Mic/Drivers/CMSIS/Lib/GCC\libarm_cortexM4lf_math.a(arm_cfft_f32.o) (arm_bitreversal_32)
F:/Users/roger.nicolas/workspace/stm32cubeide/NUCLEO-L476RG_DFSDM_PDM-Mic/Drivers/CMSIS/Lib/GCC\libarm_cortexM4lf_math.a(arm_cmplx_mag_f32.o)
                              Core/Src/main.o (arm_cmplx_mag_f32)
F:/Users/roger.nicolas/workspace/stm32cubeide/NUCLEO-L476RG_DFSDM_PDM-Mic/Drivers/CMSIS/Lib/GCC\libarm_cortexM4lf_math.a(arm_cos_f32.o)
                              Core/Src/main.o (arm_cos_f32)
F:/Users/roger.nicolas/workspace/stm32cubeide/NUCLEO-L476RG_DFSDM_PDM-Mic/Drivers/CMSIS/Lib/GCC\libarm_cortexM4lf_math.a(arm_scale_f32.o)
                              Core/Src/main.o (arm_scale_f32)
F:/Users/roger.nicolas/workspace/stm32cubeide/NUCLEO-L476RG_DFSDM_PDM-Mic/Drivers/CMSIS/Lib/GCC\libarm_cortexM4lf_math.a(arm_mult_f32.o)
                              Core/Src/main.o (arm_mult_f32)
F:/Users/roger.nicolas/workspace/stm32cubeide/NUCLEO-L476RG_DFSDM_PDM-Mic/Drivers/CMSIS/Lib/GCC\libarm_cortexM4lf_math.a(arm_common_tables.o)
                              F:/Users/roger.nicolas/workspace/stm32cubeide/NUCLEO-L476RG_DFSDM_PDM-Mic/Drivers/CMSIS/Lib/GCC\libarm_cortexM4lf_math.a(arm_cos_f32.o) (sinTable_f32)
F:/Users/roger.nicolas/workspace/stm32cubeide/NUCLEO-L476RG_DFSDM_PDM-Mic/Drivers/CMSIS/Lib/GCC\libarm_cortexM4lf_math.a(arm_cfft_radix8_f32.o)
                              F:/Users/roger.nicolas/workspace/stm32cubeide/NUCLEO-L476RG_DFSDM_PDM-Mic/Drivers/CMSIS/Lib/GCC\libarm_cortexM4lf_math.a(arm_cfft_f32.o) (arm_radix8_butterfly_f32)
f:/st/stm32cubeide_1.5.1/stm32cubeide/plugins/com.st.stm32cube.ide.mcu.externaltools.gnu-tools-for-stm32.9-2020-q2-update.win32_1.5.0.202011040924/tools/bin/../lib/gcc/arm-none-eabi/9.3.1/../../../../arm-none-eabi/lib/thumb/v7e-m+fp/hard\libm.a(lib_a-wf_log10.o)
                              Core/Src/main.o (log10f)
f:/st/stm32cubeide_1.5.1/stm32cubeide/plugins/com.st.stm32cube.ide.mcu.externaltools.gnu-tools-for-stm32.9-2020-q2-update.win32_1.5.0.202011040924/tools/bin/../lib/gcc/arm-none-eabi/9.3.1/../../../../arm-none-eabi/lib/thumb/v7e-m+fp/hard\libm.a(lib_a-wf_sqrt.o)
                              F:/Users/roger.nicolas/workspace/stm32cubeide/NUCLEO-L476RG_DFSDM_PDM-Mic/Drivers/CMSIS/Lib/GCC\libarm_cortexM4lf_math.a(arm_cmplx_mag_f32.o) (sqrtf)
f:/st/stm32cubeide_1.5.1/stm32cubeide/plugins/com.st.stm32cube.ide.mcu.externaltools.gnu-tools-for-stm32.9-2020-q2-update.win32_1.5.0.202011040924/tools/bin/../lib/gcc/arm-none-eabi/9.3.1/../../../../arm-none-eabi/lib/thumb/v7e-m+fp/hard\libm.a(lib_a-ef_log10.o)
                              f:/st/stm32cubeide_1.5.1/stm32cubeide/plugins/com.st.stm32cube.ide.mcu.externaltools.gnu-tools-for-stm32.9-2020-q2-update.win32_1.5.0.202011040924/tools/bin/../lib/gcc/arm-none-eabi/9.3.1/../../../../arm-none-eabi/lib/thumb/v7e-m+fp/hard\libm.a(lib_a-wf_log10.o) (__ieee754_log10f)
f:/st/stm32cubeide_1.5.1/stm32cubeide/plugins/com.st.stm32cube.ide.mcu.externaltools.gnu-tools-for-stm32.9-2020-q2-update.win32_1.5.0.202011040924/tools/bin/../lib/gcc/arm-none-eabi/9.3.1/../../../../arm-none-eabi/lib/thumb/v7e-m+fp/hard\libm.a(lib_a-ef_sqrt.o)
                              f:/st/stm32cubeide_1.5.1/stm32cubeide/plugins/com.st.stm32cube.ide.mcu.externaltools.gnu-tools-for-stm32.9-2020-q2-update.win32_1.5.0.202011040924/tools/bin/../lib/gcc/arm-none-eabi/9.3.1/../../../../arm-none-eabi/lib/thumb/v7e-m+fp/hard\libm.a(lib_a-wf_sqrt.o) (__ieee754_sqrtf)
f:/st/stm32cubeide_1.5.1/stm32cubeide/plugins/com.st.stm32cube.ide.mcu.externaltools.gnu-tools-for-stm32.9-2020-q2-update.win32_1.5.0.202011040924/tools/bin/../lib/gcc/arm-none-eabi/9.3.1/../../../../arm-none-eabi/lib/thumb/v7e-m+fp/hard\libm.a(lib_a-s_lib_ver.o)
[...]
Memory Configuration

Name             Origin             Length             Attributes
RAM              0x0000000020000000 0x0000000000018000 xrw
RAM2             0x0000000010000000 0x0000000000008000 xrw
FLASH            0x0000000008000000 0x0000000000100000 xr
*default*        0x0000000000000000 0xffffffffffffffff

Linker script and memory map

LOAD f:/st/stm32cubeide_1.5.1/stm32cubeide/plugins/com.st.stm32cube.ide.mcu.externaltools.gnu-tools-for-stm32.9-2020-q2-update.win32_1.5.0.202011040924/tools/bin/../lib/gcc/arm-none-eabi/9.3.1/thumb/v7e-m+fp/hard/crti.o
LOAD f:/st/stm32cubeide_1.5.1/stm32cubeide/plugins/com.st.stm32cube.ide.mcu.externaltools.gnu-tools-for-stm32.9-2020-q2-update.win32_1.5.0.202011040924/tools/bin/../lib/gcc/arm-none-eabi/9.3.1/thumb/v7e-m+fp/hard/crtbegin.o
LOAD f:/st/stm32cubeide_1.5.1/stm32cubeide/plugins/com.st.stm32cube.ide.mcu.externaltools.gnu-tools-for-stm32.9-2020-q2-update.win32_1.5.0.202011040924/tools/bin/../lib/gcc/arm-none-eabi/9.3.1/../../../../arm-none-eabi/lib/thumb/v7e-m+fp/hard/crt0.o
LOAD Core/Src/dfsdm.o
LOAD Core/Src/dma.o
LOAD Core/Src/gpio.o
LOAD Core/Src/main.o
LOAD Core/Src/stm32l4xx_hal_msp.o
LOAD Core/Src/stm32l4xx_it.o
LOAD Core/Src/syscalls.o
LOAD Core/Src/sysmem.o
LOAD Core/Src/system_stm32l4xx.o
LOAD Core/Src/usart.o
LOAD Core/Startup/startup_stm32l476rgtx.o
LOAD Drivers/STM32L4xx_HAL_Driver/Src/stm32l4xx_hal.o
LOAD Drivers/STM32L4xx_HAL_Driver/Src/stm32l4xx_hal_cortex.o
LOAD Drivers/STM32L4xx_HAL_Driver/Src/stm32l4xx_hal_dfsdm.o
LOAD Drivers/STM32L4xx_HAL_Driver/Src/stm32l4xx_hal_dma.o
LOAD Drivers/STM32L4xx_HAL_Driver/Src/stm32l4xx_hal_dma_ex.o
LOAD Drivers/STM32L4xx_HAL_Driver/Src/stm32l4xx_hal_exti.o
LOAD Drivers/STM32L4xx_HAL_Driver/Src/stm32l4xx_hal_flash.o
LOAD Drivers/STM32L4xx_HAL_Driver/Src/stm32l4xx_hal_flash_ex.o
LOAD Drivers/STM32L4xx_HAL_Driver/Src/stm32l4xx_hal_flash_ramfunc.o
LOAD Drivers/STM32L4xx_HAL_Driver/Src/stm32l4xx_hal_gpio.o
LOAD Drivers/STM32L4xx_HAL_Driver/Src/stm32l4xx_hal_i2c.o
LOAD Drivers/STM32L4xx_HAL_Driver/Src/stm32l4xx_hal_i2c_ex.o
LOAD Drivers/STM32L4xx_HAL_Driver/Src/stm32l4xx_hal_pwr.o
LOAD Drivers/STM32L4xx_HAL_Driver/Src/stm32l4xx_hal_pwr_ex.o
LOAD Drivers/STM32L4xx_HAL_Driver/Src/stm32l4xx_hal_rcc.o
LOAD Drivers/STM32L4xx_HAL_Driver/Src/stm32l4xx_hal_rcc_ex.o
LOAD Drivers/STM32L4xx_HAL_Driver/Src/stm32l4xx_hal_tim.o
LOAD Drivers/STM32L4xx_HAL_Driver/Src/stm32l4xx_hal_tim_ex.o
LOAD Drivers/STM32L4xx_HAL_Driver/Src/stm32l4xx_hal_uart.o
LOAD Drivers/STM32L4xx_HAL_Driver/Src/stm32l4xx_hal_uart_ex.o
LOAD F:/Users/roger.nicolas/workspace/stm32cubeide/NUCLEO-L476RG_DFSDM_PDM-Mic/Drivers/CMSIS/Lib/GCC\libarm_cortexM4lf_math.a
LOAD f:/st/stm32cubeide_1.5.1/stm32cubeide/plugins/com.st.stm32cube.ide.mcu.externaltools.gnu-tools-for-stm32.9-2020-q2-update.win32_1.5.0.202011040924/tools/bin/../lib/gcc/arm-none-eabi/9.3.1/../../../../arm-none-eabi/lib/thumb/v7e-m+fp/hard\libm.a
START GROUP
LOAD F:/Users/roger.nicolas/workspace/stm32cubeide/NUCLEO-L476RG_DFSDM_PDM-Mic/Drivers/CMSIS/Lib/GCC\libarm_cortexM4lf_math.a
LOAD f:/st/stm32cubeide_1.5.1/stm32cubeide/plugins/com.st.stm32cube.ide.mcu.externaltools.gnu-tools-for-stm32.9-2020-q2-update.win32_1.5.0.202011040924/tools/bin/../lib/gcc/arm-none-eabi/9.3.1/../../../../arm-none-eabi/lib/thumb/v7e-m+fp/hard\libm.a
END GROUP
START GROUP
LOAD f:/st/stm32cubeide_1.5.1/stm32cubeide/plugins/com.st.stm32cube.ide.mcu.externaltools.gnu-tools-for-stm32.9-2020-q2-update.win32_1.5.0.202011040924/tools/bin/../lib/gcc/arm-none-eabi/9.3.1/../../../../arm-none-eabi/lib/thumb/v7e-m+fp/hard\libc_nano.a
LOAD f:/st/stm32cubeide_1.5.1/stm32cubeide/plugins/com.st.stm32cube.ide.mcu.externaltools.gnu-tools-for-stm32.9-2020-q2-update.win32_1.5.0.202011040924/tools/bin/../lib/gcc/arm-none-eabi/9.3.1/../../../../arm-none-eabi/lib/thumb/v7e-m+fp/hard\libm.a
END GROUP
START GROUP
LOAD f:/st/stm32cubeide_1.5.1/stm32cubeide/plugins/com.st.stm32cube.ide.mcu.externaltools.gnu-tools-for-stm32.9-2020-q2-update.win32_1.5.0.202011040924/tools/bin/../lib/gcc/arm-none-eabi/9.3.1/thumb/v7e-m+fp/hard\libgcc.a
LOAD f:/st/stm32cubeide_1.5.1/stm32cubeide/plugins/com.st.stm32cube.ide.mcu.externaltools.gnu-tools-for-stm32.9-2020-q2-update.win32_1.5.0.202011040924/tools/bin/../lib/gcc/arm-none-eabi/9.3.1/../../../../arm-none-eabi/lib/thumb/v7e-m+fp/hard\libc_nano.a
END GROUP
START GROUP
LOAD f:/st/stm32cubeide_1.5.1/stm32cubeide/plugins/com.st.stm32cube.ide.mcu.externaltools.gnu-tools-for-stm32.9-2020-q2-update.win32_1.5.0.202011040924/tools/bin/../lib/gcc/arm-none-eabi/9.3.1/thumb/v7e-m+fp/hard\libgcc.a
LOAD f:/st/stm32cubeide_1.5.1/stm32cubeide/plugins/com.st.stm32cube.ide.mcu.externaltools.gnu-tools-for-stm32.9-2020-q2-update.win32_1.5.0.202011040924/tools/bin/../lib/gcc/arm-none-eabi/9.3.1/../../../../arm-none-eabi/lib/thumb/v7e-m+fp/hard\libc_nano.a
LOAD f:/st/stm32cubeide_1.5.1/stm32cubeide/plugins/com.st.stm32cube.ide.mcu.externaltools.gnu-tools-for-stm32.9-2020-q2-update.win32_1.5.0.202011040924/tools/bin/../lib/gcc/arm-none-eabi/9.3.1/../../../../arm-none-eabi/lib/thumb/v7e-m+fp/hard\libnosys.a
END GROUP
START GROUP
LOAD f:/st/stm32cubeide_1.5.1/stm32cubeide/plugins/com.st.stm32cube.ide.mcu.externaltools.gnu-tools-for-stm32.9-2020-q2-update.win32_1.5.0.202011040924/tools/bin/../lib/gcc/arm-none-eabi/9.3.1/thumb/v7e-m+fp/hard\libgcc.a
LOAD f:/st/stm32cubeide_1.5.1/stm32cubeide/plugins/com.st.stm32cube.ide.mcu.externaltools.gnu-tools-for-stm32.9-2020-q2-update.win32_1.5.0.202011040924/tools/bin/../lib/gcc/arm-none-eabi/9.3.1/../../../../arm-none-eabi/lib/thumb/v7e-m+fp/hard\libc_nano.a
LOAD f:/st/stm32cubeide_1.5.1/stm32cubeide/plugins/com.st.stm32cube.ide.mcu.externaltools.gnu-tools-for-stm32.9-2020-q2-update.win32_1.5.0.202011040924/tools/bin/../lib/gcc/arm-none-eabi/9.3.1/../../../../arm-none-eabi/lib/thumb/v7e-m+fp/hard\libnosys.a
END GROUP
LOAD f:/st/stm32cubeide_1.5.1/stm32cubeide/plugins/com.st.stm32cube.ide.mcu.externaltools.gnu-tools-for-stm32.9-2020-q2-update.win32_1.5.0.202011040924/tools/bin/../lib/gcc/arm-none-eabi/9.3.1/thumb/v7e-m+fp/hard/crtend.o
LOAD f:/st/stm32cubeide_1.5.1/stm32cubeide/plugins/com.st.stm32cube.ide.mcu.externaltools.gnu-tools-for-stm32.9-2020-q2-update.win32_1.5.0.202011040924/tools/bin/../lib/gcc/arm-none-eabi/9.3.1/thumb/v7e-m+fp/hard/crtn.o
                0x0000000020018000                _estack = (ORIGIN (RAM) + LENGTH (RAM))
                0x0000000000000200                _Min_Heap_Size = 0x200
                0x0000000000000400                _Min_Stack_Size = 0x400

.isr_vector     0x0000000008000000      0x188
                0x0000000008000000                . = ALIGN (0x4)
 *(.isr_vector)
 .isr_vector    0x0000000008000000      0x188 Core/Startup/startup_stm32l476rgtx.o
                0x0000000008000000                g_pfnVectors
                0x0000000008000188                . = ALIGN (0x4)

.text           0x0000000008000190     0x8e24
                0x0000000008000190                . = ALIGN (0x4)
 *(.text)
 .text          0x0000000008000190       0x40 f:/st/stm32cubeide_1.5.1/stm32cubeide/plugins/com.st.stm32cube.ide.mcu.externaltools.gnu-tools-for-stm32.9-2020-q2-update.win32_1.5.0.202011040924/tools/bin/../lib/gcc/arm-none-eabi/9.3.1/thumb/v7e-m+fp/hard/crtbegin.o
 .text          0x00000000080001d0       0x10 f:/st/stm32cubeide_1.5.1/stm32cubeide/plugins/com.st.stm32cube.ide.mcu.externaltools.gnu-tools-for-stm32.9-2020-q2-update.win32_1.5.0.202011040924/tools/bin/../lib/gcc/arm-none-eabi/9.3.1/../../../../arm-none-eabi/lib/thumb/v7e-m+fp/hard\libc_nano.a(lib_a-strlen.o)
                0x00000000080001d0                strlen
 .text          0x00000000080001e0       0xa0 f:/st/stm32cubeide_1.5.1/stm32cubeide/plugins/com.st.stm32cube.ide.mcu.externaltools.gnu-tools-for-stm32.9-2020-q2-update.win32_1.5.0.202011040924/tools/bin/../lib/gcc/arm-none-eabi/9.3.1/../../../../arm-none-eabi/lib/thumb/v7e-m+fp/hard\libc_nano.a(lib_a-memchr.o)
                0x00000000080001e0                memchr
 .text          0x0000000008000280      0x378 f:/st/stm32cubeide_1.5.1/stm32cubeide/plugins/com.st.stm32cube.ide.mcu.externaltools.gnu-tools-for-stm32.9-2020-q2-update.win32_1.5.0.202011040924/tools/bin/../lib/gcc/arm-none-eabi/9.3.1/thumb/v7e-m+fp/hard\libgcc.a(_arm_addsubdf3.o)
                0x0000000008000280                __aeabi_drsub
                0x0000000008000288                __aeabi_dsub
                0x0000000008000288                __subdf3
                0x000000000800028c                __aeabi_dadd
                0x000000000800028c                __adddf3
                0x0000000008000504                __floatunsidf
                0x0000000008000504                __aeabi_ui2d
                0x0000000008000524                __floatsidf
                0x0000000008000524                __aeabi_i2d
                0x0000000008000548                __aeabi_f2d
                0x0000000008000548                __extendsfdf2
                0x000000000800058c                __floatundidf
                0x000000000800058c                __aeabi_ul2d
                0x000000000800059c                __floatdidf
                0x000000000800059c                __aeabi_l2d
 .text          0x00000000080005f8      0x424 f:/st/stm32cubeide_1.5.1/stm32cubeide/plugins/com.st.stm32cube.ide.mcu.externaltools.gnu-tools-for-stm32.9-2020-q2-update.win32_1.5.0.202011040924/tools/bin/../lib/gcc/arm-none-eabi/9.3.1/thumb/v7e-m+fp/hard\libgcc.a(_arm_muldivdf3.o)
                0x00000000080005f8                __aeabi_dmul
                0x00000000080005f8                __muldf3
                0x000000000800084c                __divdf3
                0x000000000800084c                __aeabi_ddiv
 .text          0x0000000008000a1c      0x110 f:/st/stm32cubeide_1.5.1/stm32cubeide/plugins/com.st.stm32cube.ide.mcu.externaltools.gnu-tools-for-stm32.9-2020-q2-update.win32_1.5.0.202011040924/tools/bin/../lib/gcc/arm-none-eabi/9.3.1/thumb/v7e-m+fp/hard\libgcc.a(_arm_cmpdf2.o)
                0x0000000008000a1c                __gtdf2
                0x0000000008000a1c                __gedf2
                0x0000000008000a24                __ltdf2
                0x0000000008000a24                __ledf2
                0x0000000008000a2c                __nedf2
                0x0000000008000a2c                __eqdf2
                0x0000000008000a2c                __cmpdf2
                0x0000000008000aa8                __aeabi_cdrcmple
                0x0000000008000ab8                __aeabi_cdcmpeq
                0x0000000008000ab8                __aeabi_cdcmple
                0x0000000008000ac8                __aeabi_dcmpeq
                0x0000000008000adc                __aeabi_dcmplt
                0x0000000008000af0                __aeabi_dcmple
                0x0000000008000b04                __aeabi_dcmpge
                0x0000000008000b18                __aeabi_dcmpgt
 .text          0x0000000008000b2c       0x2c f:/st/stm32cubeide_1.5.1/stm32cubeide/plugins/com.st.stm32cube.ide.mcu.externaltools.gnu-tools-for-stm32.9-2020-q2-update.win32_1.5.0.202011040924/tools/bin/../lib/gcc/arm-none-eabi/9.3.1/thumb/v7e-m+fp/hard\libgcc.a(_arm_unorddf2.o)
                0x0000000008000b2c                __unorddf2
                0x0000000008000b2c                __aeabi_dcmpun
 .text          0x0000000008000b58       0x50 f:/st/stm32cubeide_1.5.1/stm32cubeide/plugins/com.st.stm32cube.ide.mcu.externaltools.gnu-tools-for-stm32.9-2020-q2-update.win32_1.5.0.202011040924/tools/bin/../lib/gcc/arm-none-eabi/9.3.1/thumb/v7e-m+fp/hard\libgcc.a(_arm_fixdfsi.o)
                0x0000000008000b58                __aeabi_d2iz
                0x0000000008000b58                __fixdfsi
 .text          0x0000000008000ba8       0x30 f:/st/stm32cubeide_1.5.1/stm32cubeide/plugins/com.st.stm32cube.ide.mcu.externaltools.gnu-tools-for-stm32.9-2020-q2-update.win32_1.5.0.202011040924/tools/bin/../lib/gcc/arm-none-eabi/9.3.1/thumb/v7e-m+fp/hard\libgcc.a(_aeabi_uldivmod.o)
                0x0000000008000ba8                __aeabi_uldivmod
 .text          0x0000000008000bd8      0x2c4 f:/st/stm32cubeide_1.5.1/stm32cubeide/plugins/com.st.stm32cube.ide.mcu.externaltools.gnu-tools-for-stm32.9-2020-q2-update.win32_1.5.0.202011040924/tools/bin/../lib/gcc/arm-none-eabi/9.3.1/thumb/v7e-m+fp/hard\libgcc.a(_udivmoddi4.o)
                0x0000000008000bd8                __udivmoddi4
 .text          0x0000000008000e9c        0x4 f:/st/stm32cubeide_1.5.1/stm32cubeide/plugins/com.st.stm32cube.ide.mcu.externaltools.gnu-tools-for-stm32.9-2020-q2-update.win32_1.5.0.202011040924/tools/bin/../lib/gcc/arm-none-eabi/9.3.1/thumb/v7e-m+fp/hard\libgcc.a(_dvmd_tls.o)
                0x0000000008000e9c                __aeabi_idiv0
                0x0000000008000e9c                __aeabi_ldiv0
 *(.text*)
 .text.MX_DFSDM1_Init
                0x0000000008000ea0       0xc8 Core/Src/dfsdm.o
                0x0000000008000ea0                MX_DFSDM1_Init
 .text.HAL_DFSDM_FilterMspInit
                0x0000000008000f68      0x15c Core/Src/dfsdm.o
                0x0000000008000f68                HAL_DFSDM_FilterMspInit
 .text.HAL_DFSDM_ChannelMspInit
                0x00000000080010c4       0xe0 Core/Src/dfsdm.o
                0x00000000080010c4                HAL_DFSDM_ChannelMspInit
 .text.MX_DMA_Init
                0x00000000080011a4       0x3c Core/Src/dma.o
                0x00000000080011a4                MX_DMA_Init
 .text.MX_GPIO_Init
                0x00000000080011e0       0xd0 Core/Src/gpio.o
                0x00000000080011e0                MX_GPIO_Init
 .text.main     0x00000000080012b0      0x2a8 Core/Src/main.o
                0x00000000080012b0                main
 .text.SystemClock_Config
                0x0000000008001558       0xf4 Core/Src/main.o
                0x0000000008001558                SystemClock_Config
 .text.HAL_DFSDM_FilterRegConvHalfCpltCallback
                0x000000000800164c       0x14 Core/Src/main.o
                0x000000000800164c                HAL_DFSDM_FilterRegConvHalfCpltCallback
 .text.HAL_DFSDM_FilterRegConvCpltCallback
                0x0000000008001660       0x54 Core/Src/main.o
                0x0000000008001660                HAL_DFSDM_FilterRegConvCpltCallback
 .text._write   0x00000000080016b4       0x2c Core/Src/main.o
                0x00000000080016b4                _write
 .text.Error_Handler
                0x00000000080016e0        0xa Core/Src/main.o
                0x00000000080016e0                Error_Handler
 *fill*         0x00000000080016ea        0x2 
 .text.HAL_MspInit
                0x00000000080016ec       0x48 Core/Src/stm32l4xx_hal_msp.o
                0x00000000080016ec                HAL_MspInit
 .text.NMI_Handler
                0x0000000008001734        0x6 Core/Src/stm32l4xx_it.o
                0x0000000008001734                NMI_Handler
 .text.HardFault_Handler
                0x000000000800173a        0x6 Core/Src/stm32l4xx_it.o
                0x000000000800173a                HardFault_Handler
 .text.MemManage_Handler
                0x0000000008001740        0x6 Core/Src/stm32l4xx_it.o
                0x0000000008001740                MemManage_Handler
 .text.BusFault_Handler
                0x0000000008001746        0x6 Core/Src/stm32l4xx_it.o
                0x0000000008001746                BusFault_Handler
 .text.UsageFault_Handler
                0x000000000800174c        0x6 Core/Src/stm32l4xx_it.o
                0x000000000800174c                UsageFault_Handler
 .text.SVC_Handler
                0x0000000008001752        0xe Core/Src/stm32l4xx_it.o
                0x0000000008001752                SVC_Handler
 .text.DebugMon_Handler
                0x0000000008001760        0xe Core/Src/stm32l4xx_it.o
                0x0000000008001760                DebugMon_Handler
 .text.PendSV_Handler
                0x000000000800176e        0xe Core/Src/stm32l4xx_it.o
                0x000000000800176e                PendSV_Handler
 .text.SysTick_Handler
                0x000000000800177c        0xc Core/Src/stm32l4xx_it.o
                0x000000000800177c                SysTick_Handler
 .text.DMA1_Channel4_IRQHandler
                0x0000000008001788       0x14 Core/Src/stm32l4xx_it.o
                0x0000000008001788                DMA1_Channel4_IRQHandler
 .text._getpid  0x000000000800179c       0x10 Core/Src/syscalls.o
                0x000000000800179c                _getpid
 .text._kill    0x00000000080017ac       0x20 Core/Src/syscalls.o
                0x00000000080017ac                _kill
 .text._exit    0x00000000080017cc       0x14 Core/Src/syscalls.o
                0x00000000080017cc                _exit
 .text._read    0x00000000080017e0       0x3a Core/Src/syscalls.o
                0x00000000080017e0                _read
 .text._close   0x000000000800181a       0x18 Core/Src/syscalls.o
                0x000000000800181a                _close
 .text._fstat   0x0000000008001832       0x20 Core/Src/syscalls.o
                0x0000000008001832                _fstat
 .text._isatty  0x0000000008001852       0x16 Core/Src/syscalls.o
                0x0000000008001852                _isatty
 .text._lseek   0x0000000008001868       0x1a Core/Src/syscalls.o
                0x0000000008001868                _lseek
 *fill*         0x0000000008001882        0x2 
 .text._sbrk    0x0000000008001884       0x6c Core/Src/sysmem.o
                0x0000000008001884                _sbrk
 .text.SystemInit
                0x00000000080018f0       0x64 Core/Src/system_stm32l4xx.o
                0x00000000080018f0                SystemInit
 .text.MX_USART2_UART_Init
                0x0000000008001954       0x60 Core/Src/usart.o
                0x0000000008001954                MX_USART2_UART_Init
 .text.HAL_UART_MspInit
                0x00000000080019b4       0x84 Core/Src/usart.o
                0x00000000080019b4                HAL_UART_MspInit
 .text.Reset_Handler
                0x0000000008001a38       0x50 Core/Startup/startup_stm32l476rgtx.o
                0x0000000008001a38                Reset_Handler
 .text.Default_Handler
                0x0000000008001a88        0x2 Core/Startup/startup_stm32l476rgtx.o
                0x0000000008001a88                RTC_Alarm_IRQHandler
                0x0000000008001a88                EXTI2_IRQHandler
                0x0000000008001a88                TIM8_TRG_COM_IRQHandler
                0x0000000008001a88                TIM8_CC_IRQHandler
                0x0000000008001a88                TIM1_CC_IRQHandler
                0x0000000008001a88                TSC_IRQHandler
                0x0000000008001a88                TAMP_STAMP_IRQHandler
                0x0000000008001a88                EXTI3_IRQHandler
                0x0000000008001a88                LPTIM2_IRQHandler
                0x0000000008001a88                DFSDM1_FLT1_IRQHandler
                0x0000000008001a88                I2C3_ER_IRQHandler
                0x0000000008001a88                DFSDM1_FLT2_IRQHandler
                0x0000000008001a88                EXTI0_IRQHandler
                0x0000000008001a88                I2C2_EV_IRQHandler
                0x0000000008001a88                CAN1_RX0_IRQHandler
                0x0000000008001a88                FPU_IRQHandler
                0x0000000008001a88                TIM1_UP_TIM16_IRQHandler
                0x0000000008001a88                ADC1_2_IRQHandler
                0x0000000008001a88                SPI1_IRQHandler
                0x0000000008001a88                TIM6_DAC_IRQHandler
                0x0000000008001a88                TIM8_UP_IRQHandler
                0x0000000008001a88                DMA2_Channel2_IRQHandler
                0x0000000008001a88                SAI2_IRQHandler
                0x0000000008001a88                DFSDM1_FLT3_IRQHandler
                0x0000000008001a88                USART3_IRQHandler
                0x0000000008001a88                DMA1_Channel7_IRQHandler
                0x0000000008001a88                CAN1_RX1_IRQHandler
                0x0000000008001a88                LCD_IRQHandler
                0x0000000008001a88                UART5_IRQHandler
                0x0000000008001a88                ADC3_IRQHandler
                0x0000000008001a88                TIM4_IRQHandler
                0x0000000008001a88                DMA2_Channel1_IRQHandler
                0x0000000008001a88                QUADSPI_IRQHandler
                0x0000000008001a88                I2C1_EV_IRQHandler
                0x0000000008001a88                DMA1_Channel6_IRQHandler
                0x0000000008001a88                UART4_IRQHandler
                0x0000000008001a88                DMA2_Channel4_IRQHandler
                0x0000000008001a88                TIM3_IRQHandler
                0x0000000008001a88                RCC_IRQHandler
                0x0000000008001a88                DMA1_Channel1_IRQHandler
                0x0000000008001a88                Default_Handler
                0x0000000008001a88                DMA2_Channel7_IRQHandler
                0x0000000008001a88                EXTI15_10_IRQHandler
                0x0000000008001a88                TIM7_IRQHandler
                0x0000000008001a88                SDMMC1_IRQHandler
                0x0000000008001a88                TIM5_IRQHandler
                0x0000000008001a88                I2C3_EV_IRQHandler
                0x0000000008001a88                EXTI9_5_IRQHandler
                0x0000000008001a88                RTC_WKUP_IRQHandler
                0x0000000008001a88                PVD_PVM_IRQHandler
                0x0000000008001a88                SPI2_IRQHandler
                0x0000000008001a88                CAN1_TX_IRQHandler
                0x0000000008001a88                DMA2_Channel5_IRQHandler
                0x0000000008001a88                DMA1_Channel5_IRQHandler
                0x0000000008001a88                EXTI4_IRQHandler
                0x0000000008001a88                RNG_IRQHandler
                0x0000000008001a88                TIM1_TRG_COM_TIM17_IRQHandler
                0x0000000008001a88                DMA1_Channel3_IRQHandler
                0x0000000008001a88                COMP_IRQHandler
                0x0000000008001a88                WWDG_IRQHandler
                0x0000000008001a88                LPUART1_IRQHandler
                0x0000000008001a88                DMA2_Channel6_IRQHandler
                0x0000000008001a88                TIM2_IRQHandler
                0x0000000008001a88                EXTI1_IRQHandler
                0x0000000008001a88                USART2_IRQHandler
                0x0000000008001a88                DFSDM1_FLT0_IRQHandler
                0x0000000008001a88                I2C2_ER_IRQHandler
                0x0000000008001a88                DMA1_Channel2_IRQHandler
                0x0000000008001a88                TIM8_BRK_IRQHandler
                0x0000000008001a88                CAN1_SCE_IRQHandler
                0x0000000008001a88                FLASH_IRQHandler
                0x0000000008001a88                USART1_IRQHandler
                0x0000000008001a88                OTG_FS_IRQHandler
                0x0000000008001a88                SPI3_IRQHandler
                0x0000000008001a88                I2C1_ER_IRQHandler
                0x0000000008001a88                FMC_IRQHandler
                0x0000000008001a88                SWPMI1_IRQHandler
                0x0000000008001a88                LPTIM1_IRQHandler
                0x0000000008001a88                SAI1_IRQHandler
                0x0000000008001a88                DMA2_Channel3_IRQHandler
                0x0000000008001a88                TIM1_BRK_TIM15_IRQHandler
 *fill*         0x0000000008001a8a        0x2 
 .text.HAL_Init
                0x0000000008001a8c       0x40 Drivers/STM32L4xx_HAL_Driver/Src/stm32l4xx_hal.o
                0x0000000008001a8c                HAL_Init
 .text.HAL_InitTick
                0x0000000008001acc       0x78 Drivers/STM32L4xx_HAL_Driver/Src/stm32l4xx_hal.o
                0x0000000008001acc                HAL_InitTick
 .text.HAL_IncTick
                0x0000000008001b44       0x28 Drivers/STM32L4xx_HAL_Driver/Src/stm32l4xx_hal.o
                0x0000000008001b44                HAL_IncTick
 .text.HAL_GetTick
                0x0000000008001b6c       0x18 Drivers/STM32L4xx_HAL_Driver/Src/stm32l4xx_hal.o
                0x0000000008001b6c                HAL_GetTick
 .text.HAL_Delay
                0x0000000008001b84       0x48 Drivers/STM32L4xx_HAL_Driver/Src/stm32l4xx_hal.o
                0x0000000008001b84                HAL_Delay
 .text.__NVIC_SetPriorityGrouping
                0x0000000008001bcc       0x48 Drivers/STM32L4xx_HAL_Driver/Src/stm32l4xx_hal_cortex.o
 .text.__NVIC_GetPriorityGrouping
                0x0000000008001c14       0x1c Drivers/STM32L4xx_HAL_Driver/Src/stm32l4xx_hal_cortex.o
 .text.__NVIC_EnableIRQ
                0x0000000008001c30       0x3c Drivers/STM32L4xx_HAL_Driver/Src/stm32l4xx_hal_cortex.o
 .text.__NVIC_SetPriority
                0x0000000008001c6c       0x54 Drivers/STM32L4xx_HAL_Driver/Src/stm32l4xx_hal_cortex.o
 .text.NVIC_EncodePriority
                0x0000000008001cc0       0x66 Drivers/STM32L4xx_HAL_Driver/Src/stm32l4xx_hal_cortex.o
 *fill*         0x0000000008001d26        0x2 
 .text.SysTick_Config
                0x0000000008001d28       0x44 Drivers/STM32L4xx_HAL_Driver/Src/stm32l4xx_hal_cortex.o
 .text.HAL_NVIC_SetPriorityGrouping
                0x0000000008001d6c       0x16 Drivers/STM32L4xx_HAL_Driver/Src/stm32l4xx_hal_cortex.o
                0x0000000008001d6c                HAL_NVIC_SetPriorityGrouping
 .text.HAL_NVIC_SetPriority
                0x0000000008001d82       0x38 Drivers/STM32L4xx_HAL_Driver/Src/stm32l4xx_hal_cortex.o
                0x0000000008001d82                HAL_NVIC_SetPriority
 .text.HAL_NVIC_EnableIRQ
                0x0000000008001dba       0x1c Drivers/STM32L4xx_HAL_Driver/Src/stm32l4xx_hal_cortex.o
                0x0000000008001dba                HAL_NVIC_EnableIRQ
 .text.HAL_SYSTICK_Config
                0x0000000008001dd6       0x18 Drivers/STM32L4xx_HAL_Driver/Src/stm32l4xx_hal_cortex.o
                0x0000000008001dd6                HAL_SYSTICK_Config
 *fill*         0x0000000008001dee        0x2 
 .text.HAL_DFSDM_ChannelInit
                0x0000000008001df0      0x180 Drivers/STM32L4xx_HAL_Driver/Src/stm32l4xx_hal_dfsdm.o
                0x0000000008001df0                HAL_DFSDM_ChannelInit
 .text.HAL_DFSDM_FilterInit
                0x0000000008001f70      0x1b4 Drivers/STM32L4xx_HAL_Driver/Src/stm32l4xx_hal_dfsdm.o
                0x0000000008001f70                HAL_DFSDM_FilterInit
 .text.HAL_DFSDM_FilterConfigRegChannel
                0x0000000008002124       0x8a Drivers/STM32L4xx_HAL_Driver/Src/stm32l4xx_hal_dfsdm.o
                0x0000000008002124                HAL_DFSDM_FilterConfigRegChannel
 *fill*         0x00000000080021ae        0x2 
 .text.HAL_DFSDM_FilterRegularStart_DMA
                0x00000000080021b0      0x104 Drivers/STM32L4xx_HAL_Driver/Src/stm32l4xx_hal_dfsdm.o
                0x00000000080021b0                HAL_DFSDM_FilterRegularStart_DMA
 .text.HAL_DFSDM_FilterErrorCallback
                0x00000000080022b4       0x14 Drivers/STM32L4xx_HAL_Driver/Src/stm32l4xx_hal_dfsdm.o
                0x00000000080022b4                HAL_DFSDM_FilterErrorCallback
 .text.DFSDM_DMARegularHalfConvCplt
                0x00000000080022c8       0x1c Drivers/STM32L4xx_HAL_Driver/Src/stm32l4xx_hal_dfsdm.o
 .text.DFSDM_DMARegularConvCplt
                0x00000000080022e4       0x1c Drivers/STM32L4xx_HAL_Driver/Src/stm32l4xx_hal_dfsdm.o
 .text.DFSDM_DMAError
                0x0000000008002300       0x22 Drivers/STM32L4xx_HAL_Driver/Src/stm32l4xx_hal_dfsdm.o
 *fill*         0x0000000008002322        0x2 
 .text.DFSDM_GetChannelFromInstance
                0x0000000008002324       0x98 Drivers/STM32L4xx_HAL_Driver/Src/stm32l4xx_hal_dfsdm.o
 .text.DFSDM_RegConvStart
                0x00000000080023bc       0xac Drivers/STM32L4xx_HAL_Driver/Src/stm32l4xx_hal_dfsdm.o
 .text.HAL_DMA_Init
                0x0000000008002468      0x170 Drivers/STM32L4xx_HAL_Driver/Src/stm32l4xx_hal_dma.o
                0x0000000008002468                HAL_DMA_Init
 .text.HAL_DMA_Start_IT
                0x00000000080025d8       0xc0 Drivers/STM32L4xx_HAL_Driver/Src/stm32l4xx_hal_dma.o
                0x00000000080025d8                HAL_DMA_Start_IT
 .text.HAL_DMA_IRQHandler
                0x0000000008002698      0x15e Drivers/STM32L4xx_HAL_Driver/Src/stm32l4xx_hal_dma.o
                0x0000000008002698                HAL_DMA_IRQHandler
 .text.DMA_SetConfig
                0x00000000080027f6       0x60 Drivers/STM32L4xx_HAL_Driver/Src/stm32l4xx_hal_dma.o
 *fill*         0x0000000008002856        0x2 
 .text.HAL_GPIO_Init
                0x0000000008002858      0x354 Drivers/STM32L4xx_HAL_Driver/Src/stm32l4xx_hal_gpio.o
                0x0000000008002858                HAL_GPIO_Init
 .text.HAL_GPIO_WritePin
                0x0000000008002bac       0x30 Drivers/STM32L4xx_HAL_Driver/Src/stm32l4xx_hal_gpio.o
                0x0000000008002bac                HAL_GPIO_WritePin
 .text.HAL_PWREx_GetVoltageRange
                0x0000000008002bdc       0x1c Drivers/STM32L4xx_HAL_Driver/Src/stm32l4xx_hal_pwr_ex.o
                0x0000000008002bdc                HAL_PWREx_GetVoltageRange
 .text.HAL_PWREx_ControlVoltageScaling
                0x0000000008002bf8       0xac Drivers/STM32L4xx_HAL_Driver/Src/stm32l4xx_hal_pwr_ex.o
                0x0000000008002bf8                HAL_PWREx_ControlVoltageScaling
 .text.HAL_RCC_OscConfig
                0x0000000008002ca4      0x7cc Drivers/STM32L4xx_HAL_Driver/Src/stm32l4xx_hal_rcc.o
                0x0000000008002ca4                HAL_RCC_OscConfig
 .text.HAL_RCC_ClockConfig
                0x0000000008003470      0x1c4 Drivers/STM32L4xx_HAL_Driver/Src/stm32l4xx_hal_rcc.o
                0x0000000008003470                HAL_RCC_ClockConfig
 .text.HAL_RCC_GetSysClockFreq
                0x0000000008003634      0x118 Drivers/STM32L4xx_HAL_Driver/Src/stm32l4xx_hal_rcc.o
                0x0000000008003634                HAL_RCC_GetSysClockFreq
 .text.HAL_RCC_GetHCLKFreq
                0x000000000800374c       0x18 Drivers/STM32L4xx_HAL_Driver/Src/stm32l4xx_hal_rcc.o
                0x000000000800374c                HAL_RCC_GetHCLKFreq
 .text.HAL_RCC_GetPCLK1Freq
                0x0000000008003764       0x2c Drivers/STM32L4xx_HAL_Driver/Src/stm32l4xx_hal_rcc.o
                0x0000000008003764                HAL_RCC_GetPCLK1Freq
 .text.HAL_RCC_GetPCLK2Freq
                0x0000000008003790       0x2c Drivers/STM32L4xx_HAL_Driver/Src/stm32l4xx_hal_rcc.o
                0x0000000008003790                HAL_RCC_GetPCLK2Freq
 .text.RCC_SetFlashLatencyFromMSIRange
                0x00000000080037bc       0xc0 Drivers/STM32L4xx_HAL_Driver/Src/stm32l4xx_hal_rcc.o
 .text.HAL_RCCEx_PeriphCLKConfig
                0x000000000800387c      0x5d4 Drivers/STM32L4xx_HAL_Driver/Src/stm32l4xx_hal_rcc_ex.o
                0x000000000800387c                HAL_RCCEx_PeriphCLKConfig
 .text.RCCEx_PLLSAI1_Config
                0x0000000008003e50      0x1e8 Drivers/STM32L4xx_HAL_Driver/Src/stm32l4xx_hal_rcc_ex.o
 .text.RCCEx_PLLSAI2_Config
                0x0000000008004038      0x1bc Drivers/STM32L4xx_HAL_Driver/Src/stm32l4xx_hal_rcc_ex.o
 .text.HAL_UART_Init
                0x00000000080041f4       0x9c Drivers/STM32L4xx_HAL_Driver/Src/stm32l4xx_hal_uart.o
                0x00000000080041f4                HAL_UART_Init
 .text.HAL_UART_Transmit
                0x0000000008004290      0x128 Drivers/STM32L4xx_HAL_Driver/Src/stm32l4xx_hal_uart.o
                0x0000000008004290                HAL_UART_Transmit
 .text.UART_SetConfig
                0x00000000080043b8      0x514 Drivers/STM32L4xx_HAL_Driver/Src/stm32l4xx_hal_uart.o
                0x00000000080043b8                UART_SetConfig
 .text.UART_AdvFeatureConfig
                0x00000000080048cc      0x144 Drivers/STM32L4xx_HAL_Driver/Src/stm32l4xx_hal_uart.o
                0x00000000080048cc                UART_AdvFeatureConfig
 .text.UART_CheckIdleState
                0x0000000008004a10       0x92 Drivers/STM32L4xx_HAL_Driver/Src/stm32l4xx_hal_uart.o
                0x0000000008004a10                UART_CheckIdleState
 .text.UART_WaitOnFlagUntilTimeout
                0x0000000008004aa2       0xf8 Drivers/STM32L4xx_HAL_Driver/Src/stm32l4xx_hal_uart.o
                0x0000000008004aa2                UART_WaitOnFlagUntilTimeout
 *fill*         0x0000000008004b9a        0x2 
 .text.arm_max_f32
                0x0000000008004b9c       0xd8 F:/Users/roger.nicolas/workspace/stm32cubeide/NUCLEO-L476RG_DFSDM_PDM-Mic/Drivers/CMSIS/Lib/GCC\libarm_cortexM4lf_math.a(arm_max_f32.o)
                0x0000000008004b9c                arm_max_f32
 .text.arm_rfft_32_fast_init_f32
                0x0000000008004c74       0x34 F:/Users/roger.nicolas/workspace/stm32cubeide/NUCLEO-L476RG_DFSDM_PDM-Mic/Drivers/CMSIS/Lib/GCC\libarm_cortexM4lf_math.a(arm_rfft_fast_init_f32.o)
                0x0000000008004c74                arm_rfft_32_fast_init_f32
 .text.arm_rfft_64_fast_init_f32
                0x0000000008004ca8       0x34 F:/Users/roger.nicolas/workspace/stm32cubeide/NUCLEO-L476RG_DFSDM_PDM-Mic/Drivers/CMSIS/Lib/GCC\libarm_cortexM4lf_math.a(arm_rfft_fast_init_f32.o)
                0x0000000008004ca8                arm_rfft_64_fast_init_f32
 .text.arm_rfft_256_fast_init_f32
                0x0000000008004cdc       0x38 F:/Users/roger.nicolas/workspace/stm32cubeide/NUCLEO-L476RG_DFSDM_PDM-Mic/Drivers/CMSIS/Lib/GCC\libarm_cortexM4lf_math.a(arm_rfft_fast_init_f32.o)
                0x0000000008004cdc                arm_rfft_256_fast_init_f32
 .text.arm_rfft_512_fast_init_f32
                0x0000000008004d14       0x3c F:/Users/roger.nicolas/workspace/stm32cubeide/NUCLEO-L476RG_DFSDM_PDM-Mic/Drivers/CMSIS/Lib/GCC\libarm_cortexM4lf_math.a(arm_rfft_fast_init_f32.o)
                0x0000000008004d14                arm_rfft_512_fast_init_f32
 .text.arm_rfft_1024_fast_init_f32
                0x0000000008004d50       0x3c F:/Users/roger.nicolas/workspace/stm32cubeide/NUCLEO-L476RG_DFSDM_PDM-Mic/Drivers/CMSIS/Lib/GCC\libarm_cortexM4lf_math.a(arm_rfft_fast_init_f32.o)
                0x0000000008004d50                arm_rfft_1024_fast_init_f32
 .text.arm_rfft_2048_fast_init_f32
                0x0000000008004d8c       0x3c F:/Users/roger.nicolas/workspace/stm32cubeide/NUCLEO-L476RG_DFSDM_PDM-Mic/Drivers/CMSIS/Lib/GCC\libarm_cortexM4lf_math.a(arm_rfft_fast_init_f32.o)
                0x0000000008004d8c                arm_rfft_2048_fast_init_f32
 .text.arm_rfft_4096_fast_init_f32
                0x0000000008004dc8       0x3c F:/Users/roger.nicolas/workspace/stm32cubeide/NUCLEO-L476RG_DFSDM_PDM-Mic/Drivers/CMSIS/Lib/GCC\libarm_cortexM4lf_math.a(arm_rfft_fast_init_f32.o)
                0x0000000008004dc8                arm_rfft_4096_fast_init_f32
 .text.arm_rfft_fast_init_f32
                0x0000000008004e04       0x68 F:/Users/roger.nicolas/workspace/stm32cubeide/NUCLEO-L476RG_DFSDM_PDM-Mic/Drivers/CMSIS/Lib/GCC\libarm_cortexM4lf_math.a(arm_rfft_fast_init_f32.o)
                0x0000000008004e04                arm_rfft_fast_init_f32
 .text.stage_rfft_f32
                0x0000000008004e6c       0xb4 F:/Users/roger.nicolas/workspace/stm32cubeide/NUCLEO-L476RG_DFSDM_PDM-Mic/Drivers/CMSIS/Lib/GCC\libarm_cortexM4lf_math.a(arm_rfft_fast_f32.o)
                0x0000000008004e6c                stage_rfft_f32
 .text.merge_rfft_f32
                0x0000000008004f20       0xac F:/Users/roger.nicolas/workspace/stm32cubeide/NUCLEO-L476RG_DFSDM_PDM-Mic/Drivers/CMSIS/Lib/GCC\libarm_cortexM4lf_math.a(arm_rfft_fast_f32.o)
                0x0000000008004f20                merge_rfft_f32
 .text.arm_rfft_fast_f32
                0x0000000008004fcc       0x40 F:/Users/roger.nicolas/workspace/stm32cubeide/NUCLEO-L476RG_DFSDM_PDM-Mic/Drivers/CMSIS/Lib/GCC\libarm_cortexM4lf_math.a(arm_rfft_fast_f32.o)
                0x0000000008004fcc                arm_rfft_fast_f32
 .text.arm_cfft_radix8by2_f32
                0x000000000800500c      0x1a0 F:/Users/roger.nicolas/workspace/stm32cubeide/NUCLEO-L476RG_DFSDM_PDM-Mic/Drivers/CMSIS/Lib/GCC\libarm_cortexM4lf_math.a(arm_cfft_f32.o)
                0x000000000800500c                arm_cfft_radix8by2_f32
 .text.arm_cfft_radix8by4_f32
                0x00000000080051ac      0x4ac F:/Users/roger.nicolas/workspace/stm32cubeide/NUCLEO-L476RG_DFSDM_PDM-Mic/Drivers/CMSIS/Lib/GCC\libarm_cortexM4lf_math.a(arm_cfft_f32.o)
                0x00000000080051ac                arm_cfft_radix8by4_f32
 .text.arm_cfft_f32
                0x0000000008005658       0xf0 F:/Users/roger.nicolas/workspace/stm32cubeide/NUCLEO-L476RG_DFSDM_PDM-Mic/Drivers/CMSIS/Lib/GCC\libarm_cortexM4lf_math.a(arm_cfft_f32.o)
                0x0000000008005658                arm_cfft_f32
 .text.arm_bitreversal_32
                0x0000000008005748       0x40 F:/Users/roger.nicolas/workspace/stm32cubeide/NUCLEO-L476RG_DFSDM_PDM-Mic/Drivers/CMSIS/Lib/GCC\libarm_cortexM4lf_math.a(arm_bitreversal2.o)
                0x0000000008005748                arm_bitreversal_32
 .text.arm_cmplx_mag_f32
                0x0000000008005788      0x248 F:/Users/roger.nicolas/workspace/stm32cubeide/NUCLEO-L476RG_DFSDM_PDM-Mic/Drivers/CMSIS/Lib/GCC\libarm_cortexM4lf_math.a(arm_cmplx_mag_f32.o)
                0x0000000008005788                arm_cmplx_mag_f32
 .text.arm_cos_f32
                0x00000000080059d0       0x94 F:/Users/roger.nicolas/workspace/stm32cubeide/NUCLEO-L476RG_DFSDM_PDM-Mic/Drivers/CMSIS/Lib/GCC\libarm_cortexM4lf_math.a(arm_cos_f32.o)
                0x00000000080059d0                arm_cos_f32
 .text.arm_scale_f32
                0x0000000008005a64       0x88 F:/Users/roger.nicolas/workspace/stm32cubeide/NUCLEO-L476RG_DFSDM_PDM-Mic/Drivers/CMSIS/Lib/GCC\libarm_cortexM4lf_math.a(arm_scale_f32.o)
                0x0000000008005a64                arm_scale_f32
 .text.arm_mult_f32
                0x0000000008005aec       0xb4 F:/Users/roger.nicolas/workspace/stm32cubeide/NUCLEO-L476RG_DFSDM_PDM-Mic/Drivers/CMSIS/Lib/GCC\libarm_cortexM4lf_math.a(arm_mult_f32.o)
                0x0000000008005aec                arm_mult_f32
 .text.arm_radix8_butterfly_f32
                0x0000000008005ba0      0x580 F:/Users/roger.nicolas/workspace/stm32cubeide/NUCLEO-L476RG_DFSDM_PDM-Mic/Drivers/CMSIS/Lib/GCC\libarm_cortexM4lf_math.a(arm_cfft_radix8_f32.o)
                0x0000000008005ba0                arm_radix8_butterfly_f32
 .text.log10f   0x0000000008006120       0x6c f:/st/stm32cubeide_1.5.1/stm32cubeide/plugins/com.st.stm32cube.ide.mcu.externaltools.gnu-tools-for-stm32.9-2020-q2-update.win32_1.5.0.202011040924/tools/bin/../lib/gcc/arm-none-eabi/9.3.1/../../../../arm-none-eabi/lib/thumb/v7e-m+fp/hard\libm.a(lib_a-wf_log10.o)
                0x0000000008006120                log10f
 .text.sqrtf    0x000000000800618c       0x4c f:/st/stm32cubeide_1.5.1/stm32cubeide/plugins/com.st.stm32cube.ide.mcu.externaltools.gnu-tools-for-stm32.9-2020-q2-update.win32_1.5.0.202011040924/tools/bin/../lib/gcc/arm-none-eabi/9.3.1/../../../../arm-none-eabi/lib/thumb/v7e-m+fp/hard\libm.a(lib_a-wf_sqrt.o)
                0x000000000800618c                sqrtf
 .text.__ieee754_log10f
                0x00000000080061d8       0xb0 f:/st/stm32cubeide_1.5.1/stm32cubeide/plugins/com.st.stm32cube.ide.mcu.externaltools.gnu-tools-for-stm32.9-2020-q2-update.win32_1.5.0.202011040924/tools/bin/../lib/gcc/arm-none-eabi/9.3.1/../../../../arm-none-eabi/lib/thumb/v7e-m+fp/hard\libm.a(lib_a-ef_log10.o)
                0x00000000080061d8                __ieee754_log10f
 .text.__ieee754_sqrtf
                0x0000000008006288        0x6 f:/st/stm32cubeide_1.5.1/stm32cubeide/plugins/com.st.stm32cube.ide.mcu.externaltools.gnu-tools-for-stm32.9-2020-q2-update.win32_1.5.0.202011040924/tools/bin/../lib/gcc/arm-none-eabi/9.3.1/../../../../arm-none-eabi/lib/thumb/v7e-m+fp/hard\libm.a(lib_a-ef_sqrt.o)
                0x0000000008006288                __ieee754_sqrtf
 *fill*         0x000000000800628e        0x2 
 .text.nanf     0x0000000008006290        0xc f:/st/stm32cubeide_1.5.1/stm32cubeide/plugins/com.st.stm32cube.ide.mcu.externaltools.gnu-tools-for-stm32.9-2020-q2-update.win32_1.5.0.202011040924/tools/bin/../lib/gcc/arm-none-eabi/9.3.1/../../../../arm-none-eabi/lib/thumb/v7e-m+fp/hard\libm.a(lib_a-sf_nan.o)
                0x0000000008006290                nanf
 .text.__ieee754_logf
                0x000000000800629c      0x1e0 f:/st/stm32cubeide_1.5.1/stm32cubeide/plugins/com.st.stm32cube.ide.mcu.externaltools.gnu-tools-for-stm32.9-2020-q2-update.win32_1.5.0.202011040924/tools/bin/../lib/gcc/arm-none-eabi/9.3.1/../../../../arm-none-eabi/lib/thumb/v7e-m+fp/hard\libm.a(lib_a-ef_log.o)
                0x000000000800629c                __ieee754_logf
 .text.__errno  0x000000000800647c        0xc f:/st/stm32cubeide_1.5.1/stm32cubeide/plugins/com.st.stm32cube.ide.mcu.externaltools.gnu-tools-for-stm32.9-2020-q2-update.win32_1.5.0.202011040924/tools/bin/../lib/gcc/arm-none-eabi/9.3.1/../../../../arm-none-eabi/lib/thumb/v7e-m+fp/hard\libc_nano.a(lib_a-errno.o)
                0x000000000800647c                __errno
 .text.__libc_init_array
                0x0000000008006488       0x48 f:/st/stm32cubeide_1.5.1/stm32cubeide/plugins/com.st.stm32cube.ide.mcu.externaltools.gnu-tools-for-stm32.9-2020-q2-update.win32_1.5.0.202011040924/tools/bin/../lib/gcc/arm-none-eabi/9.3.1/../../../../arm-none-eabi/lib/thumb/v7e-m+fp/hard\libc_nano.a(lib_a-init.o)
                0x0000000008006488                __libc_init_array
 .text.memset   0x00000000080064d0       0x10 f:/st/stm32cubeide_1.5.1/stm32cubeide/plugins/com.st.stm32cube.ide.mcu.externaltools.gnu-tools-for-stm32.9-2020-q2-update.win32_1.5.0.202011040924/tools/bin/../lib/gcc/arm-none-eabi/9.3.1/../../../../arm-none-eabi/lib/thumb/v7e-m+fp/hard\libc_nano.a(lib_a-memset.o)
                0x00000000080064d0                memset
 .text.__cvt    0x00000000080064e0       0xc4 f:/st/stm32cubeide_1.5.1/stm32cubeide/plugins/com.st.stm32cube.ide.mcu.externaltools.gnu-tools-for-stm32.9-2020-q2-update.win32_1.5.0.202011040924/tools/bin/../lib/gcc/arm-none-eabi/9.3.1/../../../../arm-none-eabi/lib/thumb/v7e-m+fp/hard\libc_nano.a(lib_a-nano-vfprintf_float.o)
                0x00000000080064e0                __cvt
 .text.__exponent
                0x00000000080065a4       0x7c f:/st/stm32cubeide_1.5.1/stm32cubeide/plugins/com.st.stm32cube.ide.mcu.externaltools.gnu-tools-for-stm32.9-2020-q2-update.win32_1.5.0.202011040924/tools/bin/../lib/gcc/arm-none-eabi/9.3.1/../../../../arm-none-eabi/lib/thumb/v7e-m+fp/hard\libc_nano.a(lib_a-nano-vfprintf_float.o)
                0x00000000080065a4                __exponent
 .text._printf_float
                0x0000000008006620      0x46c f:/st/stm32cubeide_1.5.1/stm32cubeide/plugins/com.st.stm32cube.ide.mcu.externaltools.gnu-tools-for-stm32.9-2020-q2-update.win32_1.5.0.202011040924/tools/bin/../lib/gcc/arm-none-eabi/9.3.1/../../../../arm-none-eabi/lib/thumb/v7e-m+fp/hard\libc_nano.a(lib_a-nano-vfprintf_float.o)
                0x0000000008006620                _printf_float
 .text._printf_common
                0x0000000008006a8c       0xda f:/st/stm32cubeide_1.5.1/stm32cubeide/plugins/com.st.stm32cube.ide.mcu.externaltools.gnu-tools-for-stm32.9-2020-q2-update.win32_1.5.0.202011040924/tools/bin/../lib/gcc/arm-none-eabi/9.3.1/../../../../arm-none-eabi/lib/thumb/v7e-m+fp/hard\libc_nano.a(lib_a-nano-vfprintf_i.o)
                0x0000000008006a8c                _printf_common
 *fill*         0x0000000008006b66        0x2 
 .text._printf_i
                0x0000000008006b68      0x24c f:/st/stm32cubeide_1.5.1/stm32cubeide/plugins/com.st.stm32cube.ide.mcu.externaltools.gnu-tools-for-stm32.9-2020-q2-update.win32_1.5.0.202011040924/tools/bin/../lib/gcc/arm-none-eabi/9.3.1/../../../../arm-none-eabi/lib/thumb/v7e-m+fp/hard\libc_nano.a(lib_a-nano-vfprintf_i.o)
                0x0000000008006b68                _printf_i
 .text.printf   0x0000000008006db4       0x30 f:/st/stm32cubeide_1.5.1/stm32cubeide/plugins/com.st.stm32cube.ide.mcu.externaltools.gnu-tools-for-stm32.9-2020-q2-update.win32_1.5.0.202011040924/tools/bin/../lib/gcc/arm-none-eabi/9.3.1/../../../../arm-none-eabi/lib/thumb/v7e-m+fp/hard\libc_nano.a(lib_a-printf.o)
                0x0000000008006db4                iprintf
                0x0000000008006db4                printf
 .text._puts_r  0x0000000008006de4       0xdc f:/st/stm32cubeide_1.5.1/stm32cubeide/plugins/com.st.stm32cube.ide.mcu.externaltools.gnu-tools-for-stm32.9-2020-q2-update.win32_1.5.0.202011040924/tools/bin/../lib/gcc/arm-none-eabi/9.3.1/../../../../arm-none-eabi/lib/thumb/v7e-m+fp/hard\libc_nano.a(lib_a-puts.o)
                0x0000000008006de4                _puts_r
 .text.puts     0x0000000008006ec0       0x10 f:/st/stm32cubeide_1.5.1/stm32cubeide/plugins/com.st.stm32cube.ide.mcu.externaltools.gnu-tools-for-stm32.9-2020-q2-update.win32_1.5.0.202011040924/tools/bin/../lib/gcc/arm-none-eabi/9.3.1/../../../../arm-none-eabi/lib/thumb/v7e-m+fp/hard\libc_nano.a(lib_a-puts.o)
                0x0000000008006ec0                puts
 .text.__swbuf_r
                0x0000000008006ed0       0xa4 f:/st/stm32cubeide_1.5.1/stm32cubeide/plugins/com.st.stm32cube.ide.mcu.externaltools.gnu-tools-for-stm32.9-2020-q2-update.win32_1.5.0.202011040924/tools/bin/../lib/gcc/arm-none-eabi/9.3.1/../../../../arm-none-eabi/lib/thumb/v7e-m+fp/hard\libc_nano.a(lib_a-wbuf.o)
                0x0000000008006ed0                __swbuf_r
 .text.__swsetup_r
                0x0000000008006f74       0xdc f:/st/stm32cubeide_1.5.1/stm32cubeide/plugins/com.st.stm32cube.ide.mcu.externaltools.gnu-tools-for-stm32.9-2020-q2-update.win32_1.5.0.202011040924/tools/bin/../lib/gcc/arm-none-eabi/9.3.1/../../../../arm-none-eabi/lib/thumb/v7e-m+fp/hard\libc_nano.a(lib_a-wsetup.o)
                0x0000000008006f74                __swsetup_r
 .text.quorem   0x0000000008007050      0x116 f:/st/stm32cubeide_1.5.1/stm32cubeide/plugins/com.st.stm32cube.ide.mcu.externaltools.gnu-tools-for-stm32.9-2020-q2-update.win32_1.5.0.202011040924/tools/bin/../lib/gcc/arm-none-eabi/9.3.1/../../../../arm-none-eabi/lib/thumb/v7e-m+fp/hard\libc_nano.a(lib_a-dtoa.o)
 *fill*         0x0000000008007166        0x2 
 .text._dtoa_r  0x0000000008007168      0xbd8 f:/st/stm32cubeide_1.5.1/stm32cubeide/plugins/com.st.stm32cube.ide.mcu.externaltools.gnu-tools-for-stm32.9-2020-q2-update.win32_1.5.0.202011040924/tools/bin/../lib/gcc/arm-none-eabi/9.3.1/../../../../arm-none-eabi/lib/thumb/v7e-m+fp/hard\libc_nano.a(lib_a-dtoa.o)
                0x0000000008007168                _dtoa_r
 .text.__sflush_r
                0x0000000008007d40      0x10c f:/st/stm32cubeide_1.5.1/stm32cubeide/plugins/com.st.stm32cube.ide.mcu.externaltools.gnu-tools-for-stm32.9-2020-q2-update.win32_1.5.0.202011040924/tools/bin/../lib/gcc/arm-none-eabi/9.3.1/../../../../arm-none-eabi/lib/thumb/v7e-m+fp/hard\libc_nano.a(lib_a-fflush.o)
                0x0000000008007d40                __sflush_r
 .text._fflush_r
                0x0000000008007e4c       0x78 f:/st/stm32cubeide_1.5.1/stm32cubeide/plugins/com.st.stm32cube.ide.mcu.externaltools.gnu-tools-for-stm32.9-2020-q2-update.win32_1.5.0.202011040924/tools/bin/../lib/gcc/arm-none-eabi/9.3.1/../../../../arm-none-eabi/lib/thumb/v7e-m+fp/hard\libc_nano.a(lib_a-fflush.o)
                0x0000000008007e4c                _fflush_r
 .text.std      0x0000000008007ec4       0x48 f:/st/stm32cubeide_1.5.1/stm32cubeide/plugins/com.st.stm32cube.ide.mcu.externaltools.gnu-tools-for-stm32.9-2020-q2-update.win32_1.5.0.202011040924/tools/bin/../lib/gcc/arm-none-eabi/9.3.1/../../../../arm-none-eabi/lib/thumb/v7e-m+fp/hard\libc_nano.a(lib_a-findfp.o)
 .text._cleanup_r
                0x0000000008007f0c        0xc f:/st/stm32cubeide_1.5.1/stm32cubeide/plugins/com.st.stm32cube.ide.mcu.externaltools.gnu-tools-for-stm32.9-2020-q2-update.win32_1.5.0.202011040924/tools/bin/../lib/gcc/arm-none-eabi/9.3.1/../../../../arm-none-eabi/lib/thumb/v7e-m+fp/hard\libc_nano.a(lib_a-findfp.o)
                0x0000000008007f0c                _cleanup_r
 .text.__sfmoreglue
                0x0000000008007f18       0x2c f:/st/stm32cubeide_1.5.1/stm32cubeide/plugins/com.st.stm32cube.ide.mcu.externaltools.gnu-tools-for-stm32.9-2020-q2-update.win32_1.5.0.202011040924/tools/bin/../lib/gcc/arm-none-eabi/9.3.1/../../../../arm-none-eabi/lib/thumb/v7e-m+fp/hard\libc_nano.a(lib_a-findfp.o)
                0x0000000008007f18                __sfmoreglue
 .text.__sfp_lock_acquire
                0x0000000008007f44        0xc f:/st/stm32cubeide_1.5.1/stm32cubeide/plugins/com.st.stm32cube.ide.mcu.externaltools.gnu-tools-for-stm32.9-2020-q2-update.win32_1.5.0.202011040924/tools/bin/../lib/gcc/arm-none-eabi/9.3.1/../../../../arm-none-eabi/lib/thumb/v7e-m+fp/hard\libc_nano.a(lib_a-findfp.o)
                0x0000000008007f44                __sfp_lock_acquire
 .text.__sfp_lock_release
                0x0000000008007f50        0xc f:/st/stm32cubeide_1.5.1/stm32cubeide/plugins/com.st.stm32cube.ide.mcu.externaltools.gnu-tools-for-stm32.9-2020-q2-update.win32_1.5.0.202011040924/tools/bin/../lib/gcc/arm-none-eabi/9.3.1/../../../../arm-none-eabi/lib/thumb/v7e-m+fp/hard\libc_nano.a(lib_a-findfp.o)
                0x0000000008007f50                __sfp_lock_release
 .text.__sinit_lock_acquire
                0x0000000008007f5c        0xc f:/st/stm32cubeide_1.5.1/stm32cubeide/plugins/com.st.stm32cube.ide.mcu.externaltools.gnu-tools-for-stm32.9-2020-q2-update.win32_1.5.0.202011040924/tools/bin/../lib/gcc/arm-none-eabi/9.3.1/../../../../arm-none-eabi/lib/thumb/v7e-m+fp/hard\libc_nano.a(lib_a-findfp.o)
                0x0000000008007f5c                __sinit_lock_acquire
 .text.__sinit_lock_release
                0x0000000008007f68        0xc f:/st/stm32cubeide_1.5.1/stm32cubeide/plugins/com.st.stm32cube.ide.mcu.externaltools.gnu-tools-for-stm32.9-2020-q2-update.win32_1.5.0.202011040924/tools/bin/../lib/gcc/arm-none-eabi/9.3.1/../../../../arm-none-eabi/lib/thumb/v7e-m+fp/hard\libc_nano.a(lib_a-findfp.o)
                0x0000000008007f68                __sinit_lock_release
 .text.__sinit  0x0000000008007f74       0x70 f:/st/stm32cubeide_1.5.1/stm32cubeide/plugins/com.st.stm32cube.ide.mcu.externaltools.gnu-tools-for-stm32.9-2020-q2-update.win32_1.5.0.202011040924/tools/bin/../lib/gcc/arm-none-eabi/9.3.1/../../../../arm-none-eabi/lib/thumb/v7e-m+fp/hard\libc_nano.a(lib_a-findfp.o)
                0x0000000008007f74                __sinit
 .text.__sfp    0x0000000008007fe4       0x8c f:/st/stm32cubeide_1.5.1/stm32cubeide/plugins/com.st.stm32cube.ide.mcu.externaltools.gnu-tools-for-stm32.9-2020-q2-update.win32_1.5.0.202011040924/tools/bin/../lib/gcc/arm-none-eabi/9.3.1/../../../../arm-none-eabi/lib/thumb/v7e-m+fp/hard\libc_nano.a(lib_a-findfp.o)
                0x0000000008007fe4                __sfp
 .text._fwalk_reent
                0x0000000008008070       0x3e f:/st/stm32cubeide_1.5.1/stm32cubeide/plugins/com.st.stm32cube.ide.mcu.externaltools.gnu-tools-for-stm32.9-2020-q2-update.win32_1.5.0.202011040924/tools/bin/../lib/gcc/arm-none-eabi/9.3.1/../../../../arm-none-eabi/lib/thumb/v7e-m+fp/hard\libc_nano.a(lib_a-fwalk.o)
                0x0000000008008070                _fwalk_reent
 *fill*         0x00000000080080ae        0x2 
 .text._localeconv_r
                0x00000000080080b0        0x8 f:/st/stm32cubeide_1.5.1/stm32cubeide/plugins/com.st.stm32cube.ide.mcu.externaltools.gnu-tools-for-stm32.9-2020-q2-update.win32_1.5.0.202011040924/tools/bin/../lib/gcc/arm-none-eabi/9.3.1/../../../../arm-none-eabi/lib/thumb/v7e-m+fp/hard\libc_nano.a(lib_a-localeconv.o)
                0x00000000080080b0                _localeconv_r
 .text.__retarget_lock_init_recursive
                0x00000000080080b8        0x2 f:/st/stm32cubeide_1.5.1/stm32cubeide/plugins/com.st.stm32cube.ide.mcu.externaltools.gnu-tools-for-stm32.9-2020-q2-update.win32_1.5.0.202011040924/tools/bin/../lib/gcc/arm-none-eabi/9.3.1/../../../../arm-none-eabi/lib/thumb/v7e-m+fp/hard\libc_nano.a(lib_a-lock.o)
                0x00000000080080b8                __retarget_lock_init_recursive
 .text.__retarget_lock_acquire_recursive
                0x00000000080080ba        0x2 f:/st/stm32cubeide_1.5.1/stm32cubeide/plugins/com.st.stm32cube.ide.mcu.externaltools.gnu-tools-for-stm32.9-2020-q2-update.win32_1.5.0.202011040924/tools/bin/../lib/gcc/arm-none-eabi/9.3.1/../../../../arm-none-eabi/lib/thumb/v7e-m+fp/hard\libc_nano.a(lib_a-lock.o)
                0x00000000080080ba                __retarget_lock_acquire_recursive
 .text.__retarget_lock_release_recursive
                0x00000000080080bc        0x2 f:/st/stm32cubeide_1.5.1/stm32cubeide/plugins/com.st.stm32cube.ide.mcu.externaltools.gnu-tools-for-stm32.9-2020-q2-update.win32_1.5.0.202011040924/tools/bin/../lib/gcc/arm-none-eabi/9.3.1/../../../../arm-none-eabi/lib/thumb/v7e-m+fp/hard\libc_nano.a(lib_a-lock.o)
                0x00000000080080bc                __retarget_lock_release_recursive
 .text.__swhatbuf_r
                0x00000000080080be       0x48 f:/st/stm32cubeide_1.5.1/stm32cubeide/plugins/com.st.stm32cube.ide.mcu.externaltools.gnu-tools-for-stm32.9-2020-q2-update.win32_1.5.0.202011040924/tools/bin/../lib/gcc/arm-none-eabi/9.3.1/../../../../arm-none-eabi/lib/thumb/v7e-m+fp/hard\libc_nano.a(lib_a-makebuf.o)
                0x00000000080080be                __swhatbuf_r
 *fill*         0x0000000008008106        0x2 
 .text.__smakebuf_r
                0x0000000008008108       0x80 f:/st/stm32cubeide_1.5.1/stm32cubeide/plugins/com.st.stm32cube.ide.mcu.externaltools.gnu-tools-for-stm32.9-2020-q2-update.win32_1.5.0.202011040924/tools/bin/../lib/gcc/arm-none-eabi/9.3.1/../../../../arm-none-eabi/lib/thumb/v7e-m+fp/hard\libc_nano.a(lib_a-makebuf.o)
                0x0000000008008108                __smakebuf_r
 .text.malloc   0x0000000008008188       0x10 f:/st/stm32cubeide_1.5.1/stm32cubeide/plugins/com.st.stm32cube.ide.mcu.externaltools.gnu-tools-for-stm32.9-2020-q2-update.win32_1.5.0.202011040924/tools/bin/../lib/gcc/arm-none-eabi/9.3.1/../../../../arm-none-eabi/lib/thumb/v7e-m+fp/hard\libc_nano.a(lib_a-malloc.o)
                0x0000000008008188                malloc
 .text.memcpy   0x0000000008008198       0x1c f:/st/stm32cubeide_1.5.1/stm32cubeide/plugins/com.st.stm32cube.ide.mcu.externaltools.gnu-tools-for-stm32.9-2020-q2-update.win32_1.5.0.202011040924/tools/bin/../lib/gcc/arm-none-eabi/9.3.1/../../../../arm-none-eabi/lib/thumb/v7e-m+fp/hard\libc_nano.a(lib_a-memcpy-stub.o)
                0x0000000008008198                memcpy
 .text._Balloc  0x00000000080081b4       0x80 f:/st/stm32cubeide_1.5.1/stm32cubeide/plugins/com.st.stm32cube.ide.mcu.externaltools.gnu-tools-for-stm32.9-2020-q2-update.win32_1.5.0.202011040924/tools/bin/../lib/gcc/arm-none-eabi/9.3.1/../../../../arm-none-eabi/lib/thumb/v7e-m+fp/hard\libc_nano.a(lib_a-mprec.o)
                0x00000000080081b4                _Balloc
 .text._Bfree   0x0000000008008234       0x44 f:/st/stm32cubeide_1.5.1/stm32cubeide/plugins/com.st.stm32cube.ide.mcu.externaltools.gnu-tools-for-stm32.9-2020-q2-update.win32_1.5.0.202011040924/tools/bin/../lib/gcc/arm-none-eabi/9.3.1/../../../../arm-none-eabi/lib/thumb/v7e-m+fp/hard\libc_nano.a(lib_a-mprec.o)
                0x0000000008008234                _Bfree
 .text.__multadd
                0x0000000008008278       0x94 f:/st/stm32cubeide_1.5.1/stm32cubeide/plugins/com.st.stm32cube.ide.mcu.externaltools.gnu-tools-for-stm32.9-2020-q2-update.win32_1.5.0.202011040924/tools/bin/../lib/gcc/arm-none-eabi/9.3.1/../../../../arm-none-eabi/lib/thumb/v7e-m+fp/hard\libc_nano.a(lib_a-mprec.o)
                0x0000000008008278                __multadd
 .text.__hi0bits
                0x000000000800830c       0x40 f:/st/stm32cubeide_1.5.1/stm32cubeide/plugins/com.st.stm32cube.ide.mcu.externaltools.gnu-tools-for-stm32.9-2020-q2-update.win32_1.5.0.202011040924/tools/bin/../lib/gcc/arm-none-eabi/9.3.1/../../../../arm-none-eabi/lib/thumb/v7e-m+fp/hard\libc_nano.a(lib_a-mprec.o)
                0x000000000800830c                __hi0bits
 .text.__lo0bits
                0x000000000800834c       0x60 f:/st/stm32cubeide_1.5.1/stm32cubeide/plugins/com.st.stm32cube.ide.mcu.externaltools.gnu-tools-for-stm32.9-2020-q2-update.win32_1.5.0.202011040924/tools/bin/../lib/gcc/arm-none-eabi/9.3.1/../../../../arm-none-eabi/lib/thumb/v7e-m+fp/hard\libc_nano.a(lib_a-mprec.o)
                0x000000000800834c                __lo0bits
 .text.__i2b    0x00000000080083ac       0x2c f:/st/stm32cubeide_1.5.1/stm32cubeide/plugins/com.st.stm32cube.ide.mcu.externaltools.gnu-tools-for-stm32.9-2020-q2-update.win32_1.5.0.202011040924/tools/bin/../lib/gcc/arm-none-eabi/9.3.1/../../../../arm-none-eabi/lib/thumb/v7e-m+fp/hard\libc_nano.a(lib_a-mprec.o)
                0x00000000080083ac                __i2b
 .text.__multiply
                0x00000000080083d8      0x14c f:/st/stm32cubeide_1.5.1/stm32cubeide/plugins/com.st.stm32cube.ide.mcu.externaltools.gnu-tools-for-stm32.9-2020-q2-update.win32_1.5.0.202011040924/tools/bin/../lib/gcc/arm-none-eabi/9.3.1/../../../../arm-none-eabi/lib/thumb/v7e-m+fp/hard\libc_nano.a(lib_a-mprec.o)
                0x00000000080083d8                __multiply
 .text.__pow5mult
                0x0000000008008524       0xb4 f:/st/stm32cubeide_1.5.1/stm32cubeide/plugins/com.st.stm32cube.ide.mcu.externaltools.gnu-tools-for-stm32.9-2020-q2-update.win32_1.5.0.202011040924/tools/bin/../lib/gcc/arm-none-eabi/9.3.1/../../../../arm-none-eabi/lib/thumb/v7e-m+fp/hard\libc_nano.a(lib_a-mprec.o)
                0x0000000008008524                __pow5mult
 .text.__lshift
                0x00000000080085d8       0xd8 f:/st/stm32cubeide_1.5.1/stm32cubeide/plugins/com.st.stm32cube.ide.mcu.externaltools.gnu-tools-for-stm32.9-2020-q2-update.win32_1.5.0.202011040924/tools/bin/../lib/gcc/arm-none-eabi/9.3.1/../../../../arm-none-eabi/lib/thumb/v7e-m+fp/hard\libc_nano.a(lib_a-mprec.o)
                0x00000000080085d8                __lshift
 .text.__mcmp   0x00000000080086b0       0x38 f:/st/stm32cubeide_1.5.1/stm32cubeide/plugins/com.st.stm32cube.ide.mcu.externaltools.gnu-tools-for-stm32.9-2020-q2-update.win32_1.5.0.202011040924/tools/bin/../lib/gcc/arm-none-eabi/9.3.1/../../../../arm-none-eabi/lib/thumb/v7e-m+fp/hard\libc_nano.a(lib_a-mprec.o)
                0x00000000080086b0                __mcmp
 .text.__mdiff  0x00000000080086e8      0x110 f:/st/stm32cubeide_1.5.1/stm32cubeide/plugins/com.st.stm32cube.ide.mcu.externaltools.gnu-tools-for-stm32.9-2020-q2-update.win32_1.5.0.202011040924/tools/bin/../lib/gcc/arm-none-eabi/9.3.1/../../../../arm-none-eabi/lib/thumb/v7e-m+fp/hard\libc_nano.a(lib_a-mprec.o)
                0x00000000080086e8                __mdiff
 .text.__d2b    0x00000000080087f8       0xb8 f:/st/stm32cubeide_1.5.1/stm32cubeide/plugins/com.st.stm32cube.ide.mcu.externaltools.gnu-tools-for-stm32.9-2020-q2-update.win32_1.5.0.202011040924/tools/bin/../lib/gcc/arm-none-eabi/9.3.1/../../../../arm-none-eabi/lib/thumb/v7e-m+fp/hard\libc_nano.a(lib_a-mprec.o)
                0x00000000080087f8                __d2b
 .text._calloc_r
                0x00000000080088b0       0x1e f:/st/stm32cubeide_1.5.1/stm32cubeide/plugins/com.st.stm32cube.ide.mcu.externaltools.gnu-tools-for-stm32.9-2020-q2-update.win32_1.5.0.202011040924/tools/bin/../lib/gcc/arm-none-eabi/9.3.1/../../../../arm-none-eabi/lib/thumb/v7e-m+fp/hard\libc_nano.a(lib_a-nano-callocr.o)
                0x00000000080088b0                _calloc_r
 *fill*         0x00000000080088ce        0x2 
 .text._free_r  0x00000000080088d0       0xa0 f:/st/stm32cubeide_1.5.1/stm32cubeide/plugins/com.st.stm32cube.ide.mcu.externaltools.gnu-tools-for-stm32.9-2020-q2-update.win32_1.5.0.202011040924/tools/bin/../lib/gcc/arm-none-eabi/9.3.1/../../../../arm-none-eabi/lib/thumb/v7e-m+fp/hard\libc_nano.a(lib_a-nano-freer.o)
                0x00000000080088d0                _free_r
 .text._malloc_r
                0x0000000008008970       0xb4 f:/st/stm32cubeide_1.5.1/stm32cubeide/plugins/com.st.stm32cube.ide.mcu.externaltools.gnu-tools-for-stm32.9-2020-q2-update.win32_1.5.0.202011040924/tools/bin/../lib/gcc/arm-none-eabi/9.3.1/../../../../arm-none-eabi/lib/thumb/v7e-m+fp/hard\libc_nano.a(lib_a-nano-mallocr.o)
                0x0000000008008970                _malloc_r
 .text.__sfputc_r
                0x0000000008008a24       0x2e f:/st/stm32cubeide_1.5.1/stm32cubeide/plugins/com.st.stm32cube.ide.mcu.externaltools.gnu-tools-for-stm32.9-2020-q2-update.win32_1.5.0.202011040924/tools/bin/../lib/gcc/arm-none-eabi/9.3.1/../../../../arm-none-eabi/lib/thumb/v7e-m+fp/hard\libc_nano.a(lib_a-nano-vfprintf.o)
 .text.__sfputs_r
                0x0000000008008a52       0x24 f:/st/stm32cubeide_1.5.1/stm32cubeide/plugins/com.st.stm32cube.ide.mcu.externaltools.gnu-tools-for-stm32.9-2020-q2-update.win32_1.5.0.202011040924/tools/bin/../lib/gcc/arm-none-eabi/9.3.1/../../../../arm-none-eabi/lib/thumb/v7e-m+fp/hard\libc_nano.a(lib_a-nano-vfprintf.o)
                0x0000000008008a52                __sfputs_r
 *fill*         0x0000000008008a76        0x2 
 .text._vfprintf_r
                0x0000000008008a78      0x260 f:/st/stm32cubeide_1.5.1/stm32cubeide/plugins/com.st.stm32cube.ide.mcu.externaltools.gnu-tools-for-stm32.9-2020-q2-update.win32_1.5.0.202011040924/tools/bin/../lib/gcc/arm-none-eabi/9.3.1/../../../../arm-none-eabi/lib/thumb/v7e-m+fp/hard\libc_nano.a(lib_a-nano-vfprintf.o)
                0x0000000008008a78                _vfprintf_r
                0x0000000008008a78                _vfiprintf_r
 .text._sbrk_r  0x0000000008008cd8       0x20 f:/st/stm32cubeide_1.5.1/stm32cubeide/plugins/com.st.stm32cube.ide.mcu.externaltools.gnu-tools-for-stm32.9-2020-q2-update.win32_1.5.0.202011040924/tools/bin/../lib/gcc/arm-none-eabi/9.3.1/../../../../arm-none-eabi/lib/thumb/v7e-m+fp/hard\libc_nano.a(lib_a-sbrkr.o)
                0x0000000008008cd8                _sbrk_r
 .text.__sread  0x0000000008008cf8       0x22 f:/st/stm32cubeide_1.5.1/stm32cubeide/plugins/com.st.stm32cube.ide.mcu.externaltools.gnu-tools-for-stm32.9-2020-q2-update.win32_1.5.0.202011040924/tools/bin/../lib/gcc/arm-none-eabi/9.3.1/../../../../arm-none-eabi/lib/thumb/v7e-m+fp/hard\libc_nano.a(lib_a-stdio.o)
                0x0000000008008cf8                __sread
 .text.__swrite
                0x0000000008008d1a       0x38 f:/st/stm32cubeide_1.5.1/stm32cubeide/plugins/com.st.stm32cube.ide.mcu.externaltools.gnu-tools-for-stm32.9-2020-q2-update.win32_1.5.0.202011040924/tools/bin/../lib/gcc/arm-none-eabi/9.3.1/../../../../arm-none-eabi/lib/thumb/v7e-m+fp/hard\libc_nano.a(lib_a-stdio.o)
                0x0000000008008d1a                __swrite
 .text.__sseek  0x0000000008008d52       0x24 f:/st/stm32cubeide_1.5.1/stm32cubeide/plugins/com.st.stm32cube.ide.mcu.externaltools.gnu-tools-for-stm32.9-2020-q2-update.win32_1.5.0.202011040924/tools/bin/../lib/gcc/arm-none-eabi/9.3.1/../../../../arm-none-eabi/lib/thumb/v7e-m+fp/hard\libc_nano.a(lib_a-stdio.o)
                0x0000000008008d52                __sseek
 .text.__sclose
                0x0000000008008d76        0x8 f:/st/stm32cubeide_1.5.1/stm32cubeide/plugins/com.st.stm32cube.ide.mcu.externaltools.gnu-tools-for-stm32.9-2020-q2-update.win32_1.5.0.202011040924/tools/bin/../lib/gcc/arm-none-eabi/9.3.1/../../../../arm-none-eabi/lib/thumb/v7e-m+fp/hard\libc_nano.a(lib_a-stdio.o)
                0x0000000008008d76                __sclose
 *fill*         0x0000000008008d7e        0x2 
 .text._write_r
                0x0000000008008d80       0x24 f:/st/stm32cubeide_1.5.1/stm32cubeide/plugins/com.st.stm32cube.ide.mcu.externaltools.gnu-tools-for-stm32.9-2020-q2-update.win32_1.5.0.202011040924/tools/bin/../lib/gcc/arm-none-eabi/9.3.1/../../../../arm-none-eabi/lib/thumb/v7e-m+fp/hard\libc_nano.a(lib_a-writer.o)
                0x0000000008008d80                _write_r
 .text.__assert_func
                0x0000000008008da4       0x3c f:/st/stm32cubeide_1.5.1/stm32cubeide/plugins/com.st.stm32cube.ide.mcu.externaltools.gnu-tools-for-stm32.9-2020-q2-update.win32_1.5.0.202011040924/tools/bin/../lib/gcc/arm-none-eabi/9.3.1/../../../../arm-none-eabi/lib/thumb/v7e-m+fp/hard\libc_nano.a(lib_a-assert.o)
                0x0000000008008da4                __assert_func
 .text._close_r
                0x0000000008008de0       0x20 f:/st/stm32cubeide_1.5.1/stm32cubeide/plugins/com.st.stm32cube.ide.mcu.externaltools.gnu-tools-for-stm32.9-2020-q2-update.win32_1.5.0.202011040924/tools/bin/../lib/gcc/arm-none-eabi/9.3.1/../../../../arm-none-eabi/lib/thumb/v7e-m+fp/hard\libc_nano.a(lib_a-closer.o)
                0x0000000008008de0                _close_r
 .text.fprintf  0x0000000008008e00       0x24 f:/st/stm32cubeide_1.5.1/stm32cubeide/plugins/com.st.stm32cube.ide.mcu.externaltools.gnu-tools-for-stm32.9-2020-q2-update.win32_1.5.0.202011040924/tools/bin/../lib/gcc/arm-none-eabi/9.3.1/../../../../arm-none-eabi/lib/thumb/v7e-m+fp/hard\libc_nano.a(lib_a-fprintf.o)
                0x0000000008008e00                fiprintf
                0x0000000008008e00                fprintf
 .text._fstat_r
                0x0000000008008e24       0x24 f:/st/stm32cubeide_1.5.1/stm32cubeide/plugins/com.st.stm32cube.ide.mcu.externaltools.gnu-tools-for-stm32.9-2020-q2-update.win32_1.5.0.202011040924/tools/bin/../lib/gcc/arm-none-eabi/9.3.1/../../../../arm-none-eabi/lib/thumb/v7e-m+fp/hard\libc_nano.a(lib_a-fstatr.o)
                0x0000000008008e24                _fstat_r
 .text._isatty_r
                0x0000000008008e48       0x20 f:/st/stm32cubeide_1.5.1/stm32cubeide/plugins/com.st.stm32cube.ide.mcu.externaltools.gnu-tools-for-stm32.9-2020-q2-update.win32_1.5.0.202011040924/tools/bin/../lib/gcc/arm-none-eabi/9.3.1/../../../../arm-none-eabi/lib/thumb/v7e-m+fp/hard\libc_nano.a(lib_a-isattyr.o)
                0x0000000008008e48                _isatty_r
 .text._lseek_r
                0x0000000008008e68       0x24 f:/st/stm32cubeide_1.5.1/stm32cubeide/plugins/com.st.stm32cube.ide.mcu.externaltools.gnu-tools-for-stm32.9-2020-q2-update.win32_1.5.0.202011040924/tools/bin/../lib/gcc/arm-none-eabi/9.3.1/../../../../arm-none-eabi/lib/thumb/v7e-m+fp/hard\libc_nano.a(lib_a-lseekr.o)
                0x0000000008008e68                _lseek_r
 .text.__ascii_mbtowc
                0x0000000008008e8c       0x24 f:/st/stm32cubeide_1.5.1/stm32cubeide/plugins/com.st.stm32cube.ide.mcu.externaltools.gnu-tools-for-stm32.9-2020-q2-update.win32_1.5.0.202011040924/tools/bin/../lib/gcc/arm-none-eabi/9.3.1/../../../../arm-none-eabi/lib/thumb/v7e-m+fp/hard\libc_nano.a(lib_a-mbtowc_r.o)
                0x0000000008008e8c                __ascii_mbtowc
 .text.__malloc_lock
                0x0000000008008eb0        0xc f:/st/stm32cubeide_1.5.1/stm32cubeide/plugins/com.st.stm32cube.ide.mcu.externaltools.gnu-tools-for-stm32.9-2020-q2-update.win32_1.5.0.202011040924/tools/bin/../lib/gcc/arm-none-eabi/9.3.1/../../../../arm-none-eabi/lib/thumb/v7e-m+fp/hard\libc_nano.a(lib_a-mlock.o)
                0x0000000008008eb0                __malloc_lock
 .text.__malloc_unlock
                0x0000000008008ebc        0xc f:/st/stm32cubeide_1.5.1/stm32cubeide/plugins/com.st.stm32cube.ide.mcu.externaltools.gnu-tools-for-stm32.9-2020-q2-update.win32_1.5.0.202011040924/tools/bin/../lib/gcc/arm-none-eabi/9.3.1/../../../../arm-none-eabi/lib/thumb/v7e-m+fp/hard\libc_nano.a(lib_a-mlock.o)
                0x0000000008008ebc                __malloc_unlock
 .text._read_r  0x0000000008008ec8       0x24 f:/st/stm32cubeide_1.5.1/stm32cubeide/plugins/com.st.stm32cube.ide.mcu.externaltools.gnu-tools-for-stm32.9-2020-q2-update.win32_1.5.0.202011040924/tools/bin/../lib/gcc/arm-none-eabi/9.3.1/../../../../arm-none-eabi/lib/thumb/v7e-m+fp/hard\libc_nano.a(lib_a-readr.o)
                0x0000000008008ec8                _read_r
 .text.__ascii_wctomb
                0x0000000008008eec       0x1a f:/st/stm32cubeide_1.5.1/stm32cubeide/plugins/com.st.stm32cube.ide.mcu.externaltools.gnu-tools-for-stm32.9-2020-q2-update.win32_1.5.0.202011040924/tools/bin/../lib/gcc/arm-none-eabi/9.3.1/../../../../arm-none-eabi/lib/thumb/v7e-m+fp/hard\libc_nano.a(lib_a-wctomb_r.o)
                0x0000000008008eec                __ascii_wctomb
 .text.abort    0x0000000008008f06        0xe f:/st/stm32cubeide_1.5.1/stm32cubeide/plugins/com.st.stm32cube.ide.mcu.externaltools.gnu-tools-for-stm32.9-2020-q2-update.win32_1.5.0.202011040924/tools/bin/../lib/gcc/arm-none-eabi/9.3.1/../../../../arm-none-eabi/lib/thumb/v7e-m+fp/hard\libc_nano.a(lib_a-abort.o)
                0x0000000008008f06                abort
 .text._raise_r
                0x0000000008008f14       0x50 f:/st/stm32cubeide_1.5.1/stm32cubeide/plugins/com.st.stm32cube.ide.mcu.externaltools.gnu-tools-for-stm32.9-2020-q2-update.win32_1.5.0.202011040924/tools/bin/../lib/gcc/arm-none-eabi/9.3.1/../../../../arm-none-eabi/lib/thumb/v7e-m+fp/hard\libc_nano.a(lib_a-signal.o)
                0x0000000008008f14                _raise_r
 .text.raise    0x0000000008008f64       0x10 f:/st/stm32cubeide_1.5.1/stm32cubeide/plugins/com.st.stm32cube.ide.mcu.externaltools.gnu-tools-for-stm32.9-2020-q2-update.win32_1.5.0.202011040924/tools/bin/../lib/gcc/arm-none-eabi/9.3.1/../../../../arm-none-eabi/lib/thumb/v7e-m+fp/hard\libc_nano.a(lib_a-signal.o)
                0x0000000008008f64                raise
 .text._kill_r  0x0000000008008f74       0x24 f:/st/stm32cubeide_1.5.1/stm32cubeide/plugins/com.st.stm32cube.ide.mcu.externaltools.gnu-tools-for-stm32.9-2020-q2-update.win32_1.5.0.202011040924/tools/bin/../lib/gcc/arm-none-eabi/9.3.1/../../../../arm-none-eabi/lib/thumb/v7e-m+fp/hard\libc_nano.a(lib_a-signalr.o)
                0x0000000008008f74                _kill_r
 .text._getpid_r
                0x0000000008008f98        0x4 f:/st/stm32cubeide_1.5.1/stm32cubeide/plugins/com.st.stm32cube.ide.mcu.externaltools.gnu-tools-for-stm32.9-2020-q2-update.win32_1.5.0.202011040924/tools/bin/../lib/gcc/arm-none-eabi/9.3.1/../../../../arm-none-eabi/lib/thumb/v7e-m+fp/hard\libc_nano.a(lib_a-signalr.o)
                0x0000000008008f98                _getpid_r
 *(.glue_7)
 .glue_7        0x0000000008008f9c        0x0 linker stubs
 *(.glue_7t)
 .glue_7t       0x0000000008008f9c        0x0 linker stubs
 *(.eh_frame)
 .eh_frame      0x0000000008008f9c        0x0 f:/st/stm32cubeide_1.5.1/stm32cubeide/plugins/com.st.stm32cube.ide.mcu.externaltools.gnu-tools-for-stm32.9-2020-q2-update.win32_1.5.0.202011040924/tools/bin/../lib/gcc/arm-none-eabi/9.3.1/thumb/v7e-m+fp/hard/crtbegin.o
 *(.init)
 .init          0x0000000008008f9c        0x4 f:/st/stm32cubeide_1.5.1/stm32cubeide/plugins/com.st.stm32cube.ide.mcu.externaltools.gnu-tools-for-stm32.9-2020-q2-update.win32_1.5.0.202011040924/tools/bin/../lib/gcc/arm-none-eabi/9.3.1/thumb/v7e-m+fp/hard/crti.o
                0x0000000008008f9c                _init
 .init          0x0000000008008fa0        0x8 f:/st/stm32cubeide_1.5.1/stm32cubeide/plugins/com.st.stm32cube.ide.mcu.externaltools.gnu-tools-for-stm32.9-2020-q2-update.win32_1.5.0.202011040924/tools/bin/../lib/gcc/arm-none-eabi/9.3.1/thumb/v7e-m+fp/hard/crtn.o
 *(.fini)
 .fini          0x0000000008008fa8        0x4 f:/st/stm32cubeide_1.5.1/stm32cubeide/plugins/com.st.stm32cube.ide.mcu.externaltools.gnu-tools-for-stm32.9-2020-q2-update.win32_1.5.0.202011040924/tools/bin/../lib/gcc/arm-none-eabi/9.3.1/thumb/v7e-m+fp/hard/crti.o
                0x0000000008008fa8                _fini
 .fini          0x0000000008008fac        0x8 f:/st/stm32cubeide_1.5.1/stm32cubeide/plugins/com.st.stm32cube.ide.mcu.externaltools.gnu-tools-for-stm32.9-2020-q2-update.win32_1.5.0.202011040924/tools/bin/../lib/gcc/arm-none-eabi/9.3.1/thumb/v7e-m+fp/hard/crtn.o
                0x0000000008008fb4                . = ALIGN (0x4)
                0x0000000008008fb4                _etext = .

.vfp11_veneer   0x0000000008008fb4        0x0
 .vfp11_veneer  0x0000000008008fb4        0x0 linker stubs

.v4_bx          0x0000000008008fb4        0x0
 .v4_bx         0x0000000008008fb4        0x0 linker stubs

.iplt           0x0000000008008fb4        0x0
 .iplt          0x0000000008008fb4        0x0 f:/st/stm32cubeide_1.5.1/stm32cubeide/plugins/com.st.stm32cube.ide.mcu.externaltools.gnu-tools-for-stm32.9-2020-q2-update.win32_1.5.0.202011040924/tools/bin/../lib/gcc/arm-none-eabi/9.3.1/thumb/v7e-m+fp/hard/crtbegin.o

.rodata         0x0000000008008fb8    0x13c64
                0x0000000008008fb8                . = ALIGN (0x4)
 *(.rodata)
 .rodata        0x0000000008008fb8       0x4e Core/Src/main.o
 *(.rodata*)
 *fill*         0x0000000008009006        0x2 
 .rodata.AHBPrescTable
                0x0000000008009008       0x10 Core/Src/system_stm32l4xx.o
                0x0000000008009008                AHBPrescTable
 .rodata.APBPrescTable
                0x0000000008009018        0x8 Core/Src/system_stm32l4xx.o
                0x0000000008009018                APBPrescTable
 .rodata.MSIRangeTable
                0x0000000008009020       0x30 Core/Src/system_stm32l4xx.o
                0x0000000008009020                MSIRangeTable
 .rodata.armBitRevIndexTable1024
                0x0000000008009050      0xe10 F:/Users/roger.nicolas/workspace/stm32cubeide/NUCLEO-L476RG_DFSDM_PDM-Mic/Drivers/CMSIS/Lib/GCC\libarm_cortexM4lf_math.a(arm_common_tables.o)
                0x0000000008009050                armBitRevIndexTable1024
 .rodata.armBitRevIndexTable128
                0x0000000008009e60      0x1a0 F:/Users/roger.nicolas/workspace/stm32cubeide/NUCLEO-L476RG_DFSDM_PDM-Mic/Drivers/CMSIS/Lib/GCC\libarm_cortexM4lf_math.a(arm_common_tables.o)
                0x0000000008009e60                armBitRevIndexTable128
 .rodata.armBitRevIndexTable16
                0x000000000800a000       0x28 F:/Users/roger.nicolas/workspace/stm32cubeide/NUCLEO-L476RG_DFSDM_PDM-Mic/Drivers/CMSIS/Lib/GCC\libarm_cortexM4lf_math.a(arm_common_tables.o)
                0x000000000800a000                armBitRevIndexTable16
 .rodata.armBitRevIndexTable2048
                0x000000000800a028     0x1dc0 F:/Users/roger.nicolas/workspace/stm32cubeide/NUCLEO-L476RG_DFSDM_PDM-Mic/Drivers/CMSIS/Lib/GCC\libarm_cortexM4lf_math.a(arm_common_tables.o)
                0x000000000800a028                armBitRevIndexTable2048
 .rodata.armBitRevIndexTable256
                0x000000000800bde8      0x370 F:/Users/roger.nicolas/workspace/stm32cubeide/NUCLEO-L476RG_DFSDM_PDM-Mic/Drivers/CMSIS/Lib/GCC\libarm_cortexM4lf_math.a(arm_common_tables.o)
                0x000000000800bde8                armBitRevIndexTable256
 .rodata.armBitRevIndexTable32
                0x000000000800c158       0x60 F:/Users/roger.nicolas/workspace/stm32cubeide/NUCLEO-L476RG_DFSDM_PDM-Mic/Drivers/CMSIS/Lib/GCC\libarm_cortexM4lf_math.a(arm_common_tables.o)
                0x000000000800c158                armBitRevIndexTable32
 .rodata.armBitRevIndexTable512
                0x000000000800c1b8      0x380 F:/Users/roger.nicolas/workspace/stm32cubeide/NUCLEO-L476RG_DFSDM_PDM-Mic/Drivers/CMSIS/Lib/GCC\libarm_cortexM4lf_math.a(arm_common_tables.o)
                0x000000000800c1b8                armBitRevIndexTable512
 .rodata.sinTable_f32
                0x000000000800c538      0x804 F:/Users/roger.nicolas/workspace/stm32cubeide/NUCLEO-L476RG_DFSDM_PDM-Mic/Drivers/CMSIS/Lib/GCC\libarm_cortexM4lf_math.a(arm_common_tables.o)
                0x000000000800c538                sinTable_f32
 .rodata.twiddleCoef_1024
                0x000000000800cd3c     0x2000 F:/Users/roger.nicolas/workspace/stm32cubeide/NUCLEO-L476RG_DFSDM_PDM-Mic/Drivers/CMSIS/Lib/GCC\libarm_cortexM4lf_math.a(arm_common_tables.o)
                0x000000000800cd3c                twiddleCoef_1024
 .rodata.twiddleCoef_128
                0x000000000800ed3c      0x400 F:/Users/roger.nicolas/workspace/stm32cubeide/NUCLEO-L476RG_DFSDM_PDM-Mic/Drivers/CMSIS/Lib/GCC\libarm_cortexM4lf_math.a(arm_common_tables.o)
                0x000000000800ed3c                twiddleCoef_128
 .rodata.twiddleCoef_16
                0x000000000800f13c       0x80 F:/Users/roger.nicolas/workspace/stm32cubeide/NUCLEO-L476RG_DFSDM_PDM-Mic/Drivers/CMSIS/Lib/GCC\libarm_cortexM4lf_math.a(arm_common_tables.o)
                0x000000000800f13c                twiddleCoef_16
 .rodata.twiddleCoef_2048
                0x000000000800f1bc     0x4000 F:/Users/roger.nicolas/workspace/stm32cubeide/NUCLEO-L476RG_DFSDM_PDM-Mic/Drivers/CMSIS/Lib/GCC\libarm_cortexM4lf_math.a(arm_common_tables.o)
                0x000000000800f1bc                twiddleCoef_2048
 .rodata.twiddleCoef_256
                0x00000000080131bc      0x800 F:/Users/roger.nicolas/workspace/stm32cubeide/NUCLEO-L476RG_DFSDM_PDM-Mic/Drivers/CMSIS/Lib/GCC\libarm_cortexM4lf_math.a(arm_common_tables.o)
                0x00000000080131bc                twiddleCoef_256
 .rodata.twiddleCoef_32
                0x00000000080139bc      0x100 F:/Users/roger.nicolas/workspace/stm32cubeide/NUCLEO-L476RG_DFSDM_PDM-Mic/Drivers/CMSIS/Lib/GCC\libarm_cortexM4lf_math.a(arm_common_tables.o)
                0x00000000080139bc                twiddleCoef_32
 .rodata.twiddleCoef_512
                0x0000000008013abc     0x1000 F:/Users/roger.nicolas/workspace/stm32cubeide/NUCLEO-L476RG_DFSDM_PDM-Mic/Drivers/CMSIS/Lib/GCC\libarm_cortexM4lf_math.a(arm_common_tables.o)
                0x0000000008013abc                twiddleCoef_512
 .rodata.twiddleCoef_rfft_1024
                0x0000000008014abc     0x1000 F:/Users/roger.nicolas/workspace/stm32cubeide/NUCLEO-L476RG_DFSDM_PDM-Mic/Drivers/CMSIS/Lib/GCC\libarm_cortexM4lf_math.a(arm_common_tables.o)
                0x0000000008014abc                twiddleCoef_rfft_1024
 .rodata.twiddleCoef_rfft_2048
                0x0000000008015abc     0x2000 F:/Users/roger.nicolas/workspace/stm32cubeide/NUCLEO-L476RG_DFSDM_PDM-Mic/Drivers/CMSIS/Lib/GCC\libarm_cortexM4lf_math.a(arm_common_tables.o)
                0x0000000008015abc                twiddleCoef_rfft_2048
 .rodata.twiddleCoef_rfft_256
                0x0000000008017abc      0x400 F:/Users/roger.nicolas/workspace/stm32cubeide/NUCLEO-L476RG_DFSDM_PDM-Mic/Drivers/CMSIS/Lib/GCC\libarm_cortexM4lf_math.a(arm_common_tables.o)
                0x0000000008017abc                twiddleCoef_rfft_256
 .rodata.twiddleCoef_rfft_32
                0x0000000008017ebc       0x80 F:/Users/roger.nicolas/workspace/stm32cubeide/NUCLEO-L476RG_DFSDM_PDM-Mic/Drivers/CMSIS/Lib/GCC\libarm_cortexM4lf_math.a(arm_common_tables.o)
                0x0000000008017ebc                twiddleCoef_rfft_32
 .rodata.twiddleCoef_rfft_4096
                0x0000000008017f3c     0x4000 F:/Users/roger.nicolas/workspace/stm32cubeide/NUCLEO-L476RG_DFSDM_PDM-Mic/Drivers/CMSIS/Lib/GCC\libarm_cortexM4lf_math.a(arm_common_tables.o)
                0x0000000008017f3c                twiddleCoef_rfft_4096
 .rodata.twiddleCoef_rfft_512
                0x000000000801bf3c      0x800 F:/Users/roger.nicolas/workspace/stm32cubeide/NUCLEO-L476RG_DFSDM_PDM-Mic/Drivers/CMSIS/Lib/GCC\libarm_cortexM4lf_math.a(arm_common_tables.o)
                0x000000000801bf3c                twiddleCoef_rfft_512
 .rodata.twiddleCoef_rfft_64
                0x000000000801c73c      0x100 F:/Users/roger.nicolas/workspace/stm32cubeide/NUCLEO-L476RG_DFSDM_PDM-Mic/Drivers/CMSIS/Lib/GCC\libarm_cortexM4lf_math.a(arm_common_tables.o)
                0x000000000801c73c                twiddleCoef_rfft_64
 .rodata.log10f.str1.1
                0x000000000801c83c        0x0 f:/st/stm32cubeide_1.5.1/stm32cubeide/plugins/com.st.stm32cube.ide.mcu.externaltools.gnu-tools-for-stm32.9-2020-q2-update.win32_1.5.0.202011040924/tools/bin/../lib/gcc/arm-none-eabi/9.3.1/../../../../arm-none-eabi/lib/thumb/v7e-m+fp/hard\libm.a(lib_a-wf_log10.o)
                                          0x1 (size before relaxing)
 .rodata._global_impure_ptr
                0x000000000801c83c        0x4 f:/st/stm32cubeide_1.5.1/stm32cubeide/plugins/com.st.stm32cube.ide.mcu.externaltools.gnu-tools-for-stm32.9-2020-q2-update.win32_1.5.0.202011040924/tools/bin/../lib/gcc/arm-none-eabi/9.3.1/../../../../arm-none-eabi/lib/thumb/v7e-m+fp/hard\libc_nano.a(lib_a-impure.o)
                0x000000000801c83c                _global_impure_ptr
 .rodata._printf_float.str1.1
                0x000000000801c840       0x12 f:/st/stm32cubeide_1.5.1/stm32cubeide/plugins/com.st.stm32cube.ide.mcu.externaltools.gnu-tools-for-stm32.9-2020-q2-update.win32_1.5.0.202011040924/tools/bin/../lib/gcc/arm-none-eabi/9.3.1/../../../../arm-none-eabi/lib/thumb/v7e-m+fp/hard\libc_nano.a(lib_a-nano-vfprintf_float.o)
 .rodata._printf_i.str1.1
                0x000000000801c852       0x22 f:/st/stm32cubeide_1.5.1/stm32cubeide/plugins/com.st.stm32cube.ide.mcu.externaltools.gnu-tools-for-stm32.9-2020-q2-update.win32_1.5.0.202011040924/tools/bin/../lib/gcc/arm-none-eabi/9.3.1/../../../../arm-none-eabi/lib/thumb/v7e-m+fp/hard\libc_nano.a(lib_a-nano-vfprintf_i.o)
 .rodata._dtoa_r.str1.1
                0x000000000801c874       0x94 f:/st/stm32cubeide_1.5.1/stm32cubeide/plugins/com.st.stm32cube.ide.mcu.externaltools.gnu-tools-for-stm32.9-2020-q2-update.win32_1.5.0.202011040924/tools/bin/../lib/gcc/arm-none-eabi/9.3.1/../../../../arm-none-eabi/lib/thumb/v7e-m+fp/hard\libc_nano.a(lib_a-dtoa.o)
                                         0x96 (size before relaxing)
 .rodata.__sf_fake_stderr
                0x000000000801c908       0x20 f:/st/stm32cubeide_1.5.1/stm32cubeide/plugins/com.st.stm32cube.ide.mcu.externaltools.gnu-tools-for-stm32.9-2020-q2-update.win32_1.5.0.202011040924/tools/bin/../lib/gcc/arm-none-eabi/9.3.1/../../../../arm-none-eabi/lib/thumb/v7e-m+fp/hard\libc_nano.a(lib_a-findfp.o)
                0x000000000801c908                __sf_fake_stderr
 .rodata.__sf_fake_stdin
                0x000000000801c928       0x20 f:/st/stm32cubeide_1.5.1/stm32cubeide/plugins/com.st.stm32cube.ide.mcu.externaltools.gnu-tools-for-stm32.9-2020-q2-update.win32_1.5.0.202011040924/tools/bin/../lib/gcc/arm-none-eabi/9.3.1/../../../../arm-none-eabi/lib/thumb/v7e-m+fp/hard\libc_nano.a(lib_a-findfp.o)
                0x000000000801c928                __sf_fake_stdin
 .rodata.__sf_fake_stdout
                0x000000000801c948       0x20 f:/st/stm32cubeide_1.5.1/stm32cubeide/plugins/com.st.stm32cube.ide.mcu.externaltools.gnu-tools-for-stm32.9-2020-q2-update.win32_1.5.0.202011040924/tools/bin/../lib/gcc/arm-none-eabi/9.3.1/../../../../arm-none-eabi/lib/thumb/v7e-m+fp/hard\libc_nano.a(lib_a-findfp.o)
                0x000000000801c948                __sf_fake_stdout
 .rodata._Balloc.str1.1
                0x000000000801c968       0x60 f:/st/stm32cubeide_1.5.1/stm32cubeide/plugins/com.st.stm32cube.ide.mcu.externaltools.gnu-tools-for-stm32.9-2020-q2-update.win32_1.5.0.202011040924/tools/bin/../lib/gcc/arm-none-eabi/9.3.1/../../../../arm-none-eabi/lib/thumb/v7e-m+fp/hard\libc_nano.a(lib_a-mprec.o)
                                         0x77 (size before relaxing)
 .rodata.__multadd.str1.1
                0x000000000801c9c8       0x11 f:/st/stm32cubeide_1.5.1/stm32cubeide/plugins/com.st.stm32cube.ide.mcu.externaltools.gnu-tools-for-stm32.9-2020-q2-update.win32_1.5.0.202011040924/tools/bin/../lib/gcc/arm-none-eabi/9.3.1/../../../../arm-none-eabi/lib/thumb/v7e-m+fp/hard\libc_nano.a(lib_a-mprec.o)
 .rodata.__mprec_bigtens
                0x000000000801c9c8       0x28 f:/st/stm32cubeide_1.5.1/stm32cubeide/plugins/com.st.stm32cube.ide.mcu.externaltools.gnu-tools-for-stm32.9-2020-q2-update.win32_1.5.0.202011040924/tools/bin/../lib/gcc/arm-none-eabi/9.3.1/../../../../arm-none-eabi/lib/thumb/v7e-m+fp/hard\libc_nano.a(lib_a-mprec.o)
                0x000000000801c9c8                __mprec_bigtens
 .rodata.__mprec_tens
                0x000000000801c9f0       0xc8 f:/st/stm32cubeide_1.5.1/stm32cubeide/plugins/com.st.stm32cube.ide.mcu.externaltools.gnu-tools-for-stm32.9-2020-q2-update.win32_1.5.0.202011040924/tools/bin/../lib/gcc/arm-none-eabi/9.3.1/../../../../arm-none-eabi/lib/thumb/v7e-m+fp/hard\libc_nano.a(lib_a-mprec.o)
                0x000000000801c9f0                __mprec_tens
 .rodata.p05.7513
                0x000000000801cab8        0xc f:/st/stm32cubeide_1.5.1/stm32cubeide/plugins/com.st.stm32cube.ide.mcu.externaltools.gnu-tools-for-stm32.9-2020-q2-update.win32_1.5.0.202011040924/tools/bin/../lib/gcc/arm-none-eabi/9.3.1/../../../../arm-none-eabi/lib/thumb/v7e-m+fp/hard\libc_nano.a(lib_a-mprec.o)
 .rodata._vfprintf_r.str1.1
                0x000000000801cac4       0x11 f:/st/stm32cubeide_1.5.1/stm32cubeide/plugins/com.st.stm32cube.ide.mcu.externaltools.gnu-tools-for-stm32.9-2020-q2-update.win32_1.5.0.202011040924/tools/bin/../lib/gcc/arm-none-eabi/9.3.1/../../../../arm-none-eabi/lib/thumb/v7e-m+fp/hard\libc_nano.a(lib_a-nano-vfprintf.o)
 .rodata.__assert_func.str1.1
                0x000000000801cad5       0x3c f:/st/stm32cubeide_1.5.1/stm32cubeide/plugins/com.st.stm32cube.ide.mcu.externaltools.gnu-tools-for-stm32.9-2020-q2-update.win32_1.5.0.202011040924/tools/bin/../lib/gcc/arm-none-eabi/9.3.1/../../../../arm-none-eabi/lib/thumb/v7e-m+fp/hard\libc_nano.a(lib_a-assert.o)
                                         0x3d (size before relaxing)
 .rodata._setlocale_r.str1.1
                0x000000000801cb11        0x8 f:/st/stm32cubeide_1.5.1/stm32cubeide/plugins/com.st.stm32cube.ide.mcu.externaltools.gnu-tools-for-stm32.9-2020-q2-update.win32_1.5.0.202011040924/tools/bin/../lib/gcc/arm-none-eabi/9.3.1/../../../../arm-none-eabi/lib/thumb/v7e-m+fp/hard\libc_nano.a(lib_a-locale.o)
                                          0x9 (size before relaxing)
 .rodata.str1.1
                0x000000000801cb19        0x2 f:/st/stm32cubeide_1.5.1/stm32cubeide/plugins/com.st.stm32cube.ide.mcu.externaltools.gnu-tools-for-stm32.9-2020-q2-update.win32_1.5.0.202011040924/tools/bin/../lib/gcc/arm-none-eabi/9.3.1/../../../../arm-none-eabi/lib/thumb/v7e-m+fp/hard\libc_nano.a(lib_a-locale.o)
 .rodata._ctype_
                0x000000000801cb1b      0x101 f:/st/stm32cubeide_1.5.1/stm32cubeide/plugins/com.st.stm32cube.ide.mcu.externaltools.gnu-tools-for-stm32.9-2020-q2-update.win32_1.5.0.202011040924/tools/bin/../lib/gcc/arm-none-eabi/9.3.1/../../../../arm-none-eabi/lib/thumb/v7e-m+fp/hard\libc_nano.a(lib_a-ctype_.o)
                0x000000000801cb1b                _ctype_
                0x000000000801cc1c                . = ALIGN (0x4)

.ARM.extab      0x000000000801cc1c        0x0
                0x000000000801cc1c                . = ALIGN (0x4)
 *(.ARM.extab* .gnu.linkonce.armextab.*)
                0x000000000801cc1c                . = ALIGN (0x4)

.ARM            0x000000000801cc1c        0x8
                0x000000000801cc1c                . = ALIGN (0x4)
                0x000000000801cc1c                __exidx_start = .
 *(.ARM.exidx*)
 .ARM.exidx     0x000000000801cc1c        0x8 f:/st/stm32cubeide_1.5.1/stm32cubeide/plugins/com.st.stm32cube.ide.mcu.externaltools.gnu-tools-for-stm32.9-2020-q2-update.win32_1.5.0.202011040924/tools/bin/../lib/gcc/arm-none-eabi/9.3.1/thumb/v7e-m+fp/hard\libgcc.a(_udivmoddi4.o)
                0x000000000801cc24                __exidx_end = .
                0x000000000801cc24                . = ALIGN (0x4)

.rel.dyn        0x000000000801cc24        0x0
 .rel.iplt      0x000000000801cc24        0x0 f:/st/stm32cubeide_1.5.1/stm32cubeide/plugins/com.st.stm32cube.ide.mcu.externaltools.gnu-tools-for-stm32.9-2020-q2-update.win32_1.5.0.202011040924/tools/bin/../lib/gcc/arm-none-eabi/9.3.1/thumb/v7e-m+fp/hard/crtbegin.o

.preinit_array  0x000000000801cc24        0x0
                0x000000000801cc24                . = ALIGN (0x4)
                0x000000000801cc24                PROVIDE (__preinit_array_start = .)
 *(.preinit_array*)
                0x000000000801cc24                PROVIDE (__preinit_array_end = .)
                0x000000000801cc24                . = ALIGN (0x4)

.init_array     0x000000000801cc24        0x4
                0x000000000801cc24                . = ALIGN (0x4)
                0x000000000801cc24                PROVIDE (__init_array_start = .)
 *(SORT_BY_NAME(.init_array.*))
 *(.init_array*)
 .init_array    0x000000000801cc24        0x4 f:/st/stm32cubeide_1.5.1/stm32cubeide/plugins/com.st.stm32cube.ide.mcu.externaltools.gnu-tools-for-stm32.9-2020-q2-update.win32_1.5.0.202011040924/tools/bin/../lib/gcc/arm-none-eabi/9.3.1/thumb/v7e-m+fp/hard/crtbegin.o
                0x000000000801cc28                PROVIDE (__init_array_end = .)
                0x000000000801cc28                . = ALIGN (0x4)

.fini_array     0x000000000801cc28        0x4
                0x000000000801cc28                . = ALIGN (0x4)
                [!provide]                        PROVIDE (__fini_array_start = .)
 *(SORT_BY_NAME(.fini_array.*))
 *(.fini_array*)
 .fini_array    0x000000000801cc28        0x4 f:/st/stm32cubeide_1.5.1/stm32cubeide/plugins/com.st.stm32cube.ide.mcu.externaltools.gnu-tools-for-stm32.9-2020-q2-update.win32_1.5.0.202011040924/tools/bin/../lib/gcc/arm-none-eabi/9.3.1/thumb/v7e-m+fp/hard/crtbegin.o
                [!provide]                        PROVIDE (__fini_array_end = .)
                0x000000000801cc2c                . = ALIGN (0x4)
                0x000000000801cc2c                _sidata = LOADADDR (.data)

.data           0x0000000020000000      0x1e0 load address 0x000000000801cc2c
                0x0000000020000000                . = ALIGN (0x4)
                0x0000000020000000                _sdata = .
 *(.data)
 *(.data*)
 .data.flag     0x0000000020000000        0x1 Core/Src/main.o
                0x0000000020000000                flag
 *fill*         0x0000000020000001        0x3 
 .data.SystemCoreClock
                0x0000000020000004        0x4 Core/Src/system_stm32l4xx.o
                0x0000000020000004                SystemCoreClock
 .data.uwTickPrio
                0x0000000020000008        0x4 Drivers/STM32L4xx_HAL_Driver/Src/stm32l4xx_hal.o
                0x0000000020000008                uwTickPrio
 .data.uwTickFreq
                0x000000002000000c        0x1 Drivers/STM32L4xx_HAL_Driver/Src/stm32l4xx_hal.o
                0x000000002000000c                uwTickFreq
 .data.__fdlib_version
                0x000000002000000d        0x1 f:/st/stm32cubeide_1.5.1/stm32cubeide/plugins/com.st.stm32cube.ide.mcu.externaltools.gnu-tools-for-stm32.9-2020-q2-update.win32_1.5.0.202011040924/tools/bin/../lib/gcc/arm-none-eabi/9.3.1/../../../../arm-none-eabi/lib/thumb/v7e-m+fp/hard\libm.a(lib_a-s_lib_ver.o)
                0x000000002000000d                __fdlib_version
 *fill*         0x000000002000000e        0x2 
 .data._impure_ptr
                0x0000000020000010        0x4 f:/st/stm32cubeide_1.5.1/stm32cubeide/plugins/com.st.stm32cube.ide.mcu.externaltools.gnu-tools-for-stm32.9-2020-q2-update.win32_1.5.0.202011040924/tools/bin/../lib/gcc/arm-none-eabi/9.3.1/../../../../arm-none-eabi/lib/thumb/v7e-m+fp/hard\libc_nano.a(lib_a-impure.o)
                0x0000000020000010                _impure_ptr
 .data.impure_data
                0x0000000020000014       0x60 f:/st/stm32cubeide_1.5.1/stm32cubeide/plugins/com.st.stm32cube.ide.mcu.externaltools.gnu-tools-for-stm32.9-2020-q2-update.win32_1.5.0.202011040924/tools/bin/../lib/gcc/arm-none-eabi/9.3.1/../../../../arm-none-eabi/lib/thumb/v7e-m+fp/hard\libc_nano.a(lib_a-impure.o)
 .data.__global_locale
                0x0000000020000074      0x16c f:/st/stm32cubeide_1.5.1/stm32cubeide/plugins/com.st.stm32cube.ide.mcu.externaltools.gnu-tools-for-stm32.9-2020-q2-update.win32_1.5.0.202011040924/tools/bin/../lib/gcc/arm-none-eabi/9.3.1/../../../../arm-none-eabi/lib/thumb/v7e-m+fp/hard\libc_nano.a(lib_a-locale.o)
                0x0000000020000074                __global_locale
 *(.RamFunc)
 *(.RamFunc*)
                0x00000000200001e0                . = ALIGN (0x4)
                0x00000000200001e0                _edata = .

.igot.plt       0x00000000200001e0        0x0 load address 0x000000000801ce0c
 .igot.plt      0x00000000200001e0        0x0 f:/st/stm32cubeide_1.5.1/stm32cubeide/plugins/com.st.stm32cube.ide.mcu.externaltools.gnu-tools-for-stm32.9-2020-q2-update.win32_1.5.0.202011040924/tools/bin/../lib/gcc/arm-none-eabi/9.3.1/thumb/v7e-m+fp/hard/crtbegin.o
                0x00000000200001e0                . = ALIGN (0x4)

.bss            0x00000000200001e0     0xf1dc load address 0x000000000801ce0c
                0x00000000200001e0                _sbss = .
                0x00000000200001e0                __bss_start__ = _sbss
 *(.bss)
 .bss           0x00000000200001e0       0x1c f:/st/stm32cubeide_1.5.1/stm32cubeide/plugins/com.st.stm32cube.ide.mcu.externaltools.gnu-tools-for-stm32.9-2020-q2-update.win32_1.5.0.202011040924/tools/bin/../lib/gcc/arm-none-eabi/9.3.1/thumb/v7e-m+fp/hard/crtbegin.o
 *(.bss*)
 .bss.HAL_RCC_DFSDM1_CLK_ENABLED
                0x00000000200001fc        0x4 Core/Src/dfsdm.o
 .bss.DFSDM1_Init
                0x0000000020000200        0x4 Core/Src/dfsdm.o
 .bss.Buff      0x0000000020000204     0x4000 Core/Src/main.o
                0x0000000020000204                Buff
 .bss.FFT_inp_int32
                0x0000000020004204     0x2000 Core/Src/main.o
                0x0000000020004204                FFT_inp_int32
 .bss.FFT_inp   0x0000000020006204     0x2000 Core/Src/main.o
                0x0000000020006204                FFT_inp
 .bss.FFT_oup   0x0000000020008204     0x2000 Core/Src/main.o
                0x0000000020008204                FFT_oup
 .bss.FFT_mag   0x000000002000a204     0x1000 Core/Src/main.o
                0x000000002000a204                FFT_mag
 .bss.FFT_dB    0x000000002000b204     0x1000 Core/Src/main.o
                0x000000002000b204                FFT_dB
 .bss.FFT_frq   0x000000002000c204     0x1000 Core/Src/main.o
                0x000000002000c204                FFT_frq
 .bss.FFT_window
                0x000000002000d204     0x2000 Core/Src/main.o
                0x000000002000d204                FFT_window
 .bss.__sbrk_heap_end
                0x000000002000f204        0x4 Core/Src/sysmem.o
 .bss.v_dfsdm1ChannelCounter
                0x000000002000f208        0x4 Drivers/STM32L4xx_HAL_Driver/Src/stm32l4xx_hal_dfsdm.o
 .bss.a_dfsdm1ChannelHandle
                0x000000002000f20c       0x20 Drivers/STM32L4xx_HAL_Driver/Src/stm32l4xx_hal_dfsdm.o
 .bss.__malloc_free_list