Archive member included to satisfy reference by file (symbol)

f:/st/stm32cubeide_1.5.1/stm32cubeide/plugins/com.st.stm32cube.ide.mcu.externaltools.gnu-tools-for-stm32.9-2020-q2-update.win32_1.5.0.202011040924/tools/bin/../lib/gcc/arm-none-eabi/9.3.1/../../../../arm-none-eabi/lib/thumb/v7e-m+fp/hard\libm.a(lib_a-wf_log10.o)
                              Core/Src/main.o (log10f)
f:/st/stm32cubeide_1.5.1/stm32cubeide/plugins/com.st.stm32cube.ide.mcu.externaltools.gnu-tools-for-stm32.9-2020-q2-update.win32_1.5.0.202011040924/tools/bin/../lib/gcc/arm-none-eabi/9.3.1/../../../../arm-none-eabi/lib/thumb/v7e-m+fp/hard\libm.a(lib_a-ef_log10.o)
                              f:/st/stm32cubeide_1.5.1/stm32cubeide/plugins/com.st.stm32cube.ide.mcu.externaltools.gnu-tools-for-stm32.9-2020-q2-update.win32_1.5.0.202011040924/tools/bin/../lib/gcc/arm-none-eabi/9.3.1/../../../../arm-none-eabi/lib/thumb/v7e-m+fp/hard\libm.a(lib_a-wf_log10.o) (__ieee754_log10f)
f:/st/stm32cubeide_1.5.1/stm32cubeide/plugins/com.st.stm32cube.ide.mcu.externaltools.gnu-tools-for-stm32.9-2020-q2-update.win32_1.5.0.202011040924/tools/bin/../lib/gcc/arm-none-eabi/9.3.1/../../../../arm-none-eabi/lib/thumb/v7e-m+fp/hard\libm.a(lib_a-s_lib_ver.o)
                              f:/st/stm32cubeide_1.5.1/stm32cubeide/plugins/com.st.stm32cube.ide.mcu.externaltools.gnu-tools-for-stm32.9-2020-q2-update.win32_1.5.0.202011040924/tools/bin/../lib/gcc/arm-none-eabi/9.3.1/../../../../arm-none-eabi/lib/thumb/v7e-m+fp/hard\libm.a(lib_a-wf_log10.o) (__fdlib_version)
f:/st/stm32cubeide_1.5.1/stm32cubeide/plugins/com.st.stm32cube.ide.mcu.externaltools.gnu-tools-for-stm32.9-2020-q2-update.win32_1.5.0.202011040924/tools/bin/../lib/gcc/arm-none-eabi/9.3.1/../../../../arm-none-eabi/lib/thumb/v7e-m+fp/hard\libm.a(lib_a-sf_nan.o)
                              f:/st/stm32cubeide_1.5.1/stm32cubeide/plugins/com.st.stm32cube.ide.mcu.externaltools.gnu-tools-for-stm32.9-2020-q2-update.win32_1.5.0.202011040924/tools/bin/../lib/gcc/arm-none-eabi/9.3.1/../../../../arm-none-eabi/lib/thumb/v7e-m+fp/hard\libm.a(lib_a-wf_log10.o) (nanf)
f:/st/stm32cubeide_1.5.1/stm32cubeide/plugins/com.st.stm32cube.ide.mcu.externaltools.gnu-tools-for-stm32.9-2020-q2-update.win32_1.5.0.202011040924/tools/bin/../lib/gcc/arm-none-eabi/9.3.1/../../../../arm-none-eabi/lib/thumb/v7e-m+fp/hard\libm.a(lib_a-ef_log.o)
                              f:/st/stm32cubeide_1.5.1/stm32cubeide/plugins/com.st.stm32cube.ide.mcu.externaltools.gnu-tools-for-stm32.9-2020-q2-update.win32_1.5.0.202011040924/tools/bin/../lib/gcc/arm-none-eabi/9.3.1/../../../../arm-none-eabi/lib/thumb/v7e-m+fp/hard\libm.a(lib_a-ef_log10.o) (__ieee754_logf)
F:/Users/roger.nicolas/workspace/stm32cubeide/NUCLEO-L476RG_DFSDM_PDM-Mic/Drivers/CMSIS/Lib/GCC\libarm_cortexM4lf_math.a(arm_rfft_fast_init_f32.o)
                              Core/Src/main.o (arm_rfft_fast_init_f32)
F:/Users/roger.nicolas/workspace/stm32cubeide/NUCLEO-L476RG_DFSDM_PDM-Mic/Drivers/CMSIS/Lib/GCC\libarm_cortexM4lf_math.a(arm_rfft_fast_f32.o)
                              Core/Src/main.o (arm_rfft_fast_f32)
F:/Users/roger.nicolas/workspace/stm32cubeide/NUCLEO-L476RG_DFSDM_PDM-Mic/Drivers/CMSIS/Lib/GCC\libarm_cortexM4lf_math.a(arm_cfft_f32.o)
                              F:/Users/roger.nicolas/workspace/stm32cubeide/NUCLEO-L476RG_DFSDM_PDM-Mic/Drivers/CMSIS/Lib/GCC\libarm_cortexM4lf_math.a(arm_rfft_fast_f32.o) (arm_cfft_f32)
F:/Users/roger.nicolas/workspace/stm32cubeide/NUCLEO-L476RG_DFSDM_PDM-Mic/Drivers/CMSIS/Lib/GCC\libarm_cortexM4lf_math.a(arm_bitreversal2.o)
                              F:/Users/roger.nicolas/workspace/stm32cubeide/NUCLEO-L476RG_DFSDM_PDM-Mic/Drivers/CMSIS/Lib/GCC\libarm_cortexM4lf_math.a(arm_cfft_f32.o) (arm_bitreversal_32)
F:/Users/roger.nicolas/workspace/stm32cubeide/NUCLEO-L476RG_DFSDM_PDM-Mic/Drivers/CMSIS/Lib/GCC\libarm_cortexM4lf_math.a(arm_cmplx_mag_f32.o)
                              Core/Src/main.o (arm_cmplx_mag_f32)
F:/Users/roger.nicolas/workspace/stm32cubeide/NUCLEO-L476RG_DFSDM_PDM-Mic/Drivers/CMSIS/Lib/GCC\libarm_cortexM4lf_math.a(arm_cos_f32.o)
                              Core/Src/main.o (arm_cos_f32)
F:/Users/roger.nicolas/workspace/stm32cubeide/NUCLEO-L476RG_DFSDM_PDM-Mic/Drivers/CMSIS/Lib/GCC\libarm_cortexM4lf_math.a(arm_scale_f32.o)
                              Core/Src/main.o (arm_scale_f32)
F:/Users/roger.nicolas/workspace/stm32cubeide/NUCLEO-L476RG_DFSDM_PDM-Mic/Drivers/CMSIS/Lib/GCC\libarm_cortexM4lf_math.a(arm_mult_f32.o)
                              Core/Src/main.o (arm_mult_f32)
F:/Users/roger.nicolas/workspace/stm32cubeide/NUCLEO-L476RG_DFSDM_PDM-Mic/Drivers/CMSIS/Lib/GCC\libarm_cortexM4lf_math.a(arm_common_tables.o)
                              F:/Users/roger.nicolas/workspace/stm32cubeide/NUCLEO-L476RG_DFSDM_PDM-Mic/Drivers/CMSIS/Lib/GCC\libarm_cortexM4lf_math.a(arm_cos_f32.o) (sinTable_f32)
[...]
Memory Configuration

Name             Origin             Length             Attributes
RAM              0x0000000020000000 0x0000000000018000 xrw
RAM2             0x0000000010000000 0x0000000000008000 xrw
FLASH            0x0000000008000000 0x0000000000100000 xr
*default*        0x0000000000000000 0xffffffffffffffff

Linker script and memory map

LOAD f:/st/stm32cubeide_1.5.1/stm32cubeide/plugins/com.st.stm32cube.ide.mcu.externaltools.gnu-tools-for-stm32.9-2020-q2-update.win32_1.5.0.202011040924/tools/bin/../lib/gcc/arm-none-eabi/9.3.1/thumb/v7e-m+fp/hard/crti.o
LOAD f:/st/stm32cubeide_1.5.1/stm32cubeide/plugins/com.st.stm32cube.ide.mcu.externaltools.gnu-tools-for-stm32.9-2020-q2-update.win32_1.5.0.202011040924/tools/bin/../lib/gcc/arm-none-eabi/9.3.1/thumb/v7e-m+fp/hard/crtbegin.o
LOAD f:/st/stm32cubeide_1.5.1/stm32cubeide/plugins/com.st.stm32cube.ide.mcu.externaltools.gnu-tools-for-stm32.9-2020-q2-update.win32_1.5.0.202011040924/tools/bin/../lib/gcc/arm-none-eabi/9.3.1/../../../../arm-none-eabi/lib/thumb/v7e-m+fp/hard/crt0.o
LOAD Core/Src/dfsdm.o
LOAD Core/Src/dma.o
LOAD Core/Src/gpio.o
LOAD Core/Src/main.o
LOAD Core/Src/stm32l4xx_hal_msp.o
LOAD Core/Src/stm32l4xx_it.o
LOAD Core/Src/syscalls.o
LOAD Core/Src/sysmem.o
LOAD Core/Src/system_stm32l4xx.o
LOAD Core/Src/usart.o
LOAD Core/Startup/startup_stm32l476rgtx.o
LOAD Drivers/STM32L4xx_HAL_Driver/Src/stm32l4xx_hal.o
LOAD Drivers/STM32L4xx_HAL_Driver/Src/stm32l4xx_hal_cortex.o
LOAD Drivers/STM32L4xx_HAL_Driver/Src/stm32l4xx_hal_dfsdm.o
LOAD Drivers/STM32L4xx_HAL_Driver/Src/stm32l4xx_hal_dma.o
LOAD Drivers/STM32L4xx_HAL_Driver/Src/stm32l4xx_hal_dma_ex.o
LOAD Drivers/STM32L4xx_HAL_Driver/Src/stm32l4xx_hal_exti.o
LOAD Drivers/STM32L4xx_HAL_Driver/Src/stm32l4xx_hal_flash.o
LOAD Drivers/STM32L4xx_HAL_Driver/Src/stm32l4xx_hal_flash_ex.o
LOAD Drivers/STM32L4xx_HAL_Driver/Src/stm32l4xx_hal_flash_ramfunc.o
LOAD Drivers/STM32L4xx_HAL_Driver/Src/stm32l4xx_hal_gpio.o
LOAD Drivers/STM32L4xx_HAL_Driver/Src/stm32l4xx_hal_i2c.o
LOAD Drivers/STM32L4xx_HAL_Driver/Src/stm32l4xx_hal_i2c_ex.o
LOAD Drivers/STM32L4xx_HAL_Driver/Src/stm32l4xx_hal_pwr.o
LOAD Drivers/STM32L4xx_HAL_Driver/Src/stm32l4xx_hal_pwr_ex.o
LOAD Drivers/STM32L4xx_HAL_Driver/Src/stm32l4xx_hal_rcc.o
LOAD Drivers/STM32L4xx_HAL_Driver/Src/stm32l4xx_hal_rcc_ex.o
LOAD Drivers/STM32L4xx_HAL_Driver/Src/stm32l4xx_hal_tim.o
LOAD Drivers/STM32L4xx_HAL_Driver/Src/stm32l4xx_hal_tim_ex.o
LOAD Drivers/STM32L4xx_HAL_Driver/Src/stm32l4xx_hal_uart.o
LOAD Drivers/STM32L4xx_HAL_Driver/Src/stm32l4xx_hal_uart_ex.o
LOAD f:/st/stm32cubeide_1.5.1/stm32cubeide/plugins/com.st.stm32cube.ide.mcu.externaltools.gnu-tools-for-stm32.9-2020-q2-update.win32_1.5.0.202011040924/tools/bin/../lib/gcc/arm-none-eabi/9.3.1/../../../../arm-none-eabi/lib/thumb/v7e-m+fp/hard\libm.a
LOAD F:/Users/roger.nicolas/workspace/stm32cubeide/NUCLEO-L476RG_DFSDM_PDM-Mic/Drivers/CMSIS/Lib/GCC\libarm_cortexM4lf_math.a
START GROUP
LOAD f:/st/stm32cubeide_1.5.1/stm32cubeide/plugins/com.st.stm32cube.ide.mcu.externaltools.gnu-tools-for-stm32.9-2020-q2-update.win32_1.5.0.202011040924/tools/bin/../lib/gcc/arm-none-eabi/9.3.1/../../../../arm-none-eabi/lib/thumb/v7e-m+fp/hard\libm.a
LOAD F:/Users/roger.nicolas/workspace/stm32cubeide/NUCLEO-L476RG_DFSDM_PDM-Mic/Drivers/CMSIS/Lib/GCC\libarm_cortexM4lf_math.a
END GROUP
START GROUP
LOAD f:/st/stm32cubeide_1.5.1/stm32cubeide/plugins/com.st.stm32cube.ide.mcu.externaltools.gnu-tools-for-stm32.9-2020-q2-update.win32_1.5.0.202011040924/tools/bin/../lib/gcc/arm-none-eabi/9.3.1/../../../../arm-none-eabi/lib/thumb/v7e-m+fp/hard\libc_nano.a
LOAD f:/st/stm32cubeide_1.5.1/stm32cubeide/plugins/com.st.stm32cube.ide.mcu.externaltools.gnu-tools-for-stm32.9-2020-q2-update.win32_1.5.0.202011040924/tools/bin/../lib/gcc/arm-none-eabi/9.3.1/../../../../arm-none-eabi/lib/thumb/v7e-m+fp/hard\libm.a
END GROUP
START GROUP
LOAD f:/st/stm32cubeide_1.5.1/stm32cubeide/plugins/com.st.stm32cube.ide.mcu.externaltools.gnu-tools-for-stm32.9-2020-q2-update.win32_1.5.0.202011040924/tools/bin/../lib/gcc/arm-none-eabi/9.3.1/thumb/v7e-m+fp/hard\libgcc.a
LOAD f:/st/stm32cubeide_1.5.1/stm32cubeide/plugins/com.st.stm32cube.ide.mcu.externaltools.gnu-tools-for-stm32.9-2020-q2-update.win32_1.5.0.202011040924/tools/bin/../lib/gcc/arm-none-eabi/9.3.1/../../../../arm-none-eabi/lib/thumb/v7e-m+fp/hard\libc_nano.a
END GROUP
START GROUP
LOAD f:/st/stm32cubeide_1.5.1/stm32cubeide/plugins/com.st.stm32cube.ide.mcu.externaltools.gnu-tools-for-stm32.9-2020-q2-update.win32_1.5.0.202011040924/tools/bin/../lib/gcc/arm-none-eabi/9.3.1/thumb/v7e-m+fp/hard\libgcc.a
LOAD f:/st/stm32cubeide_1.5.1/stm32cubeide/plugins/com.st.stm32cube.ide.mcu.externaltools.gnu-tools-for-stm32.9-2020-q2-update.win32_1.5.0.202011040924/tools/bin/../lib/gcc/arm-none-eabi/9.3.1/../../../../arm-none-eabi/lib/thumb/v7e-m+fp/hard\libc_nano.a
LOAD f:/st/stm32cubeide_1.5.1/stm32cubeide/plugins/com.st.stm32cube.ide.mcu.externaltools.gnu-tools-for-stm32.9-2020-q2-update.win32_1.5.0.202011040924/tools/bin/../lib/gcc/arm-none-eabi/9.3.1/../../../../arm-none-eabi/lib/thumb/v7e-m+fp/hard\libnosys.a
END GROUP
START GROUP
LOAD f:/st/stm32cubeide_1.5.1/stm32cubeide/plugins/com.st.stm32cube.ide.mcu.externaltools.gnu-tools-for-stm32.9-2020-q2-update.win32_1.5.0.202011040924/tools/bin/../lib/gcc/arm-none-eabi/9.3.1/thumb/v7e-m+fp/hard\libgcc.a
LOAD f:/st/stm32cubeide_1.5.1/stm32cubeide/plugins/com.st.stm32cube.ide.mcu.externaltools.gnu-tools-for-stm32.9-2020-q2-update.win32_1.5.0.202011040924/tools/bin/../lib/gcc/arm-none-eabi/9.3.1/../../../../arm-none-eabi/lib/thumb/v7e-m+fp/hard\libc_nano.a
LOAD f:/st/stm32cubeide_1.5.1/stm32cubeide/plugins/com.st.stm32cube.ide.mcu.externaltools.gnu-tools-for-stm32.9-2020-q2-update.win32_1.5.0.202011040924/tools/bin/../lib/gcc/arm-none-eabi/9.3.1/../../../../arm-none-eabi/lib/thumb/v7e-m+fp/hard\libnosys.a
END GROUP
LOAD f:/st/stm32cubeide_1.5.1/stm32cubeide/plugins/com.st.stm32cube.ide.mcu.externaltools.gnu-tools-for-stm32.9-2020-q2-update.win32_1.5.0.202011040924/tools/bin/../lib/gcc/arm-none-eabi/9.3.1/thumb/v7e-m+fp/hard/crtend.o
LOAD f:/st/stm32cubeide_1.5.1/stm32cubeide/plugins/com.st.stm32cube.ide.mcu.externaltools.gnu-tools-for-stm32.9-2020-q2-update.win32_1.5.0.202011040924/tools/bin/../lib/gcc/arm-none-eabi/9.3.1/thumb/v7e-m+fp/hard/crtn.o
                0x0000000020018000                _estack = (ORIGIN (RAM) + LENGTH (RAM))
                0x0000000000000200                _Min_Heap_Size = 0x200
                0x0000000000000400                _Min_Stack_Size = 0x400

.isr_vector     0x0000000008000000      0x188
                0x0000000008000000                . = ALIGN (0x4)
 *(.isr_vector)
 .isr_vector    0x0000000008000000      0x188 Core/Startup/startup_stm32l476rgtx.o
                0x0000000008000000                g_pfnVectors
                0x0000000008000188                . = ALIGN (0x4)

.text           0x0000000008000190     0x8d6c
                0x0000000008000190                . = ALIGN (0x4)
 *(.text)
 .text          0x0000000008000190       0x40 f:/st/stm32cubeide_1.5.1/stm32cubeide/plugins/com.st.stm32cube.ide.mcu.externaltools.gnu-tools-for-stm32.9-2020-q2-update.win32_1.5.0.202011040924/tools/bin/../lib/gcc/arm-none-eabi/9.3.1/thumb/v7e-m+fp/hard/crtbegin.o
 .text          0x00000000080001d0       0x10 f:/st/stm32cubeide_1.5.1/stm32cubeide/plugins/com.st.stm32cube.ide.mcu.externaltools.gnu-tools-for-stm32.9-2020-q2-update.win32_1.5.0.202011040924/tools/bin/../lib/gcc/arm-none-eabi/9.3.1/../../../../arm-none-eabi/lib/thumb/v7e-m+fp/hard\libc_nano.a(lib_a-strlen.o)
                0x00000000080001d0                strlen
 .text          0x00000000080001e0       0xa0 f:/st/stm32cubeide_1.5.1/stm32cubeide/plugins/com.st.stm32cube.ide.mcu.externaltools.gnu-tools-for-stm32.9-2020-q2-update.win32_1.5.0.202011040924/tools/bin/../lib/gcc/arm-none-eabi/9.3.1/../../../../arm-none-eabi/lib/thumb/v7e-m+fp/hard\libc_nano.a(lib_a-memchr.o)
                0x00000000080001e0                memchr
 .text          0x0000000008000280      0x378 f:/st/stm32cubeide_1.5.1/stm32cubeide/plugins/com.st.stm32cube.ide.mcu.externaltools.gnu-tools-for-stm32.9-2020-q2-update.win32_1.5.0.202011040924/tools/bin/../lib/gcc/arm-none-eabi/9.3.1/thumb/v7e-m+fp/hard\libgcc.a(_arm_addsubdf3.o)
                0x0000000008000280                __aeabi_drsub
                0x0000000008000288                __aeabi_dsub
                0x0000000008000288                __subdf3
                0x000000000800028c                __aeabi_dadd
                0x000000000800028c                __adddf3
                0x0000000008000504                __floatunsidf
                0x0000000008000504                __aeabi_ui2d
                0x0000000008000524                __floatsidf
                0x0000000008000524                __aeabi_i2d
                0x0000000008000548                __aeabi_f2d
                0x0000000008000548                __extendsfdf2
                0x000000000800058c                __floatundidf
                0x000000000800058c                __aeabi_ul2d
                0x000000000800059c                __floatdidf
                0x000000000800059c                __aeabi_l2d
 .text          0x00000000080005f8      0x424 f:/st/stm32cubeide_1.5.1/stm32cubeide/plugins/com.st.stm32cube.ide.mcu.externaltools.gnu-tools-for-stm32.9-2020-q2-update.win32_1.5.0.202011040924/tools/bin/../lib/gcc/arm-none-eabi/9.3.1/thumb/v7e-m+fp/hard\libgcc.a(_arm_muldivdf3.o)
                0x00000000080005f8                __aeabi_dmul
                0x00000000080005f8                __muldf3
                0x000000000800084c                __divdf3
                0x000000000800084c                __aeabi_ddiv
 .text          0x0000000008000a1c      0x110 f:/st/stm32cubeide_1.5.1/stm32cubeide/plugins/com.st.stm32cube.ide.mcu.externaltools.gnu-tools-for-stm32.9-2020-q2-update.win32_1.5.0.202011040924/tools/bin/../lib/gcc/arm-none-eabi/9.3.1/thumb/v7e-m+fp/hard\libgcc.a(_arm_cmpdf2.o)
                0x0000000008000a1c                __gtdf2
                0x0000000008000a1c                __gedf2
                0x0000000008000a24                __ltdf2
                0x0000000008000a24                __ledf2
                0x0000000008000a2c                __nedf2
                0x0000000008000a2c                __eqdf2
                0x0000000008000a2c                __cmpdf2
                0x0000000008000aa8                __aeabi_cdrcmple
                0x0000000008000ab8                __aeabi_cdcmpeq
                0x0000000008000ab8                __aeabi_cdcmple
                0x0000000008000ac8                __aeabi_dcmpeq
                0x0000000008000adc                __aeabi_dcmplt
                0x0000000008000af0                __aeabi_dcmple
                0x0000000008000b04                __aeabi_dcmpge
                0x0000000008000b18                __aeabi_dcmpgt
 .text          0x0000000008000b2c       0x2c f:/st/stm32cubeide_1.5.1/stm32cubeide/plugins/com.st.stm32cube.ide.mcu.externaltools.gnu-tools-for-stm32.9-2020-q2-update.win32_1.5.0.202011040924/tools/bin/../lib/gcc/arm-none-eabi/9.3.1/thumb/v7e-m+fp/hard\libgcc.a(_arm_unorddf2.o)
                0x0000000008000b2c                __unorddf2
                0x0000000008000b2c                __aeabi_dcmpun
 .text          0x0000000008000b58       0x50 f:/st/stm32cubeide_1.5.1/stm32cubeide/plugins/com.st.stm32cube.ide.mcu.externaltools.gnu-tools-for-stm32.9-2020-q2-update.win32_1.5.0.202011040924/tools/bin/../lib/gcc/arm-none-eabi/9.3.1/thumb/v7e-m+fp/hard\libgcc.a(_arm_fixdfsi.o)
                0x0000000008000b58                __aeabi_d2iz
                0x0000000008000b58                __fixdfsi
 .text          0x0000000008000ba8       0x30 f:/st/stm32cubeide_1.5.1/stm32cubeide/plugins/com.st.stm32cube.ide.mcu.externaltools.gnu-tools-for-stm32.9-2020-q2-update.win32_1.5.0.202011040924/tools/bin/../lib/gcc/arm-none-eabi/9.3.1/thumb/v7e-m+fp/hard\libgcc.a(_aeabi_uldivmod.o)
                0x0000000008000ba8                __aeabi_uldivmod
 .text          0x0000000008000bd8      0x2c4 f:/st/stm32cubeide_1.5.1/stm32cubeide/plugins/com.st.stm32cube.ide.mcu.externaltools.gnu-tools-for-stm32.9-2020-q2-update.win32_1.5.0.202011040924/tools/bin/../lib/gcc/arm-none-eabi/9.3.1/thumb/v7e-m+fp/hard\libgcc.a(_udivmoddi4.o)
                0x0000000008000bd8                __udivmoddi4
 .text          0x0000000008000e9c        0x4 f:/st/stm32cubeide_1.5.1/stm32cubeide/plugins/com.st.stm32cube.ide.mcu.externaltools.gnu-tools-for-stm32.9-2020-q2-update.win32_1.5.0.202011040924/tools/bin/../lib/gcc/arm-none-eabi/9.3.1/thumb/v7e-m+fp/hard\libgcc.a(_dvmd_tls.o)
                0x0000000008000e9c                __aeabi_idiv0
                0x0000000008000e9c                __aeabi_ldiv0
 *(.text*)
 .text.MX_DFSDM1_Init
                0x0000000008000ea0       0xc8 Core/Src/dfsdm.o
                0x0000000008000ea0                MX_DFSDM1_Init
 .text.HAL_DFSDM_FilterMspInit
                0x0000000008000f68      0x15c Core/Src/dfsdm.o
                0x0000000008000f68                HAL_DFSDM_FilterMspInit
 .text.HAL_DFSDM_ChannelMspInit
                0x00000000080010c4       0xe0 Core/Src/dfsdm.o
                0x00000000080010c4                HAL_DFSDM_ChannelMspInit
 .text.MX_DMA_Init
                0x00000000080011a4       0x3c Core/Src/dma.o
                0x00000000080011a4                MX_DMA_Init
 .text.MX_GPIO_Init
                0x00000000080011e0       0xd0 Core/Src/gpio.o
                0x00000000080011e0                MX_GPIO_Init
 .text.main     0x00000000080012b0      0x2c4 Core/Src/main.o
                0x00000000080012b0                main
 .text.SystemClock_Config
                0x0000000008001574       0xf4 Core/Src/main.o
                0x0000000008001574                SystemClock_Config
 .text.HAL_DFSDM_FilterRegConvHalfCpltCallback
                0x0000000008001668       0x14 Core/Src/main.o
                0x0000000008001668                HAL_DFSDM_FilterRegConvHalfCpltCallback
 .text.HAL_DFSDM_FilterRegConvCpltCallback
                0x000000000800167c       0x54 Core/Src/main.o
                0x000000000800167c                HAL_DFSDM_FilterRegConvCpltCallback
 .text._write   0x00000000080016d0       0x2c Core/Src/main.o
                0x00000000080016d0                _write
 .text.Error_Handler
                0x00000000080016fc        0xa Core/Src/main.o
                0x00000000080016fc                Error_Handler
 *fill*         0x0000000008001706        0x2 
 .text.HAL_MspInit
                0x0000000008001708       0x48 Core/Src/stm32l4xx_hal_msp.o
                0x0000000008001708                HAL_MspInit
 .text.NMI_Handler
                0x0000000008001750        0x6 Core/Src/stm32l4xx_it.o
                0x0000000008001750                NMI_Handler
 .text.HardFault_Handler
                0x0000000008001756        0x6 Core/Src/stm32l4xx_it.o
                0x0000000008001756                HardFault_Handler
 .text.MemManage_Handler
                0x000000000800175c        0x6 Core/Src/stm32l4xx_it.o
                0x000000000800175c                MemManage_Handler
 .text.BusFault_Handler
                0x0000000008001762        0x6 Core/Src/stm32l4xx_it.o
                0x0000000008001762                BusFault_Handler
 .text.UsageFault_Handler
                0x0000000008001768        0x6 Core/Src/stm32l4xx_it.o
                0x0000000008001768                UsageFault_Handler
 .text.SVC_Handler
                0x000000000800176e        0xe Core/Src/stm32l4xx_it.o
                0x000000000800176e                SVC_Handler
 .text.DebugMon_Handler
                0x000000000800177c        0xe Core/Src/stm32l4xx_it.o
                0x000000000800177c                DebugMon_Handler
 .text.PendSV_Handler
                0x000000000800178a        0xe Core/Src/stm32l4xx_it.o
                0x000000000800178a                PendSV_Handler
 .text.SysTick_Handler
                0x0000000008001798        0xc Core/Src/stm32l4xx_it.o
                0x0000000008001798                SysTick_Handler
 .text.DMA1_Channel4_IRQHandler
                0x00000000080017a4       0x14 Core/Src/stm32l4xx_it.o
                0x00000000080017a4                DMA1_Channel4_IRQHandler
 .text._getpid  0x00000000080017b8       0x10 Core/Src/syscalls.o
                0x00000000080017b8                _getpid
 .text._kill    0x00000000080017c8       0x20 Core/Src/syscalls.o
                0x00000000080017c8                _kill
 .text._exit    0x00000000080017e8       0x14 Core/Src/syscalls.o
                0x00000000080017e8                _exit
 .text._read    0x00000000080017fc       0x3a Core/Src/syscalls.o
                0x00000000080017fc                _read
 .text._close   0x0000000008001836       0x18 Core/Src/syscalls.o
                0x0000000008001836                _close
 .text._fstat   0x000000000800184e       0x20 Core/Src/syscalls.o
                0x000000000800184e                _fstat
 .text._isatty  0x000000000800186e       0x16 Core/Src/syscalls.o
                0x000000000800186e                _isatty
 .text._lseek   0x0000000008001884       0x1a Core/Src/syscalls.o
                0x0000000008001884                _lseek
 *fill*         0x000000000800189e        0x2 
 .text._sbrk    0x00000000080018a0       0x6c Core/Src/sysmem.o
                0x00000000080018a0                _sbrk
 .text.SystemInit
                0x000000000800190c       0x64 Core/Src/system_stm32l4xx.o
                0x000000000800190c                SystemInit
 .text.MX_USART2_UART_Init
                0x0000000008001970       0x60 Core/Src/usart.o
                0x0000000008001970                MX_USART2_UART_Init
 .text.HAL_UART_MspInit
                0x00000000080019d0       0x84 Core/Src/usart.o
                0x00000000080019d0                HAL_UART_MspInit
 .text.Reset_Handler
                0x0000000008001a54       0x50 Core/Startup/startup_stm32l476rgtx.o
                0x0000000008001a54                Reset_Handler
 .text.Default_Handler
                0x0000000008001aa4        0x2 Core/Startup/startup_stm32l476rgtx.o
                0x0000000008001aa4                RTC_Alarm_IRQHandler
                0x0000000008001aa4                EXTI2_IRQHandler
                0x0000000008001aa4                TIM8_TRG_COM_IRQHandler
                0x0000000008001aa4                TIM8_CC_IRQHandler
                0x0000000008001aa4                TIM1_CC_IRQHandler
                0x0000000008001aa4                TSC_IRQHandler
                0x0000000008001aa4                TAMP_STAMP_IRQHandler
                0x0000000008001aa4                EXTI3_IRQHandler
                0x0000000008001aa4                LPTIM2_IRQHandler
                0x0000000008001aa4                DFSDM1_FLT1_IRQHandler
                0x0000000008001aa4                I2C3_ER_IRQHandler
                0x0000000008001aa4                DFSDM1_FLT2_IRQHandler
                0x0000000008001aa4                EXTI0_IRQHandler
                0x0000000008001aa4                I2C2_EV_IRQHandler
                0x0000000008001aa4                CAN1_RX0_IRQHandler
                0x0000000008001aa4                FPU_IRQHandler
                0x0000000008001aa4                TIM1_UP_TIM16_IRQHandler
                0x0000000008001aa4                ADC1_2_IRQHandler
                0x0000000008001aa4                SPI1_IRQHandler
                0x0000000008001aa4                TIM6_DAC_IRQHandler
                0x0000000008001aa4                TIM8_UP_IRQHandler
                0x0000000008001aa4                DMA2_Channel2_IRQHandler
                0x0000000008001aa4                SAI2_IRQHandler
                0x0000000008001aa4                DFSDM1_FLT3_IRQHandler
                0x0000000008001aa4                USART3_IRQHandler
                0x0000000008001aa4                DMA1_Channel7_IRQHandler
                0x0000000008001aa4                CAN1_RX1_IRQHandler
                0x0000000008001aa4                LCD_IRQHandler
                0x0000000008001aa4                UART5_IRQHandler
                0x0000000008001aa4                ADC3_IRQHandler
                0x0000000008001aa4                TIM4_IRQHandler
                0x0000000008001aa4                DMA2_Channel1_IRQHandler
                0x0000000008001aa4                QUADSPI_IRQHandler
                0x0000000008001aa4                I2C1_EV_IRQHandler
                0x0000000008001aa4                DMA1_Channel6_IRQHandler
                0x0000000008001aa4                UART4_IRQHandler
                0x0000000008001aa4                DMA2_Channel4_IRQHandler
                0x0000000008001aa4                TIM3_IRQHandler
                0x0000000008001aa4                RCC_IRQHandler
                0x0000000008001aa4                DMA1_Channel1_IRQHandler
                0x0000000008001aa4                Default_Handler
                0x0000000008001aa4                DMA2_Channel7_IRQHandler
                0x0000000008001aa4                EXTI15_10_IRQHandler
                0x0000000008001aa4                TIM7_IRQHandler
                0x0000000008001aa4                SDMMC1_IRQHandler
                0x0000000008001aa4                TIM5_IRQHandler
                0x0000000008001aa4                I2C3_EV_IRQHandler
                0x0000000008001aa4                EXTI9_5_IRQHandler
                0x0000000008001aa4                RTC_WKUP_IRQHandler
                0x0000000008001aa4                PVD_PVM_IRQHandler
                0x0000000008001aa4                SPI2_IRQHandler
                0x0000000008001aa4                CAN1_TX_IRQHandler
                0x0000000008001aa4                DMA2_Channel5_IRQHandler
                0x0000000008001aa4                DMA1_Channel5_IRQHandler
                0x0000000008001aa4                EXTI4_IRQHandler
                0x0000000008001aa4                RNG_IRQHandler
                0x0000000008001aa4                TIM1_TRG_COM_TIM17_IRQHandler
                0x0000000008001aa4                DMA1_Channel3_IRQHandler
                0x0000000008001aa4                COMP_IRQHandler
                0x0000000008001aa4                WWDG_IRQHandler
                0x0000000008001aa4                LPUART1_IRQHandler
                0x0000000008001aa4                DMA2_Channel6_IRQHandler
                0x0000000008001aa4                TIM2_IRQHandler
                0x0000000008001aa4                EXTI1_IRQHandler
                0x0000000008001aa4                USART2_IRQHandler
                0x0000000008001aa4                DFSDM1_FLT0_IRQHandler
                0x0000000008001aa4                I2C2_ER_IRQHandler
                0x0000000008001aa4                DMA1_Channel2_IRQHandler
                0x0000000008001aa4                TIM8_BRK_IRQHandler
                0x0000000008001aa4                CAN1_SCE_IRQHandler
                0x0000000008001aa4                FLASH_IRQHandler
                0x0000000008001aa4                USART1_IRQHandler
                0x0000000008001aa4                OTG_FS_IRQHandler
                0x0000000008001aa4                SPI3_IRQHandler
                0x0000000008001aa4                I2C1_ER_IRQHandler
                0x0000000008001aa4                FMC_IRQHandler
                0x0000000008001aa4                SWPMI1_IRQHandler
                0x0000000008001aa4                LPTIM1_IRQHandler
                0x0000000008001aa4                SAI1_IRQHandler
                0x0000000008001aa4                DMA2_Channel3_IRQHandler
                0x0000000008001aa4                TIM1_BRK_TIM15_IRQHandler
 *fill*         0x0000000008001aa6        0x2 
 .text.HAL_Init
                0x0000000008001aa8       0x40 Drivers/STM32L4xx_HAL_Driver/Src/stm32l4xx_hal.o
                0x0000000008001aa8                HAL_Init
 .text.HAL_InitTick
                0x0000000008001ae8       0x78 Drivers/STM32L4xx_HAL_Driver/Src/stm32l4xx_hal.o
                0x0000000008001ae8                HAL_InitTick
 .text.HAL_IncTick
                0x0000000008001b60       0x28 Drivers/STM32L4xx_HAL_Driver/Src/stm32l4xx_hal.o
                0x0000000008001b60                HAL_IncTick
 .text.HAL_GetTick
                0x0000000008001b88       0x18 Drivers/STM32L4xx_HAL_Driver/Src/stm32l4xx_hal.o
                0x0000000008001b88                HAL_GetTick
 .text.HAL_Delay
                0x0000000008001ba0       0x48 Drivers/STM32L4xx_HAL_Driver/Src/stm32l4xx_hal.o
                0x0000000008001ba0                HAL_Delay
 .text.__NVIC_SetPriorityGrouping
                0x0000000008001be8       0x48 Drivers/STM32L4xx_HAL_Driver/Src/stm32l4xx_hal_cortex.o
 .text.__NVIC_GetPriorityGrouping
                0x0000000008001c30       0x1c Drivers/STM32L4xx_HAL_Driver/Src/stm32l4xx_hal_cortex.o
 .text.__NVIC_EnableIRQ
                0x0000000008001c4c       0x3c Drivers/STM32L4xx_HAL_Driver/Src/stm32l4xx_hal_cortex.o
 .text.__NVIC_SetPriority
                0x0000000008001c88       0x54 Drivers/STM32L4xx_HAL_Driver/Src/stm32l4xx_hal_cortex.o
 .text.NVIC_EncodePriority
                0x0000000008001cdc       0x66 Drivers/STM32L4xx_HAL_Driver/Src/stm32l4xx_hal_cortex.o
 *fill*         0x0000000008001d42        0x2 
 .text.SysTick_Config
                0x0000000008001d44       0x44 Drivers/STM32L4xx_HAL_Driver/Src/stm32l4xx_hal_cortex.o
 .text.HAL_NVIC_SetPriorityGrouping
                0x0000000008001d88       0x16 Drivers/STM32L4xx_HAL_Driver/Src/stm32l4xx_hal_cortex.o
                0x0000000008001d88                HAL_NVIC_SetPriorityGrouping
 .text.HAL_NVIC_SetPriority
                0x0000000008001d9e       0x38 Drivers/STM32L4xx_HAL_Driver/Src/stm32l4xx_hal_cortex.o
                0x0000000008001d9e                HAL_NVIC_SetPriority
 .text.HAL_NVIC_EnableIRQ
                0x0000000008001dd6       0x1c Drivers/STM32L4xx_HAL_Driver/Src/stm32l4xx_hal_cortex.o
                0x0000000008001dd6                HAL_NVIC_EnableIRQ
 .text.HAL_SYSTICK_Config
                0x0000000008001df2       0x18 Drivers/STM32L4xx_HAL_Driver/Src/stm32l4xx_hal_cortex.o
                0x0000000008001df2                HAL_SYSTICK_Config
 *fill*         0x0000000008001e0a        0x2 
 .text.HAL_DFSDM_ChannelInit
                0x0000000008001e0c      0x180 Drivers/STM32L4xx_HAL_Driver/Src/stm32l4xx_hal_dfsdm.o
                0x0000000008001e0c                HAL_DFSDM_ChannelInit
 .text.HAL_DFSDM_FilterInit
                0x0000000008001f8c      0x1b4 Drivers/STM32L4xx_HAL_Driver/Src/stm32l4xx_hal_dfsdm.o
                0x0000000008001f8c                HAL_DFSDM_FilterInit
 .text.HAL_DFSDM_FilterConfigRegChannel
                0x0000000008002140       0x8a Drivers/STM32L4xx_HAL_Driver/Src/stm32l4xx_hal_dfsdm.o
                0x0000000008002140                HAL_DFSDM_FilterConfigRegChannel
 *fill*         0x00000000080021ca        0x2 
 .text.HAL_DFSDM_FilterRegularStart_DMA
                0x00000000080021cc      0x104 Drivers/STM32L4xx_HAL_Driver/Src/stm32l4xx_hal_dfsdm.o
                0x00000000080021cc                HAL_DFSDM_FilterRegularStart_DMA
 .text.HAL_DFSDM_FilterErrorCallback
                0x00000000080022d0       0x14 Drivers/STM32L4xx_HAL_Driver/Src/stm32l4xx_hal_dfsdm.o
                0x00000000080022d0                HAL_DFSDM_FilterErrorCallback
 .text.DFSDM_DMARegularHalfConvCplt
                0x00000000080022e4       0x1c Drivers/STM32L4xx_HAL_Driver/Src/stm32l4xx_hal_dfsdm.o
 .text.DFSDM_DMARegularConvCplt
                0x0000000008002300       0x1c Drivers/STM32L4xx_HAL_Driver/Src/stm32l4xx_hal_dfsdm.o
 .text.DFSDM_DMAError
                0x000000000800231c       0x22 Drivers/STM32L4xx_HAL_Driver/Src/stm32l4xx_hal_dfsdm.o
 *fill*         0x000000000800233e        0x2 
 .text.DFSDM_GetChannelFromInstance
                0x0000000008002340       0x98 Drivers/STM32L4xx_HAL_Driver/Src/stm32l4xx_hal_dfsdm.o
 .text.DFSDM_RegConvStart
                0x00000000080023d8       0xac Drivers/STM32L4xx_HAL_Driver/Src/stm32l4xx_hal_dfsdm.o
 .text.HAL_DMA_Init
                0x0000000008002484      0x170 Drivers/STM32L4xx_HAL_Driver/Src/stm32l4xx_hal_dma.o
                0x0000000008002484                HAL_DMA_Init
 .text.HAL_DMA_Start_IT
                0x00000000080025f4       0xc0 Drivers/STM32L4xx_HAL_Driver/Src/stm32l4xx_hal_dma.o
                0x00000000080025f4                HAL_DMA_Start_IT
 .text.HAL_DMA_IRQHandler
                0x00000000080026b4      0x15e Drivers/STM32L4xx_HAL_Driver/Src/stm32l4xx_hal_dma.o
                0x00000000080026b4                HAL_DMA_IRQHandler
 .text.DMA_SetConfig
                0x0000000008002812       0x60 Drivers/STM32L4xx_HAL_Driver/Src/stm32l4xx_hal_dma.o
 *fill*         0x0000000008002872        0x2 
 .text.HAL_GPIO_Init
                0x0000000008002874      0x354 Drivers/STM32L4xx_HAL_Driver/Src/stm32l4xx_hal_gpio.o
                0x0000000008002874                HAL_GPIO_Init
 .text.HAL_GPIO_WritePin
                0x0000000008002bc8       0x30 Drivers/STM32L4xx_HAL_Driver/Src/stm32l4xx_hal_gpio.o
                0x0000000008002bc8                HAL_GPIO_WritePin
 .text.HAL_PWREx_GetVoltageRange
                0x0000000008002bf8       0x1c Drivers/STM32L4xx_HAL_Driver/Src/stm32l4xx_hal_pwr_ex.o
                0x0000000008002bf8                HAL_PWREx_GetVoltageRange
 .text.HAL_PWREx_ControlVoltageScaling
                0x0000000008002c14       0xac Drivers/STM32L4xx_HAL_Driver/Src/stm32l4xx_hal_pwr_ex.o
                0x0000000008002c14                HAL_PWREx_ControlVoltageScaling
 .text.HAL_RCC_OscConfig
                0x0000000008002cc0      0x7cc Drivers/STM32L4xx_HAL_Driver/Src/stm32l4xx_hal_rcc.o
                0x0000000008002cc0                HAL_RCC_OscConfig
 .text.HAL_RCC_ClockConfig
                0x000000000800348c      0x1c4 Drivers/STM32L4xx_HAL_Driver/Src/stm32l4xx_hal_rcc.o
                0x000000000800348c                HAL_RCC_ClockConfig
 .text.HAL_RCC_GetSysClockFreq
                0x0000000008003650      0x118 Drivers/STM32L4xx_HAL_Driver/Src/stm32l4xx_hal_rcc.o
                0x0000000008003650                HAL_RCC_GetSysClockFreq
 .text.HAL_RCC_GetHCLKFreq
                0x0000000008003768       0x18 Drivers/STM32L4xx_HAL_Driver/Src/stm32l4xx_hal_rcc.o
                0x0000000008003768                HAL_RCC_GetHCLKFreq
 .text.HAL_RCC_GetPCLK1Freq
                0x0000000008003780       0x2c Drivers/STM32L4xx_HAL_Driver/Src/stm32l4xx_hal_rcc.o
                0x0000000008003780                HAL_RCC_GetPCLK1Freq
 .text.HAL_RCC_GetPCLK2Freq
                0x00000000080037ac       0x2c Drivers/STM32L4xx_HAL_Driver/Src/stm32l4xx_hal_rcc.o
                0x00000000080037ac                HAL_RCC_GetPCLK2Freq
 .text.RCC_SetFlashLatencyFromMSIRange
                0x00000000080037d8       0xc0 Drivers/STM32L4xx_HAL_Driver/Src/stm32l4xx_hal_rcc.o
 .text.HAL_RCCEx_PeriphCLKConfig
                0x0000000008003898      0x5d4 Drivers/STM32L4xx_HAL_Driver/Src/stm32l4xx_hal_rcc_ex.o
                0x0000000008003898                HAL_RCCEx_PeriphCLKConfig
 .text.RCCEx_PLLSAI1_Config
                0x0000000008003e6c      0x1e8 Drivers/STM32L4xx_HAL_Driver/Src/stm32l4xx_hal_rcc_ex.o
 .text.RCCEx_PLLSAI2_Config
                0x0000000008004054      0x1bc Drivers/STM32L4xx_HAL_Driver/Src/stm32l4xx_hal_rcc_ex.o
 .text.HAL_UART_Init
                0x0000000008004210       0x9c Drivers/STM32L4xx_HAL_Driver/Src/stm32l4xx_hal_uart.o
                0x0000000008004210                HAL_UART_Init
 .text.HAL_UART_Transmit
                0x00000000080042ac      0x128 Drivers/STM32L4xx_HAL_Driver/Src/stm32l4xx_hal_uart.o
                0x00000000080042ac                HAL_UART_Transmit
 .text.UART_SetConfig
                0x00000000080043d4      0x514 Drivers/STM32L4xx_HAL_Driver/Src/stm32l4xx_hal_uart.o
                0x00000000080043d4                UART_SetConfig
 .text.UART_AdvFeatureConfig
                0x00000000080048e8      0x144 Drivers/STM32L4xx_HAL_Driver/Src/stm32l4xx_hal_uart.o
                0x00000000080048e8                UART_AdvFeatureConfig
 .text.UART_CheckIdleState
                0x0000000008004a2c       0x92 Drivers/STM32L4xx_HAL_Driver/Src/stm32l4xx_hal_uart.o
                0x0000000008004a2c                UART_CheckIdleState
 .text.UART_WaitOnFlagUntilTimeout
                0x0000000008004abe       0xf8 Drivers/STM32L4xx_HAL_Driver/Src/stm32l4xx_hal_uart.o
                0x0000000008004abe                UART_WaitOnFlagUntilTimeout
 *fill*         0x0000000008004bb6        0x2 
 .text.log10f   0x0000000008004bb8       0x6c f:/st/stm32cubeide_1.5.1/stm32cubeide/plugins/com.st.stm32cube.ide.mcu.externaltools.gnu-tools-for-stm32.9-2020-q2-update.win32_1.5.0.202011040924/tools/bin/../lib/gcc/arm-none-eabi/9.3.1/../../../../arm-none-eabi/lib/thumb/v7e-m+fp/hard\libm.a(lib_a-wf_log10.o)
                0x0000000008004bb8                log10f
 .text.__ieee754_log10f
                0x0000000008004c24       0xb0 f:/st/stm32cubeide_1.5.1/stm32cubeide/plugins/com.st.stm32cube.ide.mcu.externaltools.gnu-tools-for-stm32.9-2020-q2-update.win32_1.5.0.202011040924/tools/bin/../lib/gcc/arm-none-eabi/9.3.1/../../../../arm-none-eabi/lib/thumb/v7e-m+fp/hard\libm.a(lib_a-ef_log10.o)
                0x0000000008004c24                __ieee754_log10f
 .text.nanf     0x0000000008004cd4        0xc f:/st/stm32cubeide_1.5.1/stm32cubeide/plugins/com.st.stm32cube.ide.mcu.externaltools.gnu-tools-for-stm32.9-2020-q2-update.win32_1.5.0.202011040924/tools/bin/../lib/gcc/arm-none-eabi/9.3.1/../../../../arm-none-eabi/lib/thumb/v7e-m+fp/hard\libm.a(lib_a-sf_nan.o)
                0x0000000008004cd4                nanf
 .text.__ieee754_logf
                0x0000000008004ce0      0x1e0 f:/st/stm32cubeide_1.5.1/stm32cubeide/plugins/com.st.stm32cube.ide.mcu.externaltools.gnu-tools-for-stm32.9-2020-q2-update.win32_1.5.0.202011040924/tools/bin/../lib/gcc/arm-none-eabi/9.3.1/../../../../arm-none-eabi/lib/thumb/v7e-m+fp/hard\libm.a(lib_a-ef_log.o)
                0x0000000008004ce0                __ieee754_logf
 .text.arm_rfft_32_fast_init_f32
                0x0000000008004ec0       0x34 F:/Users/roger.nicolas/workspace/stm32cubeide/NUCLEO-L476RG_DFSDM_PDM-Mic/Drivers/CMSIS/Lib/GCC\libarm_cortexM4lf_math.a(arm_rfft_fast_init_f32.o)
                0x0000000008004ec0                arm_rfft_32_fast_init_f32
 .text.arm_rfft_64_fast_init_f32
                0x0000000008004ef4       0x34 F:/Users/roger.nicolas/workspace/stm32cubeide/NUCLEO-L476RG_DFSDM_PDM-Mic/Drivers/CMSIS/Lib/GCC\libarm_cortexM4lf_math.a(arm_rfft_fast_init_f32.o)
                0x0000000008004ef4                arm_rfft_64_fast_init_f32
 .text.arm_rfft_256_fast_init_f32
                0x0000000008004f28       0x38 F:/Users/roger.nicolas/workspace/stm32cubeide/NUCLEO-L476RG_DFSDM_PDM-Mic/Drivers/CMSIS/Lib/GCC\libarm_cortexM4lf_math.a(arm_rfft_fast_init_f32.o)
                0x0000000008004f28                arm_rfft_256_fast_init_f32
 .text.arm_rfft_512_fast_init_f32
                0x0000000008004f60       0x3c F:/Users/roger.nicolas/workspace/stm32cubeide/NUCLEO-L476RG_DFSDM_PDM-Mic/Drivers/CMSIS/Lib/GCC\libarm_cortexM4lf_math.a(arm_rfft_fast_init_f32.o)
                0x0000000008004f60                arm_rfft_512_fast_init_f32
 .text.arm_rfft_1024_fast_init_f32
                0x0000000008004f9c       0x3c F:/Users/roger.nicolas/workspace/stm32cubeide/NUCLEO-L476RG_DFSDM_PDM-Mic/Drivers/CMSIS/Lib/GCC\libarm_cortexM4lf_math.a(arm_rfft_fast_init_f32.o)
                0x0000000008004f9c                arm_rfft_1024_fast_init_f32
 .text.arm_rfft_2048_fast_init_f32
                0x0000000008004fd8       0x3c F:/Users/roger.nicolas/workspace/stm32cubeide/NUCLEO-L476RG_DFSDM_PDM-Mic/Drivers/CMSIS/Lib/GCC\libarm_cortexM4lf_math.a(arm_rfft_fast_init_f32.o)
                0x0000000008004fd8                arm_rfft_2048_fast_init_f32
 .text.arm_rfft_4096_fast_init_f32
                0x0000000008005014       0x3c F:/Users/roger.nicolas/workspace/stm32cubeide/NUCLEO-L476RG_DFSDM_PDM-Mic/Drivers/CMSIS/Lib/GCC\libarm_cortexM4lf_math.a(arm_rfft_fast_init_f32.o)
                0x0000000008005014                arm_rfft_4096_fast_init_f32
 .text.arm_rfft_fast_init_f32
                0x0000000008005050       0x68 F:/Users/roger.nicolas/workspace/stm32cubeide/NUCLEO-L476RG_DFSDM_PDM-Mic/Drivers/CMSIS/Lib/GCC\libarm_cortexM4lf_math.a(arm_rfft_fast_init_f32.o)
                0x0000000008005050                arm_rfft_fast_init_f32
 .text.stage_rfft_f32
                0x00000000080050b8       0xb4 F:/Users/roger.nicolas/workspace/stm32cubeide/NUCLEO-L476RG_DFSDM_PDM-Mic/Drivers/CMSIS/Lib/GCC\libarm_cortexM4lf_math.a(arm_rfft_fast_f32.o)
                0x00000000080050b8                stage_rfft_f32
 .text.merge_rfft_f32
                0x000000000800516c       0xac F:/Users/roger.nicolas/workspace/stm32cubeide/NUCLEO-L476RG_DFSDM_PDM-Mic/Drivers/CMSIS/Lib/GCC\libarm_cortexM4lf_math.a(arm_rfft_fast_f32.o)
                0x000000000800516c                merge_rfft_f32
 .text.arm_rfft_fast_f32
                0x0000000008005218       0x40 F:/Users/roger.nicolas/workspace/stm32cubeide/NUCLEO-L476RG_DFSDM_PDM-Mic/Drivers/CMSIS/Lib/GCC\libarm_cortexM4lf_math.a(arm_rfft_fast_f32.o)
                0x0000000008005218                arm_rfft_fast_f32
 .text.arm_cfft_radix8by2_f32
                0x0000000008005258      0x1a0 F:/Users/roger.nicolas/workspace/stm32cubeide/NUCLEO-L476RG_DFSDM_PDM-Mic/Drivers/CMSIS/Lib/GCC\libarm_cortexM4lf_math.a(arm_cfft_f32.o)
                0x0000000008005258                arm_cfft_radix8by2_f32
 .text.arm_cfft_radix8by4_f32
                0x00000000080053f8      0x4ac F:/Users/roger.nicolas/workspace/stm32cubeide/NUCLEO-L476RG_DFSDM_PDM-Mic/Drivers/CMSIS/Lib/GCC\libarm_cortexM4lf_math.a(arm_cfft_f32.o)
                0x00000000080053f8                arm_cfft_radix8by4_f32
 .text.arm_cfft_f32
                0x00000000080058a4       0xf0 F:/Users/roger.nicolas/workspace/stm32cubeide/NUCLEO-L476RG_DFSDM_PDM-Mic/Drivers/CMSIS/Lib/GCC\libarm_cortexM4lf_math.a(arm_cfft_f32.o)
                0x00000000080058a4                arm_cfft_f32
 .text.arm_bitreversal_32
                0x0000000008005994       0x40 F:/Users/roger.nicolas/workspace/stm32cubeide/NUCLEO-L476RG_DFSDM_PDM-Mic/Drivers/CMSIS/Lib/GCC\libarm_cortexM4lf_math.a(arm_bitreversal2.o)
                0x0000000008005994                arm_bitreversal_32
 .text.arm_cmplx_mag_f32
                0x00000000080059d4      0x248 F:/Users/roger.nicolas/workspace/stm32cubeide/NUCLEO-L476RG_DFSDM_PDM-Mic/Drivers/CMSIS/Lib/GCC\libarm_cortexM4lf_math.a(arm_cmplx_mag_f32.o)
                0x00000000080059d4                arm_cmplx_mag_f32
 .text.arm_cos_f32
                0x0000000008005c1c       0x94 F:/Users/roger.nicolas/workspace/stm32cubeide/NUCLEO-L476RG_DFSDM_PDM-Mic/Drivers/CMSIS/Lib/GCC\libarm_cortexM4lf_math.a(arm_cos_f32.o)
                0x0000000008005c1c                arm_cos_f32
 .text.arm_scale_f32
                0x0000000008005cb0       0x88 F:/Users/roger.nicolas/workspace/stm32cubeide/NUCLEO-L476RG_DFSDM_PDM-Mic/Drivers/CMSIS/Lib/GCC\libarm_cortexM4lf_math.a(arm_scale_f32.o)
                0x0000000008005cb0                arm_scale_f32
 .text.arm_mult_f32
                0x0000000008005d38       0xb4 F:/Users/roger.nicolas/workspace/stm32cubeide/NUCLEO-L476RG_DFSDM_PDM-Mic/Drivers/CMSIS/Lib/GCC\libarm_cortexM4lf_math.a(arm_mult_f32.o)
                0x0000000008005d38                arm_mult_f32
 .text.arm_radix8_butterfly_f32
                0x0000000008005dec      0x580 F:/Users/roger.nicolas/workspace/stm32cubeide/NUCLEO-L476RG_DFSDM_PDM-Mic/Drivers/CMSIS/Lib/GCC\libarm_cortexM4lf_math.a(arm_cfft_radix8_f32.o)
                0x0000000008005dec                arm_radix8_butterfly_f32
 .text.sqrtf    0x000000000800636c       0x4c f:/st/stm32cubeide_1.5.1/stm32cubeide/plugins/com.st.stm32cube.ide.mcu.externaltools.gnu-tools-for-stm32.9-2020-q2-update.win32_1.5.0.202011040924/tools/bin/../lib/gcc/arm-none-eabi/9.3.1/../../../../arm-none-eabi/lib/thumb/v7e-m+fp/hard\libm.a(lib_a-wf_sqrt.o)
                0x000000000800636c                sqrtf
 .text.__ieee754_sqrtf
                0x00000000080063b8        0x6 f:/st/stm32cubeide_1.5.1/stm32cubeide/plugins/com.st.stm32cube.ide.mcu.externaltools.gnu-tools-for-stm32.9-2020-q2-update.win32_1.5.0.202011040924/tools/bin/../lib/gcc/arm-none-eabi/9.3.1/../../../../arm-none-eabi/lib/thumb/v7e-m+fp/hard\libm.a(lib_a-ef_sqrt.o)
                0x00000000080063b8                __ieee754_sqrtf
 *fill*         0x00000000080063be        0x2 
 .text.__errno  0x00000000080063c0        0xc f:/st/stm32cubeide_1.5.1/stm32cubeide/plugins/com.st.stm32cube.ide.mcu.externaltools.gnu-tools-for-stm32.9-2020-q2-update.win32_1.5.0.202011040924/tools/bin/../lib/gcc/arm-none-eabi/9.3.1/../../../../arm-none-eabi/lib/thumb/v7e-m+fp/hard\libc_nano.a(lib_a-errno.o)
                0x00000000080063c0                __errno
 .text.__libc_init_array
                0x00000000080063cc       0x48 f:/st/stm32cubeide_1.5.1/stm32cubeide/plugins/com.st.stm32cube.ide.mcu.externaltools.gnu-tools-for-stm32.9-2020-q2-update.win32_1.5.0.202011040924/tools/bin/../lib/gcc/arm-none-eabi/9.3.1/../../../../arm-none-eabi/lib/thumb/v7e-m+fp/hard\libc_nano.a(lib_a-init.o)
                0x00000000080063cc                __libc_init_array
 .text.memset   0x0000000008006414       0x10 f:/st/stm32cubeide_1.5.1/stm32cubeide/plugins/com.st.stm32cube.ide.mcu.externaltools.gnu-tools-for-stm32.9-2020-q2-update.win32_1.5.0.202011040924/tools/bin/../lib/gcc/arm-none-eabi/9.3.1/../../../../arm-none-eabi/lib/thumb/v7e-m+fp/hard\libc_nano.a(lib_a-memset.o)
                0x0000000008006414                memset
 .text.__cvt    0x0000000008006424       0xc4 f:/st/stm32cubeide_1.5.1/stm32cubeide/plugins/com.st.stm32cube.ide.mcu.externaltools.gnu-tools-for-stm32.9-2020-q2-update.win32_1.5.0.202011040924/tools/bin/../lib/gcc/arm-none-eabi/9.3.1/../../../../arm-none-eabi/lib/thumb/v7e-m+fp/hard\libc_nano.a(lib_a-nano-vfprintf_float.o)
                0x0000000008006424                __cvt
 .text.__exponent
                0x00000000080064e8       0x7c f:/st/stm32cubeide_1.5.1/stm32cubeide/plugins/com.st.stm32cube.ide.mcu.externaltools.gnu-tools-for-stm32.9-2020-q2-update.win32_1.5.0.202011040924/tools/bin/../lib/gcc/arm-none-eabi/9.3.1/../../../../arm-none-eabi/lib/thumb/v7e-m+fp/hard\libc_nano.a(lib_a-nano-vfprintf_float.o)
                0x00000000080064e8                __exponent
 .text._printf_float
                0x0000000008006564      0x46c f:/st/stm32cubeide_1.5.1/stm32cubeide/plugins/com.st.stm32cube.ide.mcu.externaltools.gnu-tools-for-stm32.9-2020-q2-update.win32_1.5.0.202011040924/tools/bin/../lib/gcc/arm-none-eabi/9.3.1/../../../../arm-none-eabi/lib/thumb/v7e-m+fp/hard\libc_nano.a(lib_a-nano-vfprintf_float.o)
                0x0000000008006564                _printf_float
 .text._printf_common
                0x00000000080069d0       0xda f:/st/stm32cubeide_1.5.1/stm32cubeide/plugins/com.st.stm32cube.ide.mcu.externaltools.gnu-tools-for-stm32.9-2020-q2-update.win32_1.5.0.202011040924/tools/bin/../lib/gcc/arm-none-eabi/9.3.1/../../../../arm-none-eabi/lib/thumb/v7e-m+fp/hard\libc_nano.a(lib_a-nano-vfprintf_i.o)
                0x00000000080069d0                _printf_common
 *fill*         0x0000000008006aaa        0x2 
 .text._printf_i
                0x0000000008006aac      0x24c f:/st/stm32cubeide_1.5.1/stm32cubeide/plugins/com.st.stm32cube.ide.mcu.externaltools.gnu-tools-for-stm32.9-2020-q2-update.win32_1.5.0.202011040924/tools/bin/../lib/gcc/arm-none-eabi/9.3.1/../../../../arm-none-eabi/lib/thumb/v7e-m+fp/hard\libc_nano.a(lib_a-nano-vfprintf_i.o)
                0x0000000008006aac                _printf_i
 .text.printf   0x0000000008006cf8       0x30 f:/st/stm32cubeide_1.5.1/stm32cubeide/plugins/com.st.stm32cube.ide.mcu.externaltools.gnu-tools-for-stm32.9-2020-q2-update.win32_1.5.0.202011040924/tools/bin/../lib/gcc/arm-none-eabi/9.3.1/../../../../arm-none-eabi/lib/thumb/v7e-m+fp/hard\libc_nano.a(lib_a-printf.o)
                0x0000000008006cf8                iprintf
                0x0000000008006cf8                printf
 .text._puts_r  0x0000000008006d28       0xdc f:/st/stm32cubeide_1.5.1/stm32cubeide/plugins/com.st.stm32cube.ide.mcu.externaltools.gnu-tools-for-stm32.9-2020-q2-update.win32_1.5.0.202011040924/tools/bin/../lib/gcc/arm-none-eabi/9.3.1/../../../../arm-none-eabi/lib/thumb/v7e-m+fp/hard\libc_nano.a(lib_a-puts.o)
                0x0000000008006d28                _puts_r
 .text.puts     0x0000000008006e04       0x10 f:/st/stm32cubeide_1.5.1/stm32cubeide/plugins/com.st.stm32cube.ide.mcu.externaltools.gnu-tools-for-stm32.9-2020-q2-update.win32_1.5.0.202011040924/tools/bin/../lib/gcc/arm-none-eabi/9.3.1/../../../../arm-none-eabi/lib/thumb/v7e-m+fp/hard\libc_nano.a(lib_a-puts.o)
                0x0000000008006e04                puts
 .text.__swbuf_r
                0x0000000008006e14       0xa4 f:/st/stm32cubeide_1.5.1/stm32cubeide/plugins/com.st.stm32cube.ide.mcu.externaltools.gnu-tools-for-stm32.9-2020-q2-update.win32_1.5.0.202011040924/tools/bin/../lib/gcc/arm-none-eabi/9.3.1/../../../../arm-none-eabi/lib/thumb/v7e-m+fp/hard\libc_nano.a(lib_a-wbuf.o)
                0x0000000008006e14                __swbuf_r
 .text.__swsetup_r
                0x0000000008006eb8       0xdc f:/st/stm32cubeide_1.5.1/stm32cubeide/plugins/com.st.stm32cube.ide.mcu.externaltools.gnu-tools-for-stm32.9-2020-q2-update.win32_1.5.0.202011040924/tools/bin/../lib/gcc/arm-none-eabi/9.3.1/../../../../arm-none-eabi/lib/thumb/v7e-m+fp/hard\libc_nano.a(lib_a-wsetup.o)
                0x0000000008006eb8                __swsetup_r
 .text.quorem   0x0000000008006f94      0x116 f:/st/stm32cubeide_1.5.1/stm32cubeide/plugins/com.st.stm32cube.ide.mcu.externaltools.gnu-tools-for-stm32.9-2020-q2-update.win32_1.5.0.202011040924/tools/bin/../lib/gcc/arm-none-eabi/9.3.1/../../../../arm-none-eabi/lib/thumb/v7e-m+fp/hard\libc_nano.a(lib_a-dtoa.o)
 *fill*         0x00000000080070aa        0x6 
 .text._dtoa_r  0x00000000080070b0      0xbd8 f:/st/stm32cubeide_1.5.1/stm32cubeide/plugins/com.st.stm32cube.ide.mcu.externaltools.gnu-tools-for-stm32.9-2020-q2-update.win32_1.5.0.202011040924/tools/bin/../lib/gcc/arm-none-eabi/9.3.1/../../../../arm-none-eabi/lib/thumb/v7e-m+fp/hard\libc_nano.a(lib_a-dtoa.o)
                0x00000000080070b0                _dtoa_r
 .text.__sflush_r
                0x0000000008007c88      0x10c f:/st/stm32cubeide_1.5.1/stm32cubeide/plugins/com.st.stm32cube.ide.mcu.externaltools.gnu-tools-for-stm32.9-2020-q2-update.win32_1.5.0.202011040924/tools/bin/../lib/gcc/arm-none-eabi/9.3.1/../../../../arm-none-eabi/lib/thumb/v7e-m+fp/hard\libc_nano.a(lib_a-fflush.o)
                0x0000000008007c88                __sflush_r
 .text._fflush_r
                0x0000000008007d94       0x78 f:/st/stm32cubeide_1.5.1/stm32cubeide/plugins/com.st.stm32cube.ide.mcu.externaltools.gnu-tools-for-stm32.9-2020-q2-update.win32_1.5.0.202011040924/tools/bin/../lib/gcc/arm-none-eabi/9.3.1/../../../../arm-none-eabi/lib/thumb/v7e-m+fp/hard\libc_nano.a(lib_a-fflush.o)
                0x0000000008007d94                _fflush_r
 .text.std      0x0000000008007e0c       0x48 f:/st/stm32cubeide_1.5.1/stm32cubeide/plugins/com.st.stm32cube.ide.mcu.externaltools.gnu-tools-for-stm32.9-2020-q2-update.win32_1.5.0.202011040924/tools/bin/../lib/gcc/arm-none-eabi/9.3.1/../../../../arm-none-eabi/lib/thumb/v7e-m+fp/hard\libc_nano.a(lib_a-findfp.o)
 .text._cleanup_r
                0x0000000008007e54        0xc f:/st/stm32cubeide_1.5.1/stm32cubeide/plugins/com.st.stm32cube.ide.mcu.externaltools.gnu-tools-for-stm32.9-2020-q2-update.win32_1.5.0.202011040924/tools/bin/../lib/gcc/arm-none-eabi/9.3.1/../../../../arm-none-eabi/lib/thumb/v7e-m+fp/hard\libc_nano.a(lib_a-findfp.o)
                0x0000000008007e54                _cleanup_r
 .text.__sfmoreglue
                0x0000000008007e60       0x2c f:/st/stm32cubeide_1.5.1/stm32cubeide/plugins/com.st.stm32cube.ide.mcu.externaltools.gnu-tools-for-stm32.9-2020-q2-update.win32_1.5.0.202011040924/tools/bin/../lib/gcc/arm-none-eabi/9.3.1/../../../../arm-none-eabi/lib/thumb/v7e-m+fp/hard\libc_nano.a(lib_a-findfp.o)
                0x0000000008007e60                __sfmoreglue
 .text.__sfp_lock_acquire
                0x0000000008007e8c        0xc f:/st/stm32cubeide_1.5.1/stm32cubeide/plugins/com.st.stm32cube.ide.mcu.externaltools.gnu-tools-for-stm32.9-2020-q2-update.win32_1.5.0.202011040924/tools/bin/../lib/gcc/arm-none-eabi/9.3.1/../../../../arm-none-eabi/lib/thumb/v7e-m+fp/hard\libc_nano.a(lib_a-findfp.o)
                0x0000000008007e8c                __sfp_lock_acquire
 .text.__sfp_lock_release
                0x0000000008007e98        0xc f:/st/stm32cubeide_1.5.1/stm32cubeide/plugins/com.st.stm32cube.ide.mcu.externaltools.gnu-tools-for-stm32.9-2020-q2-update.win32_1.5.0.202011040924/tools/bin/../lib/gcc/arm-none-eabi/9.3.1/../../../../arm-none-eabi/lib/thumb/v7e-m+fp/hard\libc_nano.a(lib_a-findfp.o)
                0x0000000008007e98                __sfp_lock_release
 .text.__sinit_lock_acquire
                0x0000000008007ea4        0xc f:/st/stm32cubeide_1.5.1/stm32cubeide/plugins/com.st.stm32cube.ide.mcu.externaltools.gnu-tools-for-stm32.9-2020-q2-update.win32_1.5.0.202011040924/tools/bin/../lib/gcc/arm-none-eabi/9.3.1/../../../../arm-none-eabi/lib/thumb/v7e-m+fp/hard\libc_nano.a(lib_a-findfp.o)
                0x0000000008007ea4                __sinit_lock_acquire
 .text.__sinit_lock_release
                0x0000000008007eb0        0xc f:/st/stm32cubeide_1.5.1/stm32cubeide/plugins/com.st.stm32cube.ide.mcu.externaltools.gnu-tools-for-stm32.9-2020-q2-update.win32_1.5.0.202011040924/tools/bin/../lib/gcc/arm-none-eabi/9.3.1/../../../../arm-none-eabi/lib/thumb/v7e-m+fp/hard\libc_nano.a(lib_a-findfp.o)
                0x0000000008007eb0                __sinit_lock_release
 .text.__sinit  0x0000000008007ebc       0x70 f:/st/stm32cubeide_1.5.1/stm32cubeide/plugins/com.st.stm32cube.ide.mcu.externaltools.gnu-tools-for-stm32.9-2020-q2-update.win32_1.5.0.202011040924/tools/bin/../lib/gcc/arm-none-eabi/9.3.1/../../../../arm-none-eabi/lib/thumb/v7e-m+fp/hard\libc_nano.a(lib_a-findfp.o)
                0x0000000008007ebc                __sinit
 .text.__sfp    0x0000000008007f2c       0x8c f:/st/stm32cubeide_1.5.1/stm32cubeide/plugins/com.st.stm32cube.ide.mcu.externaltools.gnu-tools-for-stm32.9-2020-q2-update.win32_1.5.0.202011040924/tools/bin/../lib/gcc/arm-none-eabi/9.3.1/../../../../arm-none-eabi/lib/thumb/v7e-m+fp/hard\libc_nano.a(lib_a-findfp.o)
                0x0000000008007f2c                __sfp
 .text._fwalk_reent
                0x0000000008007fb8       0x3e f:/st/stm32cubeide_1.5.1/stm32cubeide/plugins/com.st.stm32cube.ide.mcu.externaltools.gnu-tools-for-stm32.9-2020-q2-update.win32_1.5.0.202011040924/tools/bin/../lib/gcc/arm-none-eabi/9.3.1/../../../../arm-none-eabi/lib/thumb/v7e-m+fp/hard\libc_nano.a(lib_a-fwalk.o)
                0x0000000008007fb8                _fwalk_reent
 *fill*         0x0000000008007ff6        0x2 
 .text._localeconv_r
                0x0000000008007ff8        0x8 f:/st/stm32cubeide_1.5.1/stm32cubeide/plugins/com.st.stm32cube.ide.mcu.externaltools.gnu-tools-for-stm32.9-2020-q2-update.win32_1.5.0.202011040924/tools/bin/../lib/gcc/arm-none-eabi/9.3.1/../../../../arm-none-eabi/lib/thumb/v7e-m+fp/hard\libc_nano.a(lib_a-localeconv.o)
                0x0000000008007ff8                _localeconv_r
 .text.__retarget_lock_init_recursive
                0x0000000008008000        0x2 f:/st/stm32cubeide_1.5.1/stm32cubeide/plugins/com.st.stm32cube.ide.mcu.externaltools.gnu-tools-for-stm32.9-2020-q2-update.win32_1.5.0.202011040924/tools/bin/../lib/gcc/arm-none-eabi/9.3.1/../../../../arm-none-eabi/lib/thumb/v7e-m+fp/hard\libc_nano.a(lib_a-lock.o)
                0x0000000008008000                __retarget_lock_init_recursive
 .text.__retarget_lock_acquire_recursive
                0x0000000008008002        0x2 f:/st/stm32cubeide_1.5.1/stm32cubeide/plugins/com.st.stm32cube.ide.mcu.externaltools.gnu-tools-for-stm32.9-2020-q2-update.win32_1.5.0.202011040924/tools/bin/../lib/gcc/arm-none-eabi/9.3.1/../../../../arm-none-eabi/lib/thumb/v7e-m+fp/hard\libc_nano.a(lib_a-lock.o)
                0x0000000008008002                __retarget_lock_acquire_recursive
 .text.__retarget_lock_release_recursive
                0x0000000008008004        0x2 f:/st/stm32cubeide_1.5.1/stm32cubeide/plugins/com.st.stm32cube.ide.mcu.externaltools.gnu-tools-for-stm32.9-2020-q2-update.win32_1.5.0.202011040924/tools/bin/../lib/gcc/arm-none-eabi/9.3.1/../../../../arm-none-eabi/lib/thumb/v7e-m+fp/hard\libc_nano.a(lib_a-lock.o)
                0x0000000008008004                __retarget_lock_release_recursive
 .text.__swhatbuf_r
                0x0000000008008006       0x48 f:/st/stm32cubeide_1.5.1/stm32cubeide/plugins/com.st.stm32cube.ide.mcu.externaltools.gnu-tools-for-stm32.9-2020-q2-update.win32_1.5.0.202011040924/tools/bin/../lib/gcc/arm-none-eabi/9.3.1/../../../../arm-none-eabi/lib/thumb/v7e-m+fp/hard\libc_nano.a(lib_a-makebuf.o)
                0x0000000008008006                __swhatbuf_r
 *fill*         0x000000000800804e        0x2 
 .text.__smakebuf_r
                0x0000000008008050       0x80 f:/st/stm32cubeide_1.5.1/stm32cubeide/plugins/com.st.stm32cube.ide.mcu.externaltools.gnu-tools-for-stm32.9-2020-q2-update.win32_1.5.0.202011040924/tools/bin/../lib/gcc/arm-none-eabi/9.3.1/../../../../arm-none-eabi/lib/thumb/v7e-m+fp/hard\libc_nano.a(lib_a-makebuf.o)
                0x0000000008008050                __smakebuf_r
 .text.malloc   0x00000000080080d0       0x10 f:/st/stm32cubeide_1.5.1/stm32cubeide/plugins/com.st.stm32cube.ide.mcu.externaltools.gnu-tools-for-stm32.9-2020-q2-update.win32_1.5.0.202011040924/tools/bin/../lib/gcc/arm-none-eabi/9.3.1/../../../../arm-none-eabi/lib/thumb/v7e-m+fp/hard\libc_nano.a(lib_a-malloc.o)
                0x00000000080080d0                malloc
 .text.memcpy   0x00000000080080e0       0x1c f:/st/stm32cubeide_1.5.1/stm32cubeide/plugins/com.st.stm32cube.ide.mcu.externaltools.gnu-tools-for-stm32.9-2020-q2-update.win32_1.5.0.202011040924/tools/bin/../lib/gcc/arm-none-eabi/9.3.1/../../../../arm-none-eabi/lib/thumb/v7e-m+fp/hard\libc_nano.a(lib_a-memcpy-stub.o)
                0x00000000080080e0                memcpy
 .text._Balloc  0x00000000080080fc       0x80 f:/st/stm32cubeide_1.5.1/stm32cubeide/plugins/com.st.stm32cube.ide.mcu.externaltools.gnu-tools-for-stm32.9-2020-q2-update.win32_1.5.0.202011040924/tools/bin/../lib/gcc/arm-none-eabi/9.3.1/../../../../arm-none-eabi/lib/thumb/v7e-m+fp/hard\libc_nano.a(lib_a-mprec.o)
                0x00000000080080fc                _Balloc
 .text._Bfree   0x000000000800817c       0x44 f:/st/stm32cubeide_1.5.1/stm32cubeide/plugins/com.st.stm32cube.ide.mcu.externaltools.gnu-tools-for-stm32.9-2020-q2-update.win32_1.5.0.202011040924/tools/bin/../lib/gcc/arm-none-eabi/9.3.1/../../../../arm-none-eabi/lib/thumb/v7e-m+fp/hard\libc_nano.a(lib_a-mprec.o)
                0x000000000800817c                _Bfree
 .text.__multadd
                0x00000000080081c0       0x94 f:/st/stm32cubeide_1.5.1/stm32cubeide/plugins/com.st.stm32cube.ide.mcu.externaltools.gnu-tools-for-stm32.9-2020-q2-update.win32_1.5.0.202011040924/tools/bin/../lib/gcc/arm-none-eabi/9.3.1/../../../../arm-none-eabi/lib/thumb/v7e-m+fp/hard\libc_nano.a(lib_a-mprec.o)
                0x00000000080081c0                __multadd
 .text.__hi0bits
                0x0000000008008254       0x40 f:/st/stm32cubeide_1.5.1/stm32cubeide/plugins/com.st.stm32cube.ide.mcu.externaltools.gnu-tools-for-stm32.9-2020-q2-update.win32_1.5.0.202011040924/tools/bin/../lib/gcc/arm-none-eabi/9.3.1/../../../../arm-none-eabi/lib/thumb/v7e-m+fp/hard\libc_nano.a(lib_a-mprec.o)
                0x0000000008008254                __hi0bits
 .text.__lo0bits
                0x0000000008008294       0x60 f:/st/stm32cubeide_1.5.1/stm32cubeide/plugins/com.st.stm32cube.ide.mcu.externaltools.gnu-tools-for-stm32.9-2020-q2-update.win32_1.5.0.202011040924/tools/bin/../lib/gcc/arm-none-eabi/9.3.1/../../../../arm-none-eabi/lib/thumb/v7e-m+fp/hard\libc_nano.a(lib_a-mprec.o)
                0x0000000008008294                __lo0bits
 .text.__i2b    0x00000000080082f4       0x2c f:/st/stm32cubeide_1.5.1/stm32cubeide/plugins/com.st.stm32cube.ide.mcu.externaltools.gnu-tools-for-stm32.9-2020-q2-update.win32_1.5.0.202011040924/tools/bin/../lib/gcc/arm-none-eabi/9.3.1/../../../../arm-none-eabi/lib/thumb/v7e-m+fp/hard\libc_nano.a(lib_a-mprec.o)
                0x00000000080082f4                __i2b
 .text.__multiply
                0x0000000008008320      0x14c f:/st/stm32cubeide_1.5.1/stm32cubeide/plugins/com.st.stm32cube.ide.mcu.externaltools.gnu-tools-for-stm32.9-2020-q2-update.win32_1.5.0.202011040924/tools/bin/../lib/gcc/arm-none-eabi/9.3.1/../../../../arm-none-eabi/lib/thumb/v7e-m+fp/hard\libc_nano.a(lib_a-mprec.o)
                0x0000000008008320                __multiply
 .text.__pow5mult
                0x000000000800846c       0xb4 f:/st/stm32cubeide_1.5.1/stm32cubeide/plugins/com.st.stm32cube.ide.mcu.externaltools.gnu-tools-for-stm32.9-2020-q2-update.win32_1.5.0.202011040924/tools/bin/../lib/gcc/arm-none-eabi/9.3.1/../../../../arm-none-eabi/lib/thumb/v7e-m+fp/hard\libc_nano.a(lib_a-mprec.o)
                0x000000000800846c                __pow5mult
 .text.__lshift
                0x0000000008008520       0xd8 f:/st/stm32cubeide_1.5.1/stm32cubeide/plugins/com.st.stm32cube.ide.mcu.externaltools.gnu-tools-for-stm32.9-2020-q2-update.win32_1.5.0.202011040924/tools/bin/../lib/gcc/arm-none-eabi/9.3.1/../../../../arm-none-eabi/lib/thumb/v7e-m+fp/hard\libc_nano.a(lib_a-mprec.o)
                0x0000000008008520                __lshift
 .text.__mcmp   0x00000000080085f8       0x38 f:/st/stm32cubeide_1.5.1/stm32cubeide/plugins/com.st.stm32cube.ide.mcu.externaltools.gnu-tools-for-stm32.9-2020-q2-update.win32_1.5.0.202011040924/tools/bin/../lib/gcc/arm-none-eabi/9.3.1/../../../../arm-none-eabi/lib/thumb/v7e-m+fp/hard\libc_nano.a(lib_a-mprec.o)
                0x00000000080085f8                __mcmp
 .text.__mdiff  0x0000000008008630      0x110 f:/st/stm32cubeide_1.5.1/stm32cubeide/plugins/com.st.stm32cube.ide.mcu.externaltools.gnu-tools-for-stm32.9-2020-q2-update.win32_1.5.0.202011040924/tools/bin/../lib/gcc/arm-none-eabi/9.3.1/../../../../arm-none-eabi/lib/thumb/v7e-m+fp/hard\libc_nano.a(lib_a-mprec.o)
                0x0000000008008630                __mdiff
 .text.__d2b    0x0000000008008740       0xb8 f:/st/stm32cubeide_1.5.1/stm32cubeide/plugins/com.st.stm32cube.ide.mcu.externaltools.gnu-tools-for-stm32.9-2020-q2-update.win32_1.5.0.202011040924/tools/bin/../lib/gcc/arm-none-eabi/9.3.1/../../../../arm-none-eabi/lib/thumb/v7e-m+fp/hard\libc_nano.a(lib_a-mprec.o)
                0x0000000008008740                __d2b
 .text._calloc_r
                0x00000000080087f8       0x1e f:/st/stm32cubeide_1.5.1/stm32cubeide/plugins/com.st.stm32cube.ide.mcu.externaltools.gnu-tools-for-stm32.9-2020-q2-update.win32_1.5.0.202011040924/tools/bin/../lib/gcc/arm-none-eabi/9.3.1/../../../../arm-none-eabi/lib/thumb/v7e-m+fp/hard\libc_nano.a(lib_a-nano-callocr.o)
                0x00000000080087f8                _calloc_r
 *fill*         0x0000000008008816        0x2 
 .text._free_r  0x0000000008008818       0xa0 f:/st/stm32cubeide_1.5.1/stm32cubeide/plugins/com.st.stm32cube.ide.mcu.externaltools.gnu-tools-for-stm32.9-2020-q2-update.win32_1.5.0.202011040924/tools/bin/../lib/gcc/arm-none-eabi/9.3.1/../../../../arm-none-eabi/lib/thumb/v7e-m+fp/hard\libc_nano.a(lib_a-nano-freer.o)
                0x0000000008008818                _free_r
 .text._malloc_r
                0x00000000080088b8       0xb4 f:/st/stm32cubeide_1.5.1/stm32cubeide/plugins/com.st.stm32cube.ide.mcu.externaltools.gnu-tools-for-stm32.9-2020-q2-update.win32_1.5.0.202011040924/tools/bin/../lib/gcc/arm-none-eabi/9.3.1/../../../../arm-none-eabi/lib/thumb/v7e-m+fp/hard\libc_nano.a(lib_a-nano-mallocr.o)
                0x00000000080088b8                _malloc_r
 .text.__sfputc_r
                0x000000000800896c       0x2e f:/st/stm32cubeide_1.5.1/stm32cubeide/plugins/com.st.stm32cube.ide.mcu.externaltools.gnu-tools-for-stm32.9-2020-q2-update.win32_1.5.0.202011040924/tools/bin/../lib/gcc/arm-none-eabi/9.3.1/../../../../arm-none-eabi/lib/thumb/v7e-m+fp/hard\libc_nano.a(lib_a-nano-vfprintf.o)
 .text.__sfputs_r
                0x000000000800899a       0x24 f:/st/stm32cubeide_1.5.1/stm32cubeide/plugins/com.st.stm32cube.ide.mcu.externaltools.gnu-tools-for-stm32.9-2020-q2-update.win32_1.5.0.202011040924/tools/bin/../lib/gcc/arm-none-eabi/9.3.1/../../../../arm-none-eabi/lib/thumb/v7e-m+fp/hard\libc_nano.a(lib_a-nano-vfprintf.o)
                0x000000000800899a                __sfputs_r
 *fill*         0x00000000080089be        0x2 
 .text._vfprintf_r
                0x00000000080089c0      0x260 f:/st/stm32cubeide_1.5.1/stm32cubeide/plugins/com.st.stm32cube.ide.mcu.externaltools.gnu-tools-for-stm32.9-2020-q2-update.win32_1.5.0.202011040924/tools/bin/../lib/gcc/arm-none-eabi/9.3.1/../../../../arm-none-eabi/lib/thumb/v7e-m+fp/hard\libc_nano.a(lib_a-nano-vfprintf.o)
                0x00000000080089c0                _vfprintf_r
                0x00000000080089c0                _vfiprintf_r
 .text._sbrk_r  0x0000000008008c20       0x20 f:/st/stm32cubeide_1.5.1/stm32cubeide/plugins/com.st.stm32cube.ide.mcu.externaltools.gnu-tools-for-stm32.9-2020-q2-update.win32_1.5.0.202011040924/tools/bin/../lib/gcc/arm-none-eabi/9.3.1/../../../../arm-none-eabi/lib/thumb/v7e-m+fp/hard\libc_nano.a(lib_a-sbrkr.o)
                0x0000000008008c20                _sbrk_r
 .text.__sread  0x0000000008008c40       0x22 f:/st/stm32cubeide_1.5.1/stm32cubeide/plugins/com.st.stm32cube.ide.mcu.externaltools.gnu-tools-for-stm32.9-2020-q2-update.win32_1.5.0.202011040924/tools/bin/../lib/gcc/arm-none-eabi/9.3.1/../../../../arm-none-eabi/lib/thumb/v7e-m+fp/hard\libc_nano.a(lib_a-stdio.o)
                0x0000000008008c40                __sread
 .text.__swrite
                0x0000000008008c62       0x38 f:/st/stm32cubeide_1.5.1/stm32cubeide/plugins/com.st.stm32cube.ide.mcu.externaltools.gnu-tools-for-stm32.9-2020-q2-update.win32_1.5.0.202011040924/tools/bin/../lib/gcc/arm-none-eabi/9.3.1/../../../../arm-none-eabi/lib/thumb/v7e-m+fp/hard\libc_nano.a(lib_a-stdio.o)
                0x0000000008008c62                __swrite
 .text.__sseek  0x0000000008008c9a       0x24 f:/st/stm32cubeide_1.5.1/stm32cubeide/plugins/com.st.stm32cube.ide.mcu.externaltools.gnu-tools-for-stm32.9-2020-q2-update.win32_1.5.0.202011040924/tools/bin/../lib/gcc/arm-none-eabi/9.3.1/../../../../arm-none-eabi/lib/thumb/v7e-m+fp/hard\libc_nano.a(lib_a-stdio.o)
                0x0000000008008c9a                __sseek
 .text.__sclose
                0x0000000008008cbe        0x8 f:/st/stm32cubeide_1.5.1/stm32cubeide/plugins/com.st.stm32cube.ide.mcu.externaltools.gnu-tools-for-stm32.9-2020-q2-update.win32_1.5.0.202011040924/tools/bin/../lib/gcc/arm-none-eabi/9.3.1/../../../../arm-none-eabi/lib/thumb/v7e-m+fp/hard\libc_nano.a(lib_a-stdio.o)
                0x0000000008008cbe                __sclose
 *fill*         0x0000000008008cc6        0x2 
 .text._write_r
                0x0000000008008cc8       0x24 f:/st/stm32cubeide_1.5.1/stm32cubeide/plugins/com.st.stm32cube.ide.mcu.externaltools.gnu-tools-for-stm32.9-2020-q2-update.win32_1.5.0.202011040924/tools/bin/../lib/gcc/arm-none-eabi/9.3.1/../../../../arm-none-eabi/lib/thumb/v7e-m+fp/hard\libc_nano.a(lib_a-writer.o)
                0x0000000008008cc8                _write_r
 .text.__assert_func
                0x0000000008008cec       0x3c f:/st/stm32cubeide_1.5.1/stm32cubeide/plugins/com.st.stm32cube.ide.mcu.externaltools.gnu-tools-for-stm32.9-2020-q2-update.win32_1.5.0.202011040924/tools/bin/../lib/gcc/arm-none-eabi/9.3.1/../../../../arm-none-eabi/lib/thumb/v7e-m+fp/hard\libc_nano.a(lib_a-assert.o)
                0x0000000008008cec                __assert_func
 .text._close_r
                0x0000000008008d28       0x20 f:/st/stm32cubeide_1.5.1/stm32cubeide/plugins/com.st.stm32cube.ide.mcu.externaltools.gnu-tools-for-stm32.9-2020-q2-update.win32_1.5.0.202011040924/tools/bin/../lib/gcc/arm-none-eabi/9.3.1/../../../../arm-none-eabi/lib/thumb/v7e-m+fp/hard\libc_nano.a(lib_a-closer.o)
                0x0000000008008d28                _close_r
 .text.fprintf  0x0000000008008d48       0x24 f:/st/stm32cubeide_1.5.1/stm32cubeide/plugins/com.st.stm32cube.ide.mcu.externaltools.gnu-tools-for-stm32.9-2020-q2-update.win32_1.5.0.202011040924/tools/bin/../lib/gcc/arm-none-eabi/9.3.1/../../../../arm-none-eabi/lib/thumb/v7e-m+fp/hard\libc_nano.a(lib_a-fprintf.o)
                0x0000000008008d48                fiprintf
                0x0000000008008d48                fprintf
 .text._fstat_r
                0x0000000008008d6c       0x24 f:/st/stm32cubeide_1.5.1/stm32cubeide/plugins/com.st.stm32cube.ide.mcu.externaltools.gnu-tools-for-stm32.9-2020-q2-update.win32_1.5.0.202011040924/tools/bin/../lib/gcc/arm-none-eabi/9.3.1/../../../../arm-none-eabi/lib/thumb/v7e-m+fp/hard\libc_nano.a(lib_a-fstatr.o)
                0x0000000008008d6c                _fstat_r
 .text._isatty_r
                0x0000000008008d90       0x20 f:/st/stm32cubeide_1.5.1/stm32cubeide/plugins/com.st.stm32cube.ide.mcu.externaltools.gnu-tools-for-stm32.9-2020-q2-update.win32_1.5.0.202011040924/tools/bin/../lib/gcc/arm-none-eabi/9.3.1/../../../../arm-none-eabi/lib/thumb/v7e-m+fp/hard\libc_nano.a(lib_a-isattyr.o)
                0x0000000008008d90                _isatty_r
 .text._lseek_r
                0x0000000008008db0       0x24 f:/st/stm32cubeide_1.5.1/stm32cubeide/plugins/com.st.stm32cube.ide.mcu.externaltools.gnu-tools-for-stm32.9-2020-q2-update.win32_1.5.0.202011040924/tools/bin/../lib/gcc/arm-none-eabi/9.3.1/../../../../arm-none-eabi/lib/thumb/v7e-m+fp/hard\libc_nano.a(lib_a-lseekr.o)
                0x0000000008008db0                _lseek_r
 .text.__ascii_mbtowc
                0x0000000008008dd4       0x24 f:/st/stm32cubeide_1.5.1/stm32cubeide/plugins/com.st.stm32cube.ide.mcu.externaltools.gnu-tools-for-stm32.9-2020-q2-update.win32_1.5.0.202011040924/tools/bin/../lib/gcc/arm-none-eabi/9.3.1/../../../../arm-none-eabi/lib/thumb/v7e-m+fp/hard\libc_nano.a(lib_a-mbtowc_r.o)
                0x0000000008008dd4                __ascii_mbtowc
 .text.__malloc_lock
                0x0000000008008df8        0xc f:/st/stm32cubeide_1.5.1/stm32cubeide/plugins/com.st.stm32cube.ide.mcu.externaltools.gnu-tools-for-stm32.9-2020-q2-update.win32_1.5.0.202011040924/tools/bin/../lib/gcc/arm-none-eabi/9.3.1/../../../../arm-none-eabi/lib/thumb/v7e-m+fp/hard\libc_nano.a(lib_a-mlock.o)
                0x0000000008008df8                __malloc_lock
 .text.__malloc_unlock
                0x0000000008008e04        0xc f:/st/stm32cubeide_1.5.1/stm32cubeide/plugins/com.st.stm32cube.ide.mcu.externaltools.gnu-tools-for-stm32.9-2020-q2-update.win32_1.5.0.202011040924/tools/bin/../lib/gcc/arm-none-eabi/9.3.1/../../../../arm-none-eabi/lib/thumb/v7e-m+fp/hard\libc_nano.a(lib_a-mlock.o)
                0x0000000008008e04                __malloc_unlock
 .text._read_r  0x0000000008008e10       0x24 f:/st/stm32cubeide_1.5.1/stm32cubeide/plugins/com.st.stm32cube.ide.mcu.externaltools.gnu-tools-for-stm32.9-2020-q2-update.win32_1.5.0.202011040924/tools/bin/../lib/gcc/arm-none-eabi/9.3.1/../../../../arm-none-eabi/lib/thumb/v7e-m+fp/hard\libc_nano.a(lib_a-readr.o)
                0x0000000008008e10                _read_r
 .text.__ascii_wctomb
                0x0000000008008e34       0x1a f:/st/stm32cubeide_1.5.1/stm32cubeide/plugins/com.st.stm32cube.ide.mcu.externaltools.gnu-tools-for-stm32.9-2020-q2-update.win32_1.5.0.202011040924/tools/bin/../lib/gcc/arm-none-eabi/9.3.1/../../../../arm-none-eabi/lib/thumb/v7e-m+fp/hard\libc_nano.a(lib_a-wctomb_r.o)
                0x0000000008008e34                __ascii_wctomb
 .text.abort    0x0000000008008e4e        0xe f:/st/stm32cubeide_1.5.1/stm32cubeide/plugins/com.st.stm32cube.ide.mcu.externaltools.gnu-tools-for-stm32.9-2020-q2-update.win32_1.5.0.202011040924/tools/bin/../lib/gcc/arm-none-eabi/9.3.1/../../../../arm-none-eabi/lib/thumb/v7e-m+fp/hard\libc_nano.a(lib_a-abort.o)
                0x0000000008008e4e                abort
 .text._raise_r
                0x0000000008008e5c       0x50 f:/st/stm32cubeide_1.5.1/stm32cubeide/plugins/com.st.stm32cube.ide.mcu.externaltools.gnu-tools-for-stm32.9-2020-q2-update.win32_1.5.0.202011040924/tools/bin/../lib/gcc/arm-none-eabi/9.3.1/../../../../arm-none-eabi/lib/thumb/v7e-m+fp/hard\libc_nano.a(lib_a-signal.o)
                0x0000000008008e5c                _raise_r
 .text.raise    0x0000000008008eac       0x10 f:/st/stm32cubeide_1.5.1/stm32cubeide/plugins/com.st.stm32cube.ide.mcu.externaltools.gnu-tools-for-stm32.9-2020-q2-update.win32_1.5.0.202011040924/tools/bin/../lib/gcc/arm-none-eabi/9.3.1/../../../../arm-none-eabi/lib/thumb/v7e-m+fp/hard\libc_nano.a(lib_a-signal.o)
                0x0000000008008eac                raise
 .text._kill_r  0x0000000008008ebc       0x24 f:/st/stm32cubeide_1.5.1/stm32cubeide/plugins/com.st.stm32cube.ide.mcu.externaltools.gnu-tools-for-stm32.9-2020-q2-update.win32_1.5.0.202011040924/tools/bin/../lib/gcc/arm-none-eabi/9.3.1/../../../../arm-none-eabi/lib/thumb/v7e-m+fp/hard\libc_nano.a(lib_a-signalr.o)
                0x0000000008008ebc                _kill_r
 .text._getpid_r
                0x0000000008008ee0        0x4 f:/st/stm32cubeide_1.5.1/stm32cubeide/plugins/com.st.stm32cube.ide.mcu.externaltools.gnu-tools-for-stm32.9-2020-q2-update.win32_1.5.0.202011040924/tools/bin/../lib/gcc/arm-none-eabi/9.3.1/../../../../arm-none-eabi/lib/thumb/v7e-m+fp/hard\libc_nano.a(lib_a-signalr.o)
                0x0000000008008ee0                _getpid_r
 *(.glue_7)
 .glue_7        0x0000000008008ee4        0x0 linker stubs
 *(.glue_7t)
 .glue_7t       0x0000000008008ee4        0x0 linker stubs
 *(.eh_frame)
 .eh_frame      0x0000000008008ee4        0x0 f:/st/stm32cubeide_1.5.1/stm32cubeide/plugins/com.st.stm32cube.ide.mcu.externaltools.gnu-tools-for-stm32.9-2020-q2-update.win32_1.5.0.202011040924/tools/bin/../lib/gcc/arm-none-eabi/9.3.1/thumb/v7e-m+fp/hard/crtbegin.o
 *(.init)
 .init          0x0000000008008ee4        0x4 f:/st/stm32cubeide_1.5.1/stm32cubeide/plugins/com.st.stm32cube.ide.mcu.externaltools.gnu-tools-for-stm32.9-2020-q2-update.win32_1.5.0.202011040924/tools/bin/../lib/gcc/arm-none-eabi/9.3.1/thumb/v7e-m+fp/hard/crti.o
                0x0000000008008ee4                _init
 .init          0x0000000008008ee8        0x8 f:/st/stm32cubeide_1.5.1/stm32cubeide/plugins/com.st.stm32cube.ide.mcu.externaltools.gnu-tools-for-stm32.9-2020-q2-update.win32_1.5.0.202011040924/tools/bin/../lib/gcc/arm-none-eabi/9.3.1/thumb/v7e-m+fp/hard/crtn.o
 *(.fini)
 .fini          0x0000000008008ef0        0x4 f:/st/stm32cubeide_1.5.1/stm32cubeide/plugins/com.st.stm32cube.ide.mcu.externaltools.gnu-tools-for-stm32.9-2020-q2-update.win32_1.5.0.202011040924/tools/bin/../lib/gcc/arm-none-eabi/9.3.1/thumb/v7e-m+fp/hard/crti.o
                0x0000000008008ef0                _fini
 .fini          0x0000000008008ef4        0x8 f:/st/stm32cubeide_1.5.1/stm32cubeide/plugins/com.st.stm32cube.ide.mcu.externaltools.gnu-tools-for-stm32.9-2020-q2-update.win32_1.5.0.202011040924/tools/bin/../lib/gcc/arm-none-eabi/9.3.1/thumb/v7e-m+fp/hard/crtn.o
                0x0000000008008efc                . = ALIGN (0x4)
                0x0000000008008efc                _etext = .

.vfp11_veneer   0x0000000008008efc        0x0
 .vfp11_veneer  0x0000000008008efc        0x0 linker stubs

.v4_bx          0x0000000008008efc        0x0
 .v4_bx         0x0000000008008efc        0x0 linker stubs

.iplt           0x0000000008008efc        0x0
 .iplt          0x0000000008008efc        0x0 f:/st/stm32cubeide_1.5.1/stm32cubeide/plugins/com.st.stm32cube.ide.mcu.externaltools.gnu-tools-for-stm32.9-2020-q2-update.win32_1.5.0.202011040924/tools/bin/../lib/gcc/arm-none-eabi/9.3.1/thumb/v7e-m+fp/hard/crtbegin.o

.rodata         0x0000000008008f00    0x13c4c
                0x0000000008008f00                . = ALIGN (0x4)
 *(.rodata)
 .rodata        0x0000000008008f00       0x37 Core/Src/main.o
 *(.rodata*)
 *fill*         0x0000000008008f37        0x1 
 .rodata.AHBPrescTable
                0x0000000008008f38       0x10 Core/Src/system_stm32l4xx.o
                0x0000000008008f38                AHBPrescTable
 .rodata.APBPrescTable
                0x0000000008008f48        0x8 Core/Src/system_stm32l4xx.o
                0x0000000008008f48                APBPrescTable
 .rodata.MSIRangeTable
                0x0000000008008f50       0x30 Core/Src/system_stm32l4xx.o
                0x0000000008008f50                MSIRangeTable
 .rodata.log10f.str1.1
                0x0000000008008f80        0x0 f:/st/stm32cubeide_1.5.1/stm32cubeide/plugins/com.st.stm32cube.ide.mcu.externaltools.gnu-tools-for-stm32.9-2020-q2-update.win32_1.5.0.202011040924/tools/bin/../lib/gcc/arm-none-eabi/9.3.1/../../../../arm-none-eabi/lib/thumb/v7e-m+fp/hard\libm.a(lib_a-wf_log10.o)
                                          0x1 (size before relaxing)
 .rodata.armBitRevIndexTable1024
                0x0000000008008f80      0xe10 F:/Users/roger.nicolas/workspace/stm32cubeide/NUCLEO-L476RG_DFSDM_PDM-Mic/Drivers/CMSIS/Lib/GCC\libarm_cortexM4lf_math.a(arm_common_tables.o)
                0x0000000008008f80                armBitRevIndexTable1024
 .rodata.armBitRevIndexTable128
                0x0000000008009d90      0x1a0 F:/Users/roger.nicolas/workspace/stm32cubeide/NUCLEO-L476RG_DFSDM_PDM-Mic/Drivers/CMSIS/Lib/GCC\libarm_cortexM4lf_math.a(arm_common_tables.o)
                0x0000000008009d90                armBitRevIndexTable128
 .rodata.armBitRevIndexTable16
                0x0000000008009f30       0x28 F:/Users/roger.nicolas/workspace/stm32cubeide/NUCLEO-L476RG_DFSDM_PDM-Mic/Drivers/CMSIS/Lib/GCC\libarm_cortexM4lf_math.a(arm_common_tables.o)
                0x0000000008009f30                armBitRevIndexTable16
 .rodata.armBitRevIndexTable2048
                0x0000000008009f58     0x1dc0 F:/Users/roger.nicolas/workspace/stm32cubeide/NUCLEO-L476RG_DFSDM_PDM-Mic/Drivers/CMSIS/Lib/GCC\libarm_cortexM4lf_math.a(arm_common_tables.o)
                0x0000000008009f58                armBitRevIndexTable2048
 .rodata.armBitRevIndexTable256
                0x000000000800bd18      0x370 F:/Users/roger.nicolas/workspace/stm32cubeide/NUCLEO-L476RG_DFSDM_PDM-Mic/Drivers/CMSIS/Lib/GCC\libarm_cortexM4lf_math.a(arm_common_tables.o)
                0x000000000800bd18                armBitRevIndexTable256
 .rodata.armBitRevIndexTable32
                0x000000000800c088       0x60 F:/Users/roger.nicolas/workspace/stm32cubeide/NUCLEO-L476RG_DFSDM_PDM-Mic/Drivers/CMSIS/Lib/GCC\libarm_cortexM4lf_math.a(arm_common_tables.o)
                0x000000000800c088                armBitRevIndexTable32
 .rodata.armBitRevIndexTable512
                0x000000000800c0e8      0x380 F:/Users/roger.nicolas/workspace/stm32cubeide/NUCLEO-L476RG_DFSDM_PDM-Mic/Drivers/CMSIS/Lib/GCC\libarm_cortexM4lf_math.a(arm_common_tables.o)
                0x000000000800c0e8                armBitRevIndexTable512
 .rodata.sinTable_f32
                0x000000000800c468      0x804 F:/Users/roger.nicolas/workspace/stm32cubeide/NUCLEO-L476RG_DFSDM_PDM-Mic/Drivers/CMSIS/Lib/GCC\libarm_cortexM4lf_math.a(arm_common_tables.o)
                0x000000000800c468                sinTable_f32
 .rodata.twiddleCoef_1024
                0x000000000800cc6c     0x2000 F:/Users/roger.nicolas/workspace/stm32cubeide/NUCLEO-L476RG_DFSDM_PDM-Mic/Drivers/CMSIS/Lib/GCC\libarm_cortexM4lf_math.a(arm_common_tables.o)
                0x000000000800cc6c                twiddleCoef_1024
 .rodata.twiddleCoef_128
                0x000000000800ec6c      0x400 F:/Users/roger.nicolas/workspace/stm32cubeide/NUCLEO-L476RG_DFSDM_PDM-Mic/Drivers/CMSIS/Lib/GCC\libarm_cortexM4lf_math.a(arm_common_tables.o)
                0x000000000800ec6c                twiddleCoef_128
 .rodata.twiddleCoef_16
                0x000000000800f06c       0x80 F:/Users/roger.nicolas/workspace/stm32cubeide/NUCLEO-L476RG_DFSDM_PDM-Mic/Drivers/CMSIS/Lib/GCC\libarm_cortexM4lf_math.a(arm_common_tables.o)
                0x000000000800f06c                twiddleCoef_16
 .rodata.twiddleCoef_2048
                0x000000000800f0ec     0x4000 F:/Users/roger.nicolas/workspace/stm32cubeide/NUCLEO-L476RG_DFSDM_PDM-Mic/Drivers/CMSIS/Lib/GCC\libarm_cortexM4lf_math.a(arm_common_tables.o)
                0x000000000800f0ec                twiddleCoef_2048
 .rodata.twiddleCoef_256
                0x00000000080130ec      0x800 F:/Users/roger.nicolas/workspace/stm32cubeide/NUCLEO-L476RG_DFSDM_PDM-Mic/Drivers/CMSIS/Lib/GCC\libarm_cortexM4lf_math.a(arm_common_tables.o)
                0x00000000080130ec                twiddleCoef_256
 .rodata.twiddleCoef_32
                0x00000000080138ec      0x100 F:/Users/roger.nicolas/workspace/stm32cubeide/NUCLEO-L476RG_DFSDM_PDM-Mic/Drivers/CMSIS/Lib/GCC\libarm_cortexM4lf_math.a(arm_common_tables.o)
                0x00000000080138ec                twiddleCoef_32
 .rodata.twiddleCoef_512
                0x00000000080139ec     0x1000 F:/Users/roger.nicolas/workspace/stm32cubeide/NUCLEO-L476RG_DFSDM_PDM-Mic/Drivers/CMSIS/Lib/GCC\libarm_cortexM4lf_math.a(arm_common_tables.o)
                0x00000000080139ec                twiddleCoef_512
 .rodata.twiddleCoef_rfft_1024
                0x00000000080149ec     0x1000 F:/Users/roger.nicolas/workspace/stm32cubeide/NUCLEO-L476RG_DFSDM_PDM-Mic/Drivers/CMSIS/Lib/GCC\libarm_cortexM4lf_math.a(arm_common_tables.o)
                0x00000000080149ec                twiddleCoef_rfft_1024
 .rodata.twiddleCoef_rfft_2048
                0x00000000080159ec     0x2000 F:/Users/roger.nicolas/workspace/stm32cubeide/NUCLEO-L476RG_DFSDM_PDM-Mic/Drivers/CMSIS/Lib/GCC\libarm_cortexM4lf_math.a(arm_common_tables.o)
                0x00000000080159ec                twiddleCoef_rfft_2048
 .rodata.twiddleCoef_rfft_256
                0x00000000080179ec      0x400 F:/Users/roger.nicolas/workspace/stm32cubeide/NUCLEO-L476RG_DFSDM_PDM-Mic/Drivers/CMSIS/Lib/GCC\libarm_cortexM4lf_math.a(arm_common_tables.o)
                0x00000000080179ec                twiddleCoef_rfft_256
 .rodata.twiddleCoef_rfft_32
                0x0000000008017dec       0x80 F:/Users/roger.nicolas/workspace/stm32cubeide/NUCLEO-L476RG_DFSDM_PDM-Mic/Drivers/CMSIS/Lib/GCC\libarm_cortexM4lf_math.a(arm_common_tables.o)
                0x0000000008017dec                twiddleCoef_rfft_32
 .rodata.twiddleCoef_rfft_4096
                0x0000000008017e6c     0x4000 F:/Users/roger.nicolas/workspace/stm32cubeide/NUCLEO-L476RG_DFSDM_PDM-Mic/Drivers/CMSIS/Lib/GCC\libarm_cortexM4lf_math.a(arm_common_tables.o)
                0x0000000008017e6c                twiddleCoef_rfft_4096
 .rodata.twiddleCoef_rfft_512
                0x000000000801be6c      0x800 F:/Users/roger.nicolas/workspace/stm32cubeide/NUCLEO-L476RG_DFSDM_PDM-Mic/Drivers/CMSIS/Lib/GCC\libarm_cortexM4lf_math.a(arm_common_tables.o)
                0x000000000801be6c                twiddleCoef_rfft_512
 .rodata.twiddleCoef_rfft_64
                0x000000000801c66c      0x100 F:/Users/roger.nicolas/workspace/stm32cubeide/NUCLEO-L476RG_DFSDM_PDM-Mic/Drivers/CMSIS/Lib/GCC\libarm_cortexM4lf_math.a(arm_common_tables.o)
                0x000000000801c66c                twiddleCoef_rfft_64
 .rodata._global_impure_ptr
                0x000000000801c76c        0x4 f:/st/stm32cubeide_1.5.1/stm32cubeide/plugins/com.st.stm32cube.ide.mcu.externaltools.gnu-tools-for-stm32.9-2020-q2-update.win32_1.5.0.202011040924/tools/bin/../lib/gcc/arm-none-eabi/9.3.1/../../../../arm-none-eabi/lib/thumb/v7e-m+fp/hard\libc_nano.a(lib_a-impure.o)
                0x000000000801c76c                _global_impure_ptr
 .rodata._printf_float.str1.1
                0x000000000801c770       0x12 f:/st/stm32cubeide_1.5.1/stm32cubeide/plugins/com.st.stm32cube.ide.mcu.externaltools.gnu-tools-for-stm32.9-2020-q2-update.win32_1.5.0.202011040924/tools/bin/../lib/gcc/arm-none-eabi/9.3.1/../../../../arm-none-eabi/lib/thumb/v7e-m+fp/hard\libc_nano.a(lib_a-nano-vfprintf_float.o)
 .rodata._printf_i.str1.1
                0x000000000801c782       0x22 f:/st/stm32cubeide_1.5.1/stm32cubeide/plugins/com.st.stm32cube.ide.mcu.externaltools.gnu-tools-for-stm32.9-2020-q2-update.win32_1.5.0.202011040924/tools/bin/../lib/gcc/arm-none-eabi/9.3.1/../../../../arm-none-eabi/lib/thumb/v7e-m+fp/hard\libc_nano.a(lib_a-nano-vfprintf_i.o)
 .rodata._dtoa_r.str1.1
                0x000000000801c7a4       0x94 f:/st/stm32cubeide_1.5.1/stm32cubeide/plugins/com.st.stm32cube.ide.mcu.externaltools.gnu-tools-for-stm32.9-2020-q2-update.win32_1.5.0.202011040924/tools/bin/../lib/gcc/arm-none-eabi/9.3.1/../../../../arm-none-eabi/lib/thumb/v7e-m+fp/hard\libc_nano.a(lib_a-dtoa.o)
                                         0x96 (size before relaxing)
 .rodata.__sf_fake_stderr
                0x000000000801c838       0x20 f:/st/stm32cubeide_1.5.1/stm32cubeide/plugins/com.st.stm32cube.ide.mcu.externaltools.gnu-tools-for-stm32.9-2020-q2-update.win32_1.5.0.202011040924/tools/bin/../lib/gcc/arm-none-eabi/9.3.1/../../../../arm-none-eabi/lib/thumb/v7e-m+fp/hard\libc_nano.a(lib_a-findfp.o)
                0x000000000801c838                __sf_fake_stderr
 .rodata.__sf_fake_stdin
                0x000000000801c858       0x20 f:/st/stm32cubeide_1.5.1/stm32cubeide/plugins/com.st.stm32cube.ide.mcu.externaltools.gnu-tools-for-stm32.9-2020-q2-update.win32_1.5.0.202011040924/tools/bin/../lib/gcc/arm-none-eabi/9.3.1/../../../../arm-none-eabi/lib/thumb/v7e-m+fp/hard\libc_nano.a(lib_a-findfp.o)
                0x000000000801c858                __sf_fake_stdin
 .rodata.__sf_fake_stdout
                0x000000000801c878       0x20 f:/st/stm32cubeide_1.5.1/stm32cubeide/plugins/com.st.stm32cube.ide.mcu.externaltools.gnu-tools-for-stm32.9-2020-q2-update.win32_1.5.0.202011040924/tools/bin/../lib/gcc/arm-none-eabi/9.3.1/../../../../arm-none-eabi/lib/thumb/v7e-m+fp/hard\libc_nano.a(lib_a-findfp.o)
                0x000000000801c878                __sf_fake_stdout
 .rodata._Balloc.str1.1
                0x000000000801c898       0x60 f:/st/stm32cubeide_1.5.1/stm32cubeide/plugins/com.st.stm32cube.ide.mcu.externaltools.gnu-tools-for-stm32.9-2020-q2-update.win32_1.5.0.202011040924/tools/bin/../lib/gcc/arm-none-eabi/9.3.1/../../../../arm-none-eabi/lib/thumb/v7e-m+fp/hard\libc_nano.a(lib_a-mprec.o)
                                         0x77 (size before relaxing)
 .rodata.__multadd.str1.1
                0x000000000801c8f8       0x11 f:/st/stm32cubeide_1.5.1/stm32cubeide/plugins/com.st.stm32cube.ide.mcu.externaltools.gnu-tools-for-stm32.9-2020-q2-update.win32_1.5.0.202011040924/tools/bin/../lib/gcc/arm-none-eabi/9.3.1/../../../../arm-none-eabi/lib/thumb/v7e-m+fp/hard\libc_nano.a(lib_a-mprec.o)
 .rodata.__mprec_bigtens
                0x000000000801c8f8       0x28 f:/st/stm32cubeide_1.5.1/stm32cubeide/plugins/com.st.stm32cube.ide.mcu.externaltools.gnu-tools-for-stm32.9-2020-q2-update.win32_1.5.0.202011040924/tools/bin/../lib/gcc/arm-none-eabi/9.3.1/../../../../arm-none-eabi/lib/thumb/v7e-m+fp/hard\libc_nano.a(lib_a-mprec.o)
                0x000000000801c8f8                __mprec_bigtens
 .rodata.__mprec_tens
                0x000000000801c920       0xc8 f:/st/stm32cubeide_1.5.1/stm32cubeide/plugins/com.st.stm32cube.ide.mcu.externaltools.gnu-tools-for-stm32.9-2020-q2-update.win32_1.5.0.202011040924/tools/bin/../lib/gcc/arm-none-eabi/9.3.1/../../../../arm-none-eabi/lib/thumb/v7e-m+fp/hard\libc_nano.a(lib_a-mprec.o)
                0x000000000801c920                __mprec_tens
 .rodata.p05.7513
                0x000000000801c9e8        0xc f:/st/stm32cubeide_1.5.1/stm32cubeide/plugins/com.st.stm32cube.ide.mcu.externaltools.gnu-tools-for-stm32.9-2020-q2-update.win32_1.5.0.202011040924/tools/bin/../lib/gcc/arm-none-eabi/9.3.1/../../../../arm-none-eabi/lib/thumb/v7e-m+fp/hard\libc_nano.a(lib_a-mprec.o)
 .rodata._vfprintf_r.str1.1
                0x000000000801c9f4       0x11 f:/st/stm32cubeide_1.5.1/stm32cubeide/plugins/com.st.stm32cube.ide.mcu.externaltools.gnu-tools-for-stm32.9-2020-q2-update.win32_1.5.0.202011040924/tools/bin/../lib/gcc/arm-none-eabi/9.3.1/../../../../arm-none-eabi/lib/thumb/v7e-m+fp/hard\libc_nano.a(lib_a-nano-vfprintf.o)
 .rodata.__assert_func.str1.1
                0x000000000801ca05       0x3c f:/st/stm32cubeide_1.5.1/stm32cubeide/plugins/com.st.stm32cube.ide.mcu.externaltools.gnu-tools-for-stm32.9-2020-q2-update.win32_1.5.0.202011040924/tools/bin/../lib/gcc/arm-none-eabi/9.3.1/../../../../arm-none-eabi/lib/thumb/v7e-m+fp/hard\libc_nano.a(lib_a-assert.o)
                                         0x3d (size before relaxing)
 .rodata._setlocale_r.str1.1
                0x000000000801ca41        0x8 f:/st/stm32cubeide_1.5.1/stm32cubeide/plugins/com.st.stm32cube.ide.mcu.externaltools.gnu-tools-for-stm32.9-2020-q2-update.win32_1.5.0.202011040924/tools/bin/../lib/gcc/arm-none-eabi/9.3.1/../../../../arm-none-eabi/lib/thumb/v7e-m+fp/hard\libc_nano.a(lib_a-locale.o)
                                          0x9 (size before relaxing)
 .rodata.str1.1
                0x000000000801ca49        0x2 f:/st/stm32cubeide_1.5.1/stm32cubeide/plugins/com.st.stm32cube.ide.mcu.externaltools.gnu-tools-for-stm32.9-2020-q2-update.win32_1.5.0.202011040924/tools/bin/../lib/gcc/arm-none-eabi/9.3.1/../../../../arm-none-eabi/lib/thumb/v7e-m+fp/hard\libc_nano.a(lib_a-locale.o)
 .rodata._ctype_
                0x000000000801ca4b      0x101 f:/st/stm32cubeide_1.5.1/stm32cubeide/plugins/com.st.stm32cube.ide.mcu.externaltools.gnu-tools-for-stm32.9-2020-q2-update.win32_1.5.0.202011040924/tools/bin/../lib/gcc/arm-none-eabi/9.3.1/../../../../arm-none-eabi/lib/thumb/v7e-m+fp/hard\libc_nano.a(lib_a-ctype_.o)
                0x000000000801ca4b                _ctype_
                0x000000000801cb4c                . = ALIGN (0x4)

.ARM.extab      0x000000000801cb4c        0x0
                0x000000000801cb4c                . = ALIGN (0x4)
 *(.ARM.extab* .gnu.linkonce.armextab.*)
                0x000000000801cb4c                . = ALIGN (0x4)

.ARM            0x000000000801cb4c        0x8
                0x000000000801cb4c                . = ALIGN (0x4)
                0x000000000801cb4c                __exidx_start = .
 *(.ARM.exidx*)
 .ARM.exidx     0x000000000801cb4c        0x8 f:/st/stm32cubeide_1.5.1/stm32cubeide/plugins/com.st.stm32cube.ide.mcu.externaltools.gnu-tools-for-stm32.9-2020-q2-update.win32_1.5.0.202011040924/tools/bin/../lib/gcc/arm-none-eabi/9.3.1/thumb/v7e-m+fp/hard\libgcc.a(_udivmoddi4.o)
                0x000000000801cb54                __exidx_end = .
                0x000000000801cb54                . = ALIGN (0x4)

.rel.dyn        0x000000000801cb54        0x0
 .rel.iplt      0x000000000801cb54        0x0 f:/st/stm32cubeide_1.5.1/stm32cubeide/plugins/com.st.stm32cube.ide.mcu.externaltools.gnu-tools-for-stm32.9-2020-q2-update.win32_1.5.0.202011040924/tools/bin/../lib/gcc/arm-none-eabi/9.3.1/thumb/v7e-m+fp/hard/crtbegin.o

.preinit_array  0x000000000801cb54        0x0
                0x000000000801cb54                . = ALIGN (0x4)
                0x000000000801cb54                PROVIDE (__preinit_array_start = .)
 *(.preinit_array*)
                0x000000000801cb54                PROVIDE (__preinit_array_end = .)
                0x000000000801cb54                . = ALIGN (0x4)

.init_array     0x000000000801cb54        0x4
                0x000000000801cb54                . = ALIGN (0x4)
                0x000000000801cb54                PROVIDE (__init_array_start = .)
 *(SORT_BY_NAME(.init_array.*))
 *(.init_array*)
 .init_array    0x000000000801cb54        0x4 f:/st/stm32cubeide_1.5.1/stm32cubeide/plugins/com.st.stm32cube.ide.mcu.externaltools.gnu-tools-for-stm32.9-2020-q2-update.win32_1.5.0.202011040924/tools/bin/../lib/gcc/arm-none-eabi/9.3.1/thumb/v7e-m+fp/hard/crtbegin.o
                0x000000000801cb58                PROVIDE (__init_array_end = .)
                0x000000000801cb58                . = ALIGN (0x4)

.fini_array     0x000000000801cb58        0x4
                0x000000000801cb58                . = ALIGN (0x4)
                [!provide]                        PROVIDE (__fini_array_start = .)
 *(SORT_BY_NAME(.fini_array.*))
 *(.fini_array*)
 .fini_array    0x000000000801cb58        0x4 f:/st/stm32cubeide_1.5.1/stm32cubeide/plugins/com.st.stm32cube.ide.mcu.externaltools.gnu-tools-for-stm32.9-2020-q2-update.win32_1.5.0.202011040924/tools/bin/../lib/gcc/arm-none-eabi/9.3.1/thumb/v7e-m+fp/hard/crtbegin.o
                [!provide]                        PROVIDE (__fini_array_end = .)
                0x000000000801cb5c                . = ALIGN (0x4)
                0x000000000801cb5c                _sidata = LOADADDR (.data)

.data           0x0000000020000000      0x1e0 load address 0x000000000801cb5c
                0x0000000020000000                . = ALIGN (0x4)
                0x0000000020000000                _sdata = .
 *(.data)
 *(.data*)
 .data.flag     0x0000000020000000        0x1 Core/Src/main.o
                0x0000000020000000                flag
 *fill*         0x0000000020000001        0x3 
 .data.SystemCoreClock
                0x0000000020000004        0x4 Core/Src/system_stm32l4xx.o
                0x0000000020000004                SystemCoreClock
 .data.uwTickPrio
                0x0000000020000008        0x4 Drivers/STM32L4xx_HAL_Driver/Src/stm32l4xx_hal.o
                0x0000000020000008                uwTickPrio
 .data.uwTickFreq
                0x000000002000000c        0x1 Drivers/STM32L4xx_HAL_Driver/Src/stm32l4xx_hal.o
                0x000000002000000c                uwTickFreq
 .data.__fdlib_version
                0x000000002000000d        0x1 f:/st/stm32cubeide_1.5.1/stm32cubeide/plugins/com.st.stm32cube.ide.mcu.externaltools.gnu-tools-for-stm32.9-2020-q2-update.win32_1.5.0.202011040924/tools/bin/../lib/gcc/arm-none-eabi/9.3.1/../../../../arm-none-eabi/lib/thumb/v7e-m+fp/hard\libm.a(lib_a-s_lib_ver.o)
                0x000000002000000d                __fdlib_version
 *fill*         0x000000002000000e        0x2 
 .data._impure_ptr
                0x0000000020000010        0x4 f:/st/stm32cubeide_1.5.1/stm32cubeide/plugins/com.st.stm32cube.ide.mcu.externaltools.gnu-tools-for-stm32.9-2020-q2-update.win32_1.5.0.202011040924/tools/bin/../lib/gcc/arm-none-eabi/9.3.1/../../../../arm-none-eabi/lib/thumb/v7e-m+fp/hard\libc_nano.a(lib_a-impure.o)
                0x0000000020000010                _impure_ptr
 .data.impure_data
                0x0000000020000014       0x60 f:/st/stm32cubeide_1.5.1/stm32cubeide/plugins/com.st.stm32cube.ide.mcu.externaltools.gnu-tools-for-stm32.9-2020-q2-update.win32_1.5.0.202011040924/tools/bin/../lib/gcc/arm-none-eabi/9.3.1/../../../../arm-none-eabi/lib/thumb/v7e-m+fp/hard\libc_nano.a(lib_a-impure.o)
 .data.__global_locale
                0x0000000020000074      0x16c f:/st/stm32cubeide_1.5.1/stm32cubeide/plugins/com.st.stm32cube.ide.mcu.externaltools.gnu-tools-for-stm32.9-2020-q2-update.win32_1.5.0.202011040924/tools/bin/../lib/gcc/arm-none-eabi/9.3.1/../../../../arm-none-eabi/lib/thumb/v7e-m+fp/hard\libc_nano.a(lib_a-locale.o)
                0x0000000020000074                __global_locale
 *(.RamFunc)
 *(.RamFunc*)
                0x00000000200001e0                . = ALIGN (0x4)
                0x00000000200001e0                _edata = .

.igot.plt       0x00000000200001e0        0x0 load address 0x000000000801cd3c
 .igot.plt      0x00000000200001e0        0x0 f:/st/stm32cubeide_1.5.1/stm32cubeide/plugins/com.st.stm32cube.ide.mcu.externaltools.gnu-tools-for-stm32.9-2020-q2-update.win32_1.5.0.202011040924/tools/bin/../lib/gcc/arm-none-eabi/9.3.1/thumb/v7e-m+fp/hard/crtbegin.o
                0x00000000200001e0                . = ALIGN (0x4)

.bss            0x00000000200001e0     0xf1dc load address 0x000000000801cd3c
                0x00000000200001e0                _sbss = .
                0x00000000200001e0                __bss_start__ = _sbss
 *(.bss)
 .bss           0x00000000200001e0       0x1c f:/st/stm32cubeide_1.5.1/stm32cubeide/plugins/com.st.stm32cube.ide.mcu.externaltools.gnu-tools-for-stm32.9-2020-q2-update.win32_1.5.0.202011040924/tools/bin/../lib/gcc/arm-none-eabi/9.3.1/thumb/v7e-m+fp/hard/crtbegin.o
 *(.bss*)
 .bss.HAL_RCC_DFSDM1_CLK_ENABLED
                0x00000000200001fc        0x4 Core/Src/dfsdm.o
 .bss.DFSDM1_Init
                0x0000000020000200        0x4 Core/Src/dfsdm.o
 .bss.Buff      0x0000000020000204     0x4000 Core/Src/main.o
                0x0000000020000204                Buff
 .bss.FFT_inp_int32
                0x0000000020004204     0x2000 Core/Src/main.o
                0x0000000020004204                FFT_inp_int32
 .bss.FFT_inp   0x0000000020006204     0x2000 Core/Src/main.o
                0x0000000020006204                FFT_inp
 .bss.FFT_oup   0x0000000020008204     0x2000 Core/Src/main.o
                0x0000000020008204                FFT_oup
 .bss.FFT_mag   0x000000002000a204     0x1000 Core/Src/main.o
                0x000000002000a204                FFT_mag
 .bss.FFT_dB    0x000000002000b204     0x1000 Core/Src/main.o
                0x000000002000b204                FFT_dB
 .bss.FFT_frq   0x000000002000c204     0x1000 Core/Src/main.o
                0x000000002000c204                FFT_frq
 .bss.FFT_window
                0x000000002000d204     0x2000 Core/Src/main.o
                0x000000002000d204                FFT_window
 .bss.__sbrk_heap_end
                0x000000002000f204        0x4 Core/Src/sysmem.o
 .bss.v_dfsdm1ChannelCounter
                0x000000002000f208        0x4 Drivers/STM32L4xx_HAL_Driver/Src/stm32l4xx_hal_dfsdm.o
 .bss.a_dfsdm1ChannelHandle
                0x000000002000f20c       0x20 Drivers/STM32L4xx_HAL_Driver/Src/stm32l4xx_hal_dfsdm.o
 .bss.__malloc_free_list
                0x000000002000f22c        0x4 f:/st/stm32cubeide_1.5.1/stm32cubeide/plugins/com.st.stm32cube.ide.mcu.externaltools.gnu-tools-for-stm32.9-2020-q2-update.win32_1.5.0.202011040924/tools/bin/../lib/gcc/arm-none-eabi/9.3.1/../../../../arm-none-eabi/lib/thumb/v7e-m+fp/hard\libc_nano.a(lib_a-nano-mallocr.o)
                0x000000002000f22c                __malloc_free_list
 .bss.__malloc_sbrk_start